******************************************************************************
                  TI ARM Linker Unix v16.9.6                   
******************************************************************************
>> Linked Sun Feb 25 23:12:30 2018

OUTPUT FILE NAME:   <ECE397.out>
ENTRY POINT SYMBOL: "_c_int00"  address: 00002fdd


MEMORY CONFIGURATION

         name            origin    length      used     unused   attr    fill
----------------------  --------  ---------  --------  --------  ----  --------
  FLASH                 00000000   00040000  0000383e  0003c7c2  R  X
  SRAM                  20000000   00008000  00000c38  000073c8  RW X


SEGMENT ALLOCATION MAP

run origin  load origin   length   init length attrs members
----------  ----------- ---------- ----------- ----- -------
00000000    00000000    00003844   00003844    r-x
  00000000    00000000    0000026c   0000026c    r-- .intvecs
  0000026c    0000026c    0000336e   0000336e    r-x .text
  000035dc    000035dc    00000230   00000230    r-- .const
  00003810    00003810    00000034   00000034    r-- .cinit
20000000    20000000    00000c38   00000000    rw-
  20000000    20000000    00000800   00000000    rw- .stack
  20000800    20000800    00000400   00000000    rw- .sysmem
  20000c00    20000c00    00000038   00000000    rw- .data


SECTION ALLOCATION MAP

 output                                  attributes/
section   page    origin      length       input sections
--------  ----  ----------  ----------   ----------------
.intvecs   0    00000000    0000026c     
                  00000000    0000026c     tm4c123gh6pm_startup_ccs.obj (.intvecs)

.text      0    0000026c    0000336e     
                  0000026c    0000113e     rtsv7M4_T_le_v4SPD16_eabi.lib : _printfi.obj (.text)
                  000013aa    00000002                                   : i_div0.obj (.text)
                  000013ac    00000744     lcd.obj (.text)
                  00001af0    000003d0     rtsv7M4_T_le_v4SPD16_eabi.lib : memory.obj (.text)
                  00001ec0    000001f4                                   : ull_div_t2.obj (.text)
                  000020b4    000001b6                                   : fd_add_t2.obj (.text)
                  0000226a    00000002                                   : mpu_init.obj (.text)
                  0000226c    00000174     servo.obj (.text)
                  000023e0    00000164     transmitter.obj (.text)
                  00002544    00000136     rtsv7M4_T_le_v4SPD16_eabi.lib : fd_div_t2.obj (.text)
                  0000267a    00000132     driverlib.lib : gpio.obj (.text:GPIOPadConfigSet)
                  000027ac    00000110                   : sysctl.obj (.text:SysCtlClockGet)
                  000028bc    000000fc     rtsv7M4_T_le_v4SPD16_eabi.lib : fd_mul_t2.obj (.text)
                  000029b8    000000fc                                   : s_scalbn.obj (.text)
                  00002ab4    000000f4     driverlib.lib : sysctl.obj (.text:SysCtlClockSet)
                  00002ba8    0000009c     rtsv7M4_T_le_v4SPD16_eabi.lib : memcpy_t2.obj (.text)
                  00002c44    00000086                                   : fd_cmp_t2.obj (.text:__aeabi_cdcmple)
                  00002cca    00000086                                   : fd_cmp_t2.obj (.text:__aeabi_cdrcmple)
                  00002d50    0000007a                                   : memset_t2.obj (.text)
                  00002dca    00000002                                   : startup.obj (.text)
                  00002dcc    00000074     main.obj (.text)
                  00002e40    00000070     rtsv7M4_T_le_v4SPD16_eabi.lib : autoinit.obj (.text)
                  00002eb0    00000068                                   : copy_decompress_lzss.obj (.text:decompress:lzss)
                  00002f18    00000064                                   : s_frexp.obj (.text)
                  00002f7c    00000060                                   : sprintf.obj (.text)
                  00002fdc    00000054                                   : boot.obj (.text)
                  00003030    00000054                                   : exit.obj (.text)
                  00003084    00000054                                   : ltoa.obj (.text)
                  000030d8    0000004c     driverlib.lib : i2c.obj (.text:I2CMasterInitExpClk)
                  00003124    0000004c     rtsv7M4_T_le_v4SPD16_eabi.lib : atoi.obj (.text)
                  00003170    0000004c                                   : cpy_tbl.obj (.text)
                  000031bc    00000048     driverlib.lib : gpio.obj (.text:GPIOPinConfigure)
                  00003204    00000048     rtsv7M4_T_le_v4SPD16_eabi.lib : fd_toi_t2.obj (.text)
                  0000324c    00000046     driverlib.lib : uart.obj (.text:UARTConfigSetExpClk)
                  00003292    00000040     rtsv7M4_T_le_v4SPD16_eabi.lib : u_divt2.obj (.text)
                  000032d2    00000002     --HOLE-- [fill = 0]
                  000032d4    00000038     driverlib.lib : sysctl.obj (.text:SysCtlPeripheralPresent)
                  0000330c    00000038     rtsv7M4_T_le_v4SPD16_eabi.lib : fs_tod_t2.obj (.text)
                  00003344    00000038     utilFunc.obj (.text)
                  0000337c    00000034     driverlib.lib : sysctl.obj (.text:SysCtlPeripheralEnable)
                  000033b0    0000002e     rtsv7M4_T_le_v4SPD16_eabi.lib : i_tofd_t2.obj (.text)
                  000033de    0000002a     driverlib.lib : gpio.obj (.text:GPIODirModeSet)
                  00003408    00000022                   : pwm.obj (.text:PWMGenConfigure)
                  0000342a    00000002     --HOLE-- [fill = 0]
                  0000342c    00000020                   : uart.obj (.text:UARTDisable)
                  0000344c    0000001e                   : pwm.obj (.text:PWMPulseWidthSet)
                  0000346a    0000001c     rtsv7M4_T_le_v4SPD16_eabi.lib : memccpy.obj (.text)
                  00003486    00000002     --HOLE-- [fill = 0]
                  00003488    00000018                                   : args_main.obj (.text)
                  000034a0    00000016                                   : strchr.obj (.text)
                  000034b6    00000002     --HOLE-- [fill = 0]
                  000034b8    00000014     driverlib.lib : sysctl.obj (.text:SysCtlPWMClockSet)
                  000034cc    00000014                   : uart.obj (.text:UARTEnable)
                  000034e0    00000014     rtsv7M4_T_le_v4SPD16_eabi.lib : _lock.obj (.text)
                  000034f4    00000014                                   : s_copysign.obj (.text)
                  00003508    00000014                                   : strlen.obj (.text)
                  0000351c    00000012     driverlib.lib : gpio.obj (.text:GPIOPinTypeI2C)
                  0000352e    00000012                   : gpio.obj (.text:GPIOPinTypeI2CSCL)
                  00003540    00000012                   : gpio.obj (.text:GPIOPinTypePWM)
                  00003552    00000012                   : pwm.obj (.text:PWMOutputState)
                  00003564    00000010                   : pwm.obj (.text:PWMGenPeriodSet)
                  00003574    0000000e     rtsv7M4_T_le_v4SPD16_eabi.lib : copy_decompress_none.obj (.text:decompress:none)
                  00003582    0000000c     driverlib.lib : pwm.obj (.text:PWMGenEnable)
                  0000358e    0000000c     tm4c123gh6pm_startup_ccs.obj (.text)
                  0000359a    0000000a     driverlib.lib : i2c.obj (.text:I2CMasterEnable)
                  000035a4    0000000a                   : uart.obj (.text:UARTCharGet)
                  000035ae    0000000a                   : uart.obj (.text:UARTCharPut)
                  000035b8    00000008                   : i2c.obj (.text:I2CMasterBusy)
                  000035c0    00000008                   : i2c.obj (.text:I2CMasterSlaveAddrSet)
                  000035c8    00000006                   : sysctl.obj (.text:SysCtlDelay)
                  000035ce    00000004                   : i2c.obj (.text:I2CMasterControl)
                  000035d2    00000004                   : i2c.obj (.text:I2CMasterDataPut)
                  000035d6    00000004     rtsv7M4_T_le_v4SPD16_eabi.lib : pre_init.obj (.text)

.const     0    000035dc    00000230     
                  000035dc    00000101     rtsv7M4_T_le_v4SPD16_eabi.lib : ctype.obj (.const:.string:_ctypes_)
                  000036dd    00000003     main.obj (.const:.string:$P$T0$1)
                  000036e0    00000090     driverlib.lib : gpio.obj (.const:g_pui32GPIOBaseAddrs)
                  00003770    0000006c                   : sysctl.obj (.const:g_pui32Xtals)
                  000037dc    00000012     lcd.obj (.const:.string)
                  000037ee    00000002     --HOLE-- [fill = 0]
                  000037f0    0000000c     lcd.obj (.const:g_ui32UARTBase)
                  000037fc    0000000c     lcd.obj (.const:g_ui32UARTPeriph)
                  00003808    00000004     lcd.obj (.const)

.cinit     0    00003810    00000034     
                  00003810    00000021     (.cinit..data.load) [load image, compression = lzss]
                  00003831    00000003     --HOLE-- [fill = 0]
                  00003834    00000008     (__TI_handler_table)
                  0000383c    00000008     (__TI_cinit_table)

.init_array 
*          0    00000000    00000000     UNINITIALIZED

.stack     0    20000000    00000800     UNINITIALIZED
                  20000000    00000800     --HOLE--

.data      0    20000c00    00000038     UNINITIALIZED
                  20000c00    0000000d     lcd.obj (.data)
                  20000c0d    00000003     --HOLE--
                  20000c10    0000000c     rtsv7M4_T_le_v4SPD16_eabi.lib : exit.obj (.data:$O1$$)
                  20000c1c    0000000c                                   : memory.obj (.data:$O1$$)
                  20000c28    00000008                                   : _lock.obj (.data:$O1$$)
                  20000c30    00000004                                   : errno.obj (.data)
                  20000c34    00000004                                   : stkdepth_vars.obj (.data)

.sysmem    0    20000800    00000400     UNINITIALIZED
                  20000800    00000008     rtsv7M4_T_le_v4SPD16_eabi.lib : memory.obj (.sysmem)
                  20000808    000003f8     --HOLE--

MODULE SUMMARY

       Module                         code    ro data   rw data
       ------                         ----    -------   -------
    ./
       tm4c123gh6pm_startup_ccs.obj   12      620       0      
    +--+------------------------------+-------+---------+---------+
       Total:                         12      620       0      
                                                               
    ./LCD/
       lcd.obj                        1860    46        13     
    +--+------------------------------+-------+---------+---------+
       Total:                         1860    46        13     
                                                               
    ./Servo/
       servo.obj                      372     0         0      
       utilFunc.obj                   56      0         0      
    +--+------------------------------+-------+---------+---------+
       Total:                         428     0         0      
                                                               
    ./Transmitter/
       transmitter.obj                356     0         0      
       main.obj                       116     3         0      
    +--+------------------------------+-------+---------+---------+
       Total:                         472     3         0      
                                                               
    /home/chel/ti/TivaWare_C_Series-2.1.4.178/driverlib/ccs/Debug/driverlib.lib
       sysctl.obj                     650     108       0      
       gpio.obj                       474     144       0      
       uart.obj                       142     0         0      
       i2c.obj                        110     0         0      
       pwm.obj                        110     0         0      
    +--+------------------------------+-------+---------+---------+
       Total:                         1486    252       0      
                                                               
    /home/chel/ti/ccsv7/tools/compiler/ti-cgt-arm_16.9.6.LTS/lib/rtsv7M4_T_le_v4SPD16_eabi.lib
       _printfi.obj                   4414    0         0      
       memory.obj                     976     0         12     
       ull_div_t2.obj                 500     0         0      
       fd_add_t2.obj                  438     0         0      
       fd_div_t2.obj                  310     0         0      
       fd_cmp_t2.obj                  268     0         0      
       ctype.obj                      0       257       0      
       fd_mul_t2.obj                  252     0         0      
       s_scalbn.obj                   252     0         0      
       memcpy_t2.obj                  156     0         0      
       memset_t2.obj                  122     0         0      
       autoinit.obj                   112     0         0      
       copy_decompress_lzss.obj       104     0         0      
       s_frexp.obj                    100     0         0      
       exit.obj                       84      0         12     
       sprintf.obj                    96      0         0      
       boot.obj                       84      0         0      
       ltoa.obj                       84      0         0      
       atoi.obj                       76      0         0      
       cpy_tbl.obj                    76      0         0      
       fd_toi_t2.obj                  72      0         0      
       u_divt2.obj                    64      0         0      
       fs_tod_t2.obj                  56      0         0      
       i_tofd_t2.obj                  46      0         0      
       _lock.obj                      20      0         8      
       memccpy.obj                    28      0         0      
       args_main.obj                  24      0         0      
       strchr.obj                     22      0         0      
       s_copysign.obj                 20      0         0      
       strlen.obj                     20      0         0      
       copy_decompress_none.obj       14      0         0      
       errno.obj                      0       0         4      
       pre_init.obj                   4       0         0      
       stkdepth_vars.obj              0       0         4      
       i_div0.obj                     2       0         0      
       mpu_init.obj                   2       0         0      
       startup.obj                    2       0         0      
    +--+------------------------------+-------+---------+---------+
       Total:                         8900    257       40     
                                                               
       Heap:                          0       0         1024   
       Stack:                         0       0         2048   
       Linker Generated:              0       49        0      
    +--+------------------------------+-------+---------+---------+
       Grand Total:                   13158   1227      3125   


LINKER GENERATED COPY TABLES

__TI_cinit_table @ 0000383c records: 1, size/record: 8, table size: 8
	.data: load addr=00003810, load size=00000021 bytes, run addr=20000c00, run size=00000038 bytes, compression=lzss


LINKER GENERATED HANDLER TABLE

__TI_handler_table @ 00003834 records: 2, size/record: 4, table size: 8
	index: 0, handler: __TI_decompress_lzss
	index: 1, handler: __TI_decompress_none


GLOBAL SYMBOLS: SORTED ALPHABETICALLY BY Name 

address   name                           
-------   ----                           
20000c08  BLEN                           
00003031  C$$EXIT                        
000033df  GPIODirModeSet                 
0000267b  GPIOPadConfigSet               
000031bd  GPIOPinConfigure               
0000351d  GPIOPinTypeI2C                 
0000352f  GPIOPinTypeI2CSCL              
00003541  GPIOPinTypePWM                 
000035b9  I2CMasterBusy                  
000035cf  I2CMasterControl               
000035d3  I2CMasterDataPut               
0000359b  I2CMasterEnable                
000030d9  I2CMasterInitExpClk            
000035c1  I2CMasterSlaveAddrSet          
00003409  PWMGenConfigure                
00003583  PWMGenEnable                   
00003565  PWMGenPeriodSet                
00003553  PWMOutputState                 
0000344d  PWMPulseWidthSet               
0000358f  ResetISR                       
UNDEFED   SHT$$INIT_ARRAY$$Base          
UNDEFED   SHT$$INIT_ARRAY$$Limit         
000027ad  SysCtlClockGet                 
00002ab5  SysCtlClockSet                 
000035c9  SysCtlDelay                    
000034b9  SysCtlPWMClockSet              
0000337d  SysCtlPeripheralEnable         
000032d5  SysCtlPeripheralPresent        
000035a5  UARTCharGet                    
000035af  UARTCharPut                    
0000324d  UARTConfigSetExpClk            
0000342d  UARTDisable                    
000034cd  UARTEnable                     
000013ad  UARTStdioConfig                
000014f3  UARTgetc                       
00001439  UARTgets                       
00001813  UARTprintf                     
00001519  UARTvprintf                    
000013f3  UARTwrite                      
20000800  __STACK_END                    
00000800  __STACK_SIZE                   
20000200  __STACK_TOP                    
00000400  __SYSMEM_SIZE                  
0000383c  __TI_CINIT_Base                
00003844  __TI_CINIT_Limit               
00003834  __TI_Handler_Table_Base        
0000383c  __TI_Handler_Table_Limit       
00002e41  __TI_auto_init                 
20000c10  __TI_cleanup_ptr               
00002eb1  __TI_decompress_lzss           
00003575  __TI_decompress_none           
20000c14  __TI_dtors_ptr                 
20000c18  __TI_enable_exit_profile_output
ffffffff  __TI_pprof_out_hndl            
00000ab1  __TI_printfi                   
ffffffff  __TI_prof_data_size            
ffffffff  __TI_prof_data_start           
00000000  __TI_static_base__             
00002c45  __aeabi_cdcmpeq                
00002c45  __aeabi_cdcmple                
00002ccb  __aeabi_cdrcmple               
00003205  __aeabi_d2iz                   
000020bf  __aeabi_dadd                   
00002545  __aeabi_ddiv                   
000028bd  __aeabi_dmul                   
000020b5  __aeabi_dsub                   
0000330d  __aeabi_f2d                    
000033b1  __aeabi_i2d                    
000013ab  __aeabi_idiv0                  
00002d51  __aeabi_memclr                 
00002d51  __aeabi_memclr4                
00002d51  __aeabi_memclr8                
00002ba9  __aeabi_memcpy                 
00002ba9  __aeabi_memcpy4                
00002ba9  __aeabi_memcpy8                
00002d53  __aeabi_memset                 
00002d53  __aeabi_memset4                
00002d53  __aeabi_memset8                
00003293  __aeabi_uidiv                  
00003293  __aeabi_uidivmod               
00001ec1  __aeabi_uldivmod               
ffffffff  __binit__                      
ffffffff  __c_args__                     
0000226b  __mpu_init                     
20000000  __stack                        
00003489  _args_main                     
00002fdd  _c_int00                       
000035dc  _ctypes_                       
20000c28  _lock                          
000034ef  _nop                           
000034e7  _register_lock                 
000034e1  _register_unlock               
20000800  _sys_memory                    
00002dcb  _system_post_cinit             
000035d7  _system_pre_init               
20000c2c  _unlock                        
00003035  abort                          
20000c04  address                        
00003125  atoi                           
ffffffff  binit                          
00001e91  calloc                         
000019ff  clear                          
00003171  copy_in                        
000034f5  copysign                       
000034f5  copysignl                      
00003345  delay_ms                       
0000335f  delay_us                       
20000c30  errno                          
0000303d  exit                           
00001a09  floatToString                  
00001bdb  free                           
00002f19  frexp                          
00002f19  frexpl                         
00000000  g_pfnVectors                   
00001853  initI2C                        
000019bb  initLCD                        
00002289  initServo                      
0000241d  initTransmitter                
00001837  l_delay_ms                     
000029b9  ldexp                          
000029b9  ldexpl                         
00003085  ltoa                           
00002dcd  main                           
20000c34  main_func_sp                   
00001b71  malloc                         
00001da5  memalign                       
0000346b  memccpy                        
00002ba9  memcpy                         
00002d59  memset                         
00001af1  minit                          
00001c9b  realloc                        
000022db  rotateServo                    
0000226d  s_delay_ms                     
000029b9  scalbn                         
000029b9  scalbnl                        
000024cd  sendBinary                     
0000246f  sendBit                        
00001903  sendCommand                    
0000195f  sendData                       
0000189d  sendI2C                        
000023fd  setPeriod                      
0000240d  setPulseWidth                  
00002f7d  sprintf                        
000034a1  strchr                         
00003509  strlen                         
000023e1  t_delay_ms                     
00001a39  write                          
00001aaf  writeAngle                     
000018d1  writeWord                      


GLOBAL SYMBOLS: SORTED BY Symbol Address 

address   name                           
-------   ----                           
00000000  __TI_static_base__             
00000000  g_pfnVectors                   
00000400  __SYSMEM_SIZE                  
00000800  __STACK_SIZE                   
00000ab1  __TI_printfi                   
000013ab  __aeabi_idiv0                  
000013ad  UARTStdioConfig                
000013f3  UARTwrite                      
00001439  UARTgets                       
000014f3  UARTgetc                       
00001519  UARTvprintf                    
00001813  UARTprintf                     
00001837  l_delay_ms                     
00001853  initI2C                        
0000189d  sendI2C                        
000018d1  writeWord                      
00001903  sendCommand                    
0000195f  sendData                       
000019bb  initLCD                        
000019ff  clear                          
00001a09  floatToString                  
00001a39  write                          
00001aaf  writeAngle                     
00001af1  minit                          
00001b71  malloc                         
00001bdb  free                           
00001c9b  realloc                        
00001da5  memalign                       
00001e91  calloc                         
00001ec1  __aeabi_uldivmod               
000020b5  __aeabi_dsub                   
000020bf  __aeabi_dadd                   
0000226b  __mpu_init                     
0000226d  s_delay_ms                     
00002289  initServo                      
000022db  rotateServo                    
000023e1  t_delay_ms                     
000023fd  setPeriod                      
0000240d  setPulseWidth                  
0000241d  initTransmitter                
0000246f  sendBit                        
000024cd  sendBinary                     
00002545  __aeabi_ddiv                   
0000267b  GPIOPadConfigSet               
000027ad  SysCtlClockGet                 
000028bd  __aeabi_dmul                   
000029b9  ldexp                          
000029b9  ldexpl                         
000029b9  scalbn                         
000029b9  scalbnl                        
00002ab5  SysCtlClockSet                 
00002ba9  __aeabi_memcpy                 
00002ba9  __aeabi_memcpy4                
00002ba9  __aeabi_memcpy8                
00002ba9  memcpy                         
00002c45  __aeabi_cdcmpeq                
00002c45  __aeabi_cdcmple                
00002ccb  __aeabi_cdrcmple               
00002d51  __aeabi_memclr                 
00002d51  __aeabi_memclr4                
00002d51  __aeabi_memclr8                
00002d53  __aeabi_memset                 
00002d53  __aeabi_memset4                
00002d53  __aeabi_memset8                
00002d59  memset                         
00002dcb  _system_post_cinit             
00002dcd  main                           
00002e41  __TI_auto_init                 
00002eb1  __TI_decompress_lzss           
00002f19  frexp                          
00002f19  frexpl                         
00002f7d  sprintf                        
00002fdd  _c_int00                       
00003031  C$$EXIT                        
00003035  abort                          
0000303d  exit                           
00003085  ltoa                           
000030d9  I2CMasterInitExpClk            
00003125  atoi                           
00003171  copy_in                        
000031bd  GPIOPinConfigure               
00003205  __aeabi_d2iz                   
0000324d  UARTConfigSetExpClk            
00003293  __aeabi_uidiv                  
00003293  __aeabi_uidivmod               
000032d5  SysCtlPeripheralPresent        
0000330d  __aeabi_f2d                    
00003345  delay_ms                       
0000335f  delay_us                       
0000337d  SysCtlPeripheralEnable         
000033b1  __aeabi_i2d                    
000033df  GPIODirModeSet                 
00003409  PWMGenConfigure                
0000342d  UARTDisable                    
0000344d  PWMPulseWidthSet               
0000346b  memccpy                        
00003489  _args_main                     
000034a1  strchr                         
000034b9  SysCtlPWMClockSet              
000034cd  UARTEnable                     
000034e1  _register_unlock               
000034e7  _register_lock                 
000034ef  _nop                           
000034f5  copysign                       
000034f5  copysignl                      
00003509  strlen                         
0000351d  GPIOPinTypeI2C                 
0000352f  GPIOPinTypeI2CSCL              
00003541  GPIOPinTypePWM                 
00003553  PWMOutputState                 
00003565  PWMGenPeriodSet                
00003575  __TI_decompress_none           
00003583  PWMGenEnable                   
0000358f  ResetISR                       
0000359b  I2CMasterEnable                
000035a5  UARTCharGet                    
000035af  UARTCharPut                    
000035b9  I2CMasterBusy                  
000035c1  I2CMasterSlaveAddrSet          
000035c9  SysCtlDelay                    
000035cf  I2CMasterControl               
000035d3  I2CMasterDataPut               
000035d7  _system_pre_init               
000035dc  _ctypes_                       
00003834  __TI_Handler_Table_Base        
0000383c  __TI_CINIT_Base                
0000383c  __TI_Handler_Table_Limit       
00003844  __TI_CINIT_Limit               
20000000  __stack                        
20000200  __STACK_TOP                    
20000800  __STACK_END                    
20000800  _sys_memory                    
20000c04  address                        
20000c08  BLEN                           
20000c10  __TI_cleanup_ptr               
20000c14  __TI_dtors_ptr                 
20000c18  __TI_enable_exit_profile_output
20000c28  _lock                          
20000c2c  _unlock                        
20000c30  errno                          
20000c34  main_func_sp                   
ffffffff  __TI_pprof_out_hndl            
ffffffff  __TI_prof_data_size            
ffffffff  __TI_prof_data_start           
ffffffff  __binit__                      
ffffffff  __c_args__                     
ffffffff  binit                          
UNDEFED   SHT$$INIT_ARRAY$$Base          
UNDEFED   SHT$$INIT_ARRAY$$Limit         

[149 symbols]
