<?xml version="1.0"?>
<link_info>
   <banner>TI ARM Linker Unix v16.9.6.LTS</banner>
   <copyright>Copyright (c) 1996-2017 Texas Instruments Incorporated</copyright>
   <link_time>0x5a93973e</link_time>
   <link_errors>0x0</link_errors>
   <output_file>ECE397.out</output_file>
   <entry_point>
      <name>_c_int00</name>
      <address>0x2fdd</address>
   </entry_point>
   <input_file_list>
      <input_file id="fl-2">
         <path>./</path>
         <kind>object</kind>
         <file>tm4c123gh6pm_startup_ccs.obj</file>
         <name>tm4c123gh6pm_startup_ccs.obj</name>
      </input_file>
      <input_file id="fl-3">
         <path>./LCD/</path>
         <kind>object</kind>
         <file>lcd.obj</file>
         <name>lcd.obj</name>
      </input_file>
      <input_file id="fl-4">
         <path>./Servo/</path>
         <kind>object</kind>
         <file>servo.obj</file>
         <name>servo.obj</name>
      </input_file>
      <input_file id="fl-5">
         <path>./Servo/</path>
         <kind>object</kind>
         <file>utilFunc.obj</file>
         <name>utilFunc.obj</name>
      </input_file>
      <input_file id="fl-6">
         <path>./Transmitter/</path>
         <kind>object</kind>
         <file>main.obj</file>
         <name>main.obj</name>
      </input_file>
      <input_file id="fl-7">
         <path>./Transmitter/</path>
         <kind>object</kind>
         <file>transmitter.obj</file>
         <name>transmitter.obj</name>
      </input_file>
      <input_file id="fl-d">
         <kind>object</kind>
         <file>&lt;internal&gt;</file>
         <name>&lt;internal&gt;</name>
      </input_file>
      <input_file id="fl-c3">
         <path>/home/chel/ti/ccsv7/tools/compiler/ti-cgt-arm_16.9.6.LTS/lib/</path>
         <kind>archive</kind>
         <file>rtsv7M4_T_le_v4SPD16_eabi.lib</file>
         <name>boot.obj</name>
      </input_file>
      <input_file id="fl-c4">
         <path>/home/chel/ti/ccsv7/tools/compiler/ti-cgt-arm_16.9.6.LTS/lib/</path>
         <kind>archive</kind>
         <file>rtsv7M4_T_le_v4SPD16_eabi.lib</file>
         <name>copy_decompress_lzss.obj</name>
      </input_file>
      <input_file id="fl-c5">
         <path>/home/chel/ti/ccsv7/tools/compiler/ti-cgt-arm_16.9.6.LTS/lib/</path>
         <kind>archive</kind>
         <file>rtsv7M4_T_le_v4SPD16_eabi.lib</file>
         <name>copy_decompress_none.obj</name>
      </input_file>
      <input_file id="fl-c6">
         <path>/home/chel/ti/ccsv7/tools/compiler/ti-cgt-arm_16.9.6.LTS/lib/</path>
         <kind>archive</kind>
         <file>rtsv7M4_T_le_v4SPD16_eabi.lib</file>
         <name>copy_zero_init.obj</name>
      </input_file>
      <input_file id="fl-c7">
         <path>/home/chel/ti/ccsv7/tools/compiler/ti-cgt-arm_16.9.6.LTS/lib/</path>
         <kind>archive</kind>
         <file>rtsv7M4_T_le_v4SPD16_eabi.lib</file>
         <name>exit.obj</name>
      </input_file>
      <input_file id="fl-c8">
         <path>/home/chel/ti/ccsv7/tools/compiler/ti-cgt-arm_16.9.6.LTS/lib/</path>
         <kind>archive</kind>
         <file>rtsv7M4_T_le_v4SPD16_eabi.lib</file>
         <name>fs_tod_t2.obj</name>
      </input_file>
      <input_file id="fl-c9">
         <path>/home/chel/ti/ccsv7/tools/compiler/ti-cgt-arm_16.9.6.LTS/lib/</path>
         <kind>archive</kind>
         <file>rtsv7M4_T_le_v4SPD16_eabi.lib</file>
         <name>memcpy_t2.obj</name>
      </input_file>
      <input_file id="fl-ca">
         <path>/home/chel/ti/ccsv7/tools/compiler/ti-cgt-arm_16.9.6.LTS/lib/</path>
         <kind>archive</kind>
         <file>rtsv7M4_T_le_v4SPD16_eabi.lib</file>
         <name>memory.obj</name>
      </input_file>
      <input_file id="fl-cb">
         <path>/home/chel/ti/ccsv7/tools/compiler/ti-cgt-arm_16.9.6.LTS/lib/</path>
         <kind>archive</kind>
         <file>rtsv7M4_T_le_v4SPD16_eabi.lib</file>
         <name>memset_t2.obj</name>
      </input_file>
      <input_file id="fl-cc">
         <path>/home/chel/ti/ccsv7/tools/compiler/ti-cgt-arm_16.9.6.LTS/lib/</path>
         <kind>archive</kind>
         <file>rtsv7M4_T_le_v4SPD16_eabi.lib</file>
         <name>mpu_init.obj</name>
      </input_file>
      <input_file id="fl-cd">
         <path>/home/chel/ti/ccsv7/tools/compiler/ti-cgt-arm_16.9.6.LTS/lib/</path>
         <kind>archive</kind>
         <file>rtsv7M4_T_le_v4SPD16_eabi.lib</file>
         <name>pre_init.obj</name>
      </input_file>
      <input_file id="fl-ce">
         <path>/home/chel/ti/ccsv7/tools/compiler/ti-cgt-arm_16.9.6.LTS/lib/</path>
         <kind>archive</kind>
         <file>rtsv7M4_T_le_v4SPD16_eabi.lib</file>
         <name>sprintf.obj</name>
      </input_file>
      <input_file id="fl-cf">
         <path>/home/chel/ti/ccsv7/tools/compiler/ti-cgt-arm_16.9.6.LTS/lib/</path>
         <kind>archive</kind>
         <file>rtsv7M4_T_le_v4SPD16_eabi.lib</file>
         <name>stkdepth_vars.obj</name>
      </input_file>
      <input_file id="fl-d0">
         <path>/home/chel/ti/ccsv7/tools/compiler/ti-cgt-arm_16.9.6.LTS/lib/</path>
         <kind>archive</kind>
         <file>rtsv7M4_T_le_v4SPD16_eabi.lib</file>
         <name>strlen.obj</name>
      </input_file>
      <input_file id="fl-d1">
         <path>/home/chel/ti/ccsv7/tools/compiler/ti-cgt-arm_16.9.6.LTS/lib/</path>
         <kind>archive</kind>
         <file>rtsv7M4_T_le_v4SPD16_eabi.lib</file>
         <name>u_divt2.obj</name>
      </input_file>
      <input_file id="fl-d2">
         <path>/home/chel/ti/ccsv7/tools/compiler/ti-cgt-arm_16.9.6.LTS/lib/</path>
         <kind>archive</kind>
         <file>rtsv7M4_T_le_v4SPD16_eabi.lib</file>
         <name>_lock.obj</name>
      </input_file>
      <input_file id="fl-d3">
         <path>/home/chel/ti/ccsv7/tools/compiler/ti-cgt-arm_16.9.6.LTS/lib/</path>
         <kind>archive</kind>
         <file>rtsv7M4_T_le_v4SPD16_eabi.lib</file>
         <name>_printfi.obj</name>
      </input_file>
      <input_file id="fl-d4">
         <path>/home/chel/ti/ccsv7/tools/compiler/ti-cgt-arm_16.9.6.LTS/lib/</path>
         <kind>archive</kind>
         <file>rtsv7M4_T_le_v4SPD16_eabi.lib</file>
         <name>args_main.obj</name>
      </input_file>
      <input_file id="fl-d5">
         <path>/home/chel/ti/ccsv7/tools/compiler/ti-cgt-arm_16.9.6.LTS/lib/</path>
         <kind>archive</kind>
         <file>rtsv7M4_T_le_v4SPD16_eabi.lib</file>
         <name>atoi.obj</name>
      </input_file>
      <input_file id="fl-d6">
         <path>/home/chel/ti/ccsv7/tools/compiler/ti-cgt-arm_16.9.6.LTS/lib/</path>
         <kind>archive</kind>
         <file>rtsv7M4_T_le_v4SPD16_eabi.lib</file>
         <name>autoinit.obj</name>
      </input_file>
      <input_file id="fl-d7">
         <path>/home/chel/ti/ccsv7/tools/compiler/ti-cgt-arm_16.9.6.LTS/lib/</path>
         <kind>archive</kind>
         <file>rtsv7M4_T_le_v4SPD16_eabi.lib</file>
         <name>cpy_tbl.obj</name>
      </input_file>
      <input_file id="fl-d8">
         <path>/home/chel/ti/ccsv7/tools/compiler/ti-cgt-arm_16.9.6.LTS/lib/</path>
         <kind>archive</kind>
         <file>rtsv7M4_T_le_v4SPD16_eabi.lib</file>
         <name>ctype.obj</name>
      </input_file>
      <input_file id="fl-d9">
         <path>/home/chel/ti/ccsv7/tools/compiler/ti-cgt-arm_16.9.6.LTS/lib/</path>
         <kind>archive</kind>
         <file>rtsv7M4_T_le_v4SPD16_eabi.lib</file>
         <name>fd_add_t2.obj</name>
      </input_file>
      <input_file id="fl-da">
         <path>/home/chel/ti/ccsv7/tools/compiler/ti-cgt-arm_16.9.6.LTS/lib/</path>
         <kind>archive</kind>
         <file>rtsv7M4_T_le_v4SPD16_eabi.lib</file>
         <name>fd_cmp_t2.obj</name>
      </input_file>
      <input_file id="fl-db">
         <path>/home/chel/ti/ccsv7/tools/compiler/ti-cgt-arm_16.9.6.LTS/lib/</path>
         <kind>archive</kind>
         <file>rtsv7M4_T_le_v4SPD16_eabi.lib</file>
         <name>fd_div_t2.obj</name>
      </input_file>
      <input_file id="fl-dc">
         <path>/home/chel/ti/ccsv7/tools/compiler/ti-cgt-arm_16.9.6.LTS/lib/</path>
         <kind>archive</kind>
         <file>rtsv7M4_T_le_v4SPD16_eabi.lib</file>
         <name>fd_mul_t2.obj</name>
      </input_file>
      <input_file id="fl-dd">
         <path>/home/chel/ti/ccsv7/tools/compiler/ti-cgt-arm_16.9.6.LTS/lib/</path>
         <kind>archive</kind>
         <file>rtsv7M4_T_le_v4SPD16_eabi.lib</file>
         <name>fd_toi_t2.obj</name>
      </input_file>
      <input_file id="fl-de">
         <path>/home/chel/ti/ccsv7/tools/compiler/ti-cgt-arm_16.9.6.LTS/lib/</path>
         <kind>archive</kind>
         <file>rtsv7M4_T_le_v4SPD16_eabi.lib</file>
         <name>i_div0.obj</name>
      </input_file>
      <input_file id="fl-df">
         <path>/home/chel/ti/ccsv7/tools/compiler/ti-cgt-arm_16.9.6.LTS/lib/</path>
         <kind>archive</kind>
         <file>rtsv7M4_T_le_v4SPD16_eabi.lib</file>
         <name>i_tofd_t2.obj</name>
      </input_file>
      <input_file id="fl-e0">
         <path>/home/chel/ti/ccsv7/tools/compiler/ti-cgt-arm_16.9.6.LTS/lib/</path>
         <kind>archive</kind>
         <file>rtsv7M4_T_le_v4SPD16_eabi.lib</file>
         <name>ltoa.obj</name>
      </input_file>
      <input_file id="fl-e1">
         <path>/home/chel/ti/ccsv7/tools/compiler/ti-cgt-arm_16.9.6.LTS/lib/</path>
         <kind>archive</kind>
         <file>rtsv7M4_T_le_v4SPD16_eabi.lib</file>
         <name>memccpy.obj</name>
      </input_file>
      <input_file id="fl-e2">
         <path>/home/chel/ti/ccsv7/tools/compiler/ti-cgt-arm_16.9.6.LTS/lib/</path>
         <kind>archive</kind>
         <file>rtsv7M4_T_le_v4SPD16_eabi.lib</file>
         <name>s_frexp.obj</name>
      </input_file>
      <input_file id="fl-e3">
         <path>/home/chel/ti/ccsv7/tools/compiler/ti-cgt-arm_16.9.6.LTS/lib/</path>
         <kind>archive</kind>
         <file>rtsv7M4_T_le_v4SPD16_eabi.lib</file>
         <name>s_scalbn.obj</name>
      </input_file>
      <input_file id="fl-e4">
         <path>/home/chel/ti/ccsv7/tools/compiler/ti-cgt-arm_16.9.6.LTS/lib/</path>
         <kind>archive</kind>
         <file>rtsv7M4_T_le_v4SPD16_eabi.lib</file>
         <name>startup.obj</name>
      </input_file>
      <input_file id="fl-e5">
         <path>/home/chel/ti/ccsv7/tools/compiler/ti-cgt-arm_16.9.6.LTS/lib/</path>
         <kind>archive</kind>
         <file>rtsv7M4_T_le_v4SPD16_eabi.lib</file>
         <name>strchr.obj</name>
      </input_file>
      <input_file id="fl-e6">
         <path>/home/chel/ti/ccsv7/tools/compiler/ti-cgt-arm_16.9.6.LTS/lib/</path>
         <kind>archive</kind>
         <file>rtsv7M4_T_le_v4SPD16_eabi.lib</file>
         <name>ull_div_t2.obj</name>
      </input_file>
      <input_file id="fl-e7">
         <path>/home/chel/ti/ccsv7/tools/compiler/ti-cgt-arm_16.9.6.LTS/lib/</path>
         <kind>archive</kind>
         <file>rtsv7M4_T_le_v4SPD16_eabi.lib</file>
         <name>errno.obj</name>
      </input_file>
      <input_file id="fl-e8">
         <path>/home/chel/ti/ccsv7/tools/compiler/ti-cgt-arm_16.9.6.LTS/lib/</path>
         <kind>archive</kind>
         <file>rtsv7M4_T_le_v4SPD16_eabi.lib</file>
         <name>s_copysign.obj</name>
      </input_file>
      <input_file id="fl-e9">
         <path>/home/chel/ti/TivaWare_C_Series-2.1.4.178/driverlib/ccs/Debug/</path>
         <kind>archive</kind>
         <file>driverlib.lib</file>
         <name>gpio.obj</name>
      </input_file>
      <input_file id="fl-ea">
         <path>/home/chel/ti/TivaWare_C_Series-2.1.4.178/driverlib/ccs/Debug/</path>
         <kind>archive</kind>
         <file>driverlib.lib</file>
         <name>i2c.obj</name>
      </input_file>
      <input_file id="fl-eb">
         <path>/home/chel/ti/TivaWare_C_Series-2.1.4.178/driverlib/ccs/Debug/</path>
         <kind>archive</kind>
         <file>driverlib.lib</file>
         <name>interrupt.obj</name>
      </input_file>
      <input_file id="fl-ec">
         <path>/home/chel/ti/TivaWare_C_Series-2.1.4.178/driverlib/ccs/Debug/</path>
         <kind>archive</kind>
         <file>driverlib.lib</file>
         <name>pwm.obj</name>
      </input_file>
      <input_file id="fl-ed">
         <path>/home/chel/ti/TivaWare_C_Series-2.1.4.178/driverlib/ccs/Debug/</path>
         <kind>archive</kind>
         <file>driverlib.lib</file>
         <name>sysctl.obj</name>
      </input_file>
      <input_file id="fl-ee">
         <path>/home/chel/ti/TivaWare_C_Series-2.1.4.178/driverlib/ccs/Debug/</path>
         <kind>archive</kind>
         <file>driverlib.lib</file>
         <name>uart.obj</name>
      </input_file>
      <input_file id="fl-ef">
         <path>/home/chel/ti/TivaWare_C_Series-2.1.4.178/driverlib/ccs/Debug/</path>
         <kind>archive</kind>
         <file>driverlib.lib</file>
         <name>cpu.obj</name>
      </input_file>
   </input_file_list>
   <object_component_list>
      <object_component id="oc-f">
         <name>.intvecs</name>
         <load_address>0x0</load_address>
         <run_address>0x0</run_address>
         <size>0x26c</size>
         <input_file_ref idref="fl-2"/>
      </object_component>
      <object_component id="oc-23b">
         <name>.text</name>
         <load_address>0x26c</load_address>
         <run_address>0x26c</run_address>
         <size>0x113e</size>
         <input_file_ref idref="fl-d3"/>
      </object_component>
      <object_component id="oc-221">
         <name>.text</name>
         <load_address>0x13aa</load_address>
         <run_address>0x13aa</run_address>
         <size>0x2</size>
         <input_file_ref idref="fl-de"/>
      </object_component>
      <object_component id="oc-f0">
         <name>.text</name>
         <load_address>0x13ac</load_address>
         <run_address>0x13ac</run_address>
         <size>0x744</size>
         <input_file_ref idref="fl-3"/>
      </object_component>
      <object_component id="oc-1bf">
         <name>.text</name>
         <load_address>0x1af0</load_address>
         <run_address>0x1af0</run_address>
         <size>0x3d0</size>
         <input_file_ref idref="fl-ca"/>
      </object_component>
      <object_component id="oc-262">
         <name>.text</name>
         <load_address>0x1ec0</load_address>
         <run_address>0x1ec0</run_address>
         <size>0x1f4</size>
         <input_file_ref idref="fl-e6"/>
      </object_component>
      <object_component id="oc-28b">
         <name>.text</name>
         <load_address>0x20b4</load_address>
         <run_address>0x20b4</run_address>
         <size>0x1b6</size>
         <input_file_ref idref="fl-d9"/>
      </object_component>
      <object_component id="oc-5a">
         <name>.text</name>
         <load_address>0x226a</load_address>
         <run_address>0x226a</run_address>
         <size>0x2</size>
         <input_file_ref idref="fl-cc"/>
      </object_component>
      <object_component id="oc-ea">
         <name>.text</name>
         <load_address>0x226c</load_address>
         <run_address>0x226c</run_address>
         <size>0x174</size>
         <input_file_ref idref="fl-4"/>
      </object_component>
      <object_component id="oc-e4">
         <name>.text</name>
         <load_address>0x23e0</load_address>
         <run_address>0x23e0</run_address>
         <size>0x164</size>
         <input_file_ref idref="fl-7"/>
      </object_component>
      <object_component id="oc-271">
         <name>.text</name>
         <load_address>0x2544</load_address>
         <run_address>0x2544</run_address>
         <size>0x136</size>
         <input_file_ref idref="fl-db"/>
      </object_component>
      <object_component id="oc-202">
         <name>.text:GPIOPadConfigSet</name>
         <load_address>0x267a</load_address>
         <run_address>0x267a</run_address>
         <size>0x132</size>
         <input_file_ref idref="fl-e9"/>
      </object_component>
      <object_component id="oc-125">
         <name>.text:SysCtlClockGet</name>
         <load_address>0x27ac</load_address>
         <run_address>0x27ac</run_address>
         <size>0x110</size>
         <input_file_ref idref="fl-ed"/>
      </object_component>
      <object_component id="oc-26c">
         <name>.text</name>
         <load_address>0x28bc</load_address>
         <run_address>0x28bc</run_address>
         <size>0xfc</size>
         <input_file_ref idref="fl-dc"/>
      </object_component>
      <object_component id="oc-296">
         <name>.text</name>
         <load_address>0x29b8</load_address>
         <run_address>0x29b8</run_address>
         <size>0xfc</size>
         <input_file_ref idref="fl-e3"/>
      </object_component>
      <object_component id="oc-de">
         <name>.text:SysCtlClockSet</name>
         <load_address>0x2ab4</load_address>
         <run_address>0x2ab4</run_address>
         <size>0xf4</size>
         <input_file_ref idref="fl-ed"/>
      </object_component>
      <object_component id="oc-42">
         <name>.text</name>
         <load_address>0x2ba8</load_address>
         <run_address>0x2ba8</run_address>
         <size>0x9c</size>
         <input_file_ref idref="fl-c9"/>
      </object_component>
      <object_component id="oc-267">
         <name>.text:__aeabi_cdcmple</name>
         <load_address>0x2c44</load_address>
         <run_address>0x2c44</run_address>
         <size>0x86</size>
         <input_file_ref idref="fl-da"/>
      </object_component>
      <object_component id="oc-276">
         <name>.text:__aeabi_cdrcmple</name>
         <load_address>0x2cca</load_address>
         <run_address>0x2cca</run_address>
         <size>0x86</size>
         <input_file_ref idref="fl-da"/>
      </object_component>
      <object_component id="oc-4e">
         <name>.text</name>
         <load_address>0x2d50</load_address>
         <run_address>0x2d50</run_address>
         <size>0x7a</size>
         <input_file_ref idref="fl-cb"/>
      </object_component>
      <object_component id="oc-a6">
         <name>.text</name>
         <load_address>0x2dca</load_address>
         <run_address>0x2dca</run_address>
         <size>0x2</size>
         <input_file_ref idref="fl-e4"/>
      </object_component>
      <object_component id="oc-ae">
         <name>.text</name>
         <load_address>0x2dcc</load_address>
         <run_address>0x2dcc</run_address>
         <size>0x74</size>
         <input_file_ref idref="fl-6"/>
      </object_component>
      <object_component id="oc-66">
         <name>.text</name>
         <load_address>0x2e40</load_address>
         <run_address>0x2e40</run_address>
         <size>0x70</size>
         <input_file_ref idref="fl-d6"/>
      </object_component>
      <object_component id="oc-12">
         <name>.text:decompress:lzss</name>
         <load_address>0x2eb0</load_address>
         <run_address>0x2eb0</run_address>
         <size>0x68</size>
         <input_file_ref idref="fl-c4"/>
      </object_component>
      <object_component id="oc-290">
         <name>.text</name>
         <load_address>0x2f18</load_address>
         <run_address>0x2f18</run_address>
         <size>0x64</size>
         <input_file_ref idref="fl-e2"/>
      </object_component>
      <object_component id="oc-1ca">
         <name>.text</name>
         <load_address>0x2f7c</load_address>
         <run_address>0x2f7c</run_address>
         <size>0x60</size>
         <input_file_ref idref="fl-ce"/>
      </object_component>
      <object_component id="oc-24">
         <name>.text</name>
         <load_address>0x2fdc</load_address>
         <run_address>0x2fdc</run_address>
         <size>0x54</size>
         <input_file_ref idref="fl-c3"/>
      </object_component>
      <object_component id="oc-72">
         <name>.text</name>
         <load_address>0x3030</load_address>
         <run_address>0x3030</run_address>
         <size>0x54</size>
         <input_file_ref idref="fl-c7"/>
      </object_component>
      <object_component id="oc-280">
         <name>.text</name>
         <load_address>0x3084</load_address>
         <run_address>0x3084</run_address>
         <size>0x54</size>
         <input_file_ref idref="fl-e0"/>
      </object_component>
      <object_component id="oc-1a1">
         <name>.text:I2CMasterInitExpClk</name>
         <load_address>0x30d8</load_address>
         <run_address>0x30d8</run_address>
         <size>0x4c</size>
         <input_file_ref idref="fl-ea"/>
      </object_component>
      <object_component id="oc-2a2">
         <name>.text</name>
         <load_address>0x3124</load_address>
         <run_address>0x3124</run_address>
         <size>0x4c</size>
         <input_file_ref idref="fl-d5"/>
      </object_component>
      <object_component id="oc-a0">
         <name>.text</name>
         <load_address>0x3170</load_address>
         <run_address>0x3170</run_address>
         <size>0x4c</size>
         <input_file_ref idref="fl-d7"/>
      </object_component>
      <object_component id="oc-13d">
         <name>.text:GPIOPinConfigure</name>
         <load_address>0x31bc</load_address>
         <run_address>0x31bc</run_address>
         <size>0x48</size>
         <input_file_ref idref="fl-e9"/>
      </object_component>
      <object_component id="oc-27b">
         <name>.text</name>
         <load_address>0x3204</load_address>
         <run_address>0x3204</run_address>
         <size>0x48</size>
         <input_file_ref idref="fl-dd"/>
      </object_component>
      <object_component id="oc-16f">
         <name>.text:UARTConfigSetExpClk</name>
         <load_address>0x324c</load_address>
         <run_address>0x324c</run_address>
         <size>0x46</size>
         <input_file_ref idref="fl-ee"/>
      </object_component>
      <object_component id="oc-190">
         <name>.text</name>
         <load_address>0x3292</load_address>
         <run_address>0x3292</run_address>
         <size>0x40</size>
         <input_file_ref idref="fl-d1"/>
      </object_component>
      <object_component id="oc-169">
         <name>.text:SysCtlPeripheralPresent</name>
         <load_address>0x32d4</load_address>
         <run_address>0x32d4</run_address>
         <size>0x38</size>
         <input_file_ref idref="fl-ed"/>
      </object_component>
      <object_component id="oc-1c5">
         <name>.text</name>
         <load_address>0x330c</load_address>
         <run_address>0x330c</run_address>
         <size>0x38</size>
         <input_file_ref idref="fl-c8"/>
      </object_component>
      <object_component id="oc-f6">
         <name>.text</name>
         <load_address>0x3344</load_address>
         <run_address>0x3344</run_address>
         <size>0x38</size>
         <input_file_ref idref="fl-5"/>
      </object_component>
      <object_component id="oc-137">
         <name>.text:SysCtlPeripheralEnable</name>
         <load_address>0x337c</load_address>
         <run_address>0x337c</run_address>
         <size>0x34</size>
         <input_file_ref idref="fl-ed"/>
      </object_component>
      <object_component id="oc-286">
         <name>.text</name>
         <load_address>0x33b0</load_address>
         <run_address>0x33b0</run_address>
         <size>0x2e</size>
         <input_file_ref idref="fl-df"/>
      </object_component>
      <object_component id="oc-1fc">
         <name>.text:GPIODirModeSet</name>
         <load_address>0x33de</load_address>
         <run_address>0x33de</run_address>
         <size>0x2a</size>
         <input_file_ref idref="fl-e9"/>
      </object_component>
      <object_component id="oc-149">
         <name>.text:PWMGenConfigure</name>
         <load_address>0x3408</load_address>
         <run_address>0x3408</run_address>
         <size>0x22</size>
         <input_file_ref idref="fl-ec"/>
      </object_component>
      <object_component id="oc-210">
         <name>.text:UARTDisable</name>
         <load_address>0x342c</load_address>
         <run_address>0x342c</run_address>
         <size>0x20</size>
         <input_file_ref idref="fl-ee"/>
      </object_component>
      <object_component id="oc-131">
         <name>.text:PWMPulseWidthSet</name>
         <load_address>0x344c</load_address>
         <run_address>0x344c</run_address>
         <size>0x1e</size>
         <input_file_ref idref="fl-ec"/>
      </object_component>
      <object_component id="oc-2a8">
         <name>.text</name>
         <load_address>0x346a</load_address>
         <run_address>0x346a</run_address>
         <size>0x1c</size>
         <input_file_ref idref="fl-e1"/>
      </object_component>
      <object_component id="oc-6c">
         <name>.text</name>
         <load_address>0x3488</load_address>
         <run_address>0x3488</run_address>
         <size>0x18</size>
         <input_file_ref idref="fl-d4"/>
      </object_component>
      <object_component id="oc-29c">
         <name>.text</name>
         <load_address>0x34a0</load_address>
         <run_address>0x34a0</run_address>
         <size>0x16</size>
         <input_file_ref idref="fl-e5"/>
      </object_component>
      <object_component id="oc-162">
         <name>.text:SysCtlPWMClockSet</name>
         <load_address>0x34b8</load_address>
         <run_address>0x34b8</run_address>
         <size>0x14</size>
         <input_file_ref idref="fl-ed"/>
      </object_component>
      <object_component id="oc-175">
         <name>.text:UARTEnable</name>
         <load_address>0x34cc</load_address>
         <run_address>0x34cc</run_address>
         <size>0x14</size>
         <input_file_ref idref="fl-ee"/>
      </object_component>
      <object_component id="oc-10a">
         <name>.text</name>
         <load_address>0x34e0</load_address>
         <run_address>0x34e0</run_address>
         <size>0x14</size>
         <input_file_ref idref="fl-d2"/>
      </object_component>
      <object_component id="oc-2d4">
         <name>.text</name>
         <load_address>0x34f4</load_address>
         <run_address>0x34f4</run_address>
         <size>0x14</size>
         <input_file_ref idref="fl-e8"/>
      </object_component>
      <object_component id="oc-1d3">
         <name>.text</name>
         <load_address>0x3508</load_address>
         <run_address>0x3508</run_address>
         <size>0x14</size>
         <input_file_ref idref="fl-d0"/>
      </object_component>
      <object_component id="oc-19b">
         <name>.text:GPIOPinTypeI2C</name>
         <load_address>0x351c</load_address>
         <run_address>0x351c</run_address>
         <size>0x12</size>
         <input_file_ref idref="fl-e9"/>
      </object_component>
      <object_component id="oc-195">
         <name>.text:GPIOPinTypeI2CSCL</name>
         <load_address>0x352e</load_address>
         <run_address>0x352e</run_address>
         <size>0x12</size>
         <input_file_ref idref="fl-e9"/>
      </object_component>
      <object_component id="oc-143">
         <name>.text:GPIOPinTypePWM</name>
         <load_address>0x3540</load_address>
         <run_address>0x3540</run_address>
         <size>0x12</size>
         <input_file_ref idref="fl-e9"/>
      </object_component>
      <object_component id="oc-155">
         <name>.text:PWMOutputState</name>
         <load_address>0x3552</load_address>
         <run_address>0x3552</run_address>
         <size>0x12</size>
         <input_file_ref idref="fl-ec"/>
      </object_component>
      <object_component id="oc-12b">
         <name>.text:PWMGenPeriodSet</name>
         <load_address>0x3564</load_address>
         <run_address>0x3564</run_address>
         <size>0x10</size>
         <input_file_ref idref="fl-ec"/>
      </object_component>
      <object_component id="oc-18">
         <name>.text:decompress:none</name>
         <load_address>0x3574</load_address>
         <run_address>0x3574</run_address>
         <size>0xe</size>
         <input_file_ref idref="fl-c5"/>
      </object_component>
      <object_component id="oc-14f">
         <name>.text:PWMGenEnable</name>
         <load_address>0x3582</load_address>
         <run_address>0x3582</run_address>
         <size>0xc</size>
         <input_file_ref idref="fl-ec"/>
      </object_component>
      <object_component id="oc-2e">
         <name>.text</name>
         <load_address>0x358e</load_address>
         <run_address>0x358e</run_address>
         <size>0xc</size>
         <input_file_ref idref="fl-2"/>
      </object_component>
      <object_component id="oc-22a">
         <name>.text:I2CMasterEnable</name>
         <load_address>0x359a</load_address>
         <run_address>0x359a</run_address>
         <size>0xa</size>
         <input_file_ref idref="fl-ea"/>
      </object_component>
      <object_component id="oc-181">
         <name>.text:UARTCharGet</name>
         <load_address>0x35a4</load_address>
         <run_address>0x35a4</run_address>
         <size>0xa</size>
         <input_file_ref idref="fl-ee"/>
      </object_component>
      <object_component id="oc-17b">
         <name>.text:UARTCharPut</name>
         <load_address>0x35ae</load_address>
         <run_address>0x35ae</run_address>
         <size>0xa</size>
         <input_file_ref idref="fl-ee"/>
      </object_component>
      <object_component id="oc-1b9">
         <name>.text:I2CMasterBusy</name>
         <load_address>0x35b8</load_address>
         <run_address>0x35b8</run_address>
         <size>0x8</size>
         <input_file_ref idref="fl-ea"/>
      </object_component>
      <object_component id="oc-1a7">
         <name>.text:I2CMasterSlaveAddrSet</name>
         <load_address>0x35c0</load_address>
         <run_address>0x35c0</run_address>
         <size>0x8</size>
         <input_file_ref idref="fl-ea"/>
      </object_component>
      <object_component id="oc-122">
         <name>.text:SysCtlDelay</name>
         <load_address>0x35c8</load_address>
         <run_address>0x35c8</run_address>
         <size>0x6</size>
         <input_file_ref idref="fl-ed"/>
      </object_component>
      <object_component id="oc-1b3">
         <name>.text:I2CMasterControl</name>
         <load_address>0x35ce</load_address>
         <run_address>0x35ce</run_address>
         <size>0x4</size>
         <input_file_ref idref="fl-ea"/>
      </object_component>
      <object_component id="oc-1ad">
         <name>.text:I2CMasterDataPut</name>
         <load_address>0x35d2</load_address>
         <run_address>0x35d2</run_address>
         <size>0x4</size>
         <input_file_ref idref="fl-ea"/>
      </object_component>
      <object_component id="oc-60">
         <name>.text</name>
         <load_address>0x35d6</load_address>
         <run_address>0x35d6</run_address>
         <size>0x4</size>
         <input_file_ref idref="fl-cd"/>
      </object_component>
      <object_component id="oc-2e1">
         <name>.const:.string:_ctypes_</name>
         <load_address>0x35dc</load_address>
         <run_address>0x35dc</run_address>
         <size>0x101</size>
         <input_file_ref idref="fl-d8"/>
      </object_component>
      <object_component id="oc-fc">
         <name>.const:.string:$P$T0$1</name>
         <load_address>0x36dd</load_address>
         <run_address>0x36dd</run_address>
         <size>0x3</size>
         <input_file_ref idref="fl-6"/>
      </object_component>
      <object_component id="oc-1f7">
         <name>.const:g_pui32GPIOBaseAddrs</name>
         <load_address>0x36e0</load_address>
         <run_address>0x36e0</run_address>
         <size>0x90</size>
         <input_file_ref idref="fl-e9"/>
      </object_component>
      <object_component id="oc-1ef">
         <name>.const:g_pui32Xtals</name>
         <load_address>0x3770</load_address>
         <run_address>0x3770</run_address>
         <size>0x6c</size>
         <input_file_ref idref="fl-ed"/>
      </object_component>
      <object_component id="oc-243">
         <name>.const:.string</name>
         <load_address>0x37dc</load_address>
         <run_address>0x37dc</run_address>
         <size>0x12</size>
         <input_file_ref idref="fl-3"/>
      </object_component>
      <object_component id="oc-18d">
         <name>.const:g_ui32UARTBase</name>
         <load_address>0x37f0</load_address>
         <run_address>0x37f0</run_address>
         <size>0xc</size>
         <input_file_ref idref="fl-3"/>
      </object_component>
      <object_component id="oc-187">
         <name>.const:g_ui32UARTPeriph</name>
         <load_address>0x37fc</load_address>
         <run_address>0x37fc</run_address>
         <size>0xc</size>
         <input_file_ref idref="fl-3"/>
      </object_component>
      <object_component id="oc-1d0">
         <name>.const</name>
         <load_address>0x3808</load_address>
         <run_address>0x3808</run_address>
         <size>0x4</size>
         <input_file_ref idref="fl-3"/>
      </object_component>
      <object_component id="oc-324">
         <name>.cinit..data.load</name>
         <load_address>0x3810</load_address>
         <run_address>0x3810</run_address>
         <size>0x21</size>
      </object_component>
      <object_component id="oc-322">
         <name>__TI_handler_table</name>
         <load_address>0x3834</load_address>
         <run_address>0x3834</run_address>
         <size>0x8</size>
      </object_component>
      <object_component id="oc-323">
         <name>__TI_cinit_table</name>
         <load_address>0x383c</load_address>
         <run_address>0x383c</run_address>
         <size>0x8</size>
      </object_component>
      <object_component id="oc-18a">
         <name>.data</name>
         <load_address>0x20000c00</load_address>
         <run_address>0x20000c00</run_address>
         <size>0xd</size>
         <input_file_ref idref="fl-3"/>
      </object_component>
      <object_component id="oc-b6">
         <name>.data:$O1$$</name>
         <load_address>0x20000c10</load_address>
         <run_address>0x20000c10</run_address>
         <size>0xc</size>
         <input_file_ref idref="fl-c7"/>
      </object_component>
      <object_component id="oc-236">
         <name>.data:$O1$$</name>
         <load_address>0x20000c1c</load_address>
         <run_address>0x20000c1c</run_address>
         <size>0xc</size>
         <input_file_ref idref="fl-ca"/>
      </object_component>
      <object_component id="oc-78">
         <name>.data</name>
         <load_address>0x20000c34</load_address>
         <run_address>0x20000c34</run_address>
         <size>0x4</size>
         <input_file_ref idref="fl-cf"/>
      </object_component>
      <object_component id="oc-b9">
         <name>.data:$O1$$</name>
         <load_address>0x20000c28</load_address>
         <run_address>0x20000c28</run_address>
         <size>0x8</size>
         <input_file_ref idref="fl-d2"/>
      </object_component>
      <object_component id="oc-2da">
         <name>.data</name>
         <load_address>0x20000c30</load_address>
         <run_address>0x20000c30</run_address>
         <size>0x4</size>
         <input_file_ref idref="fl-e7"/>
      </object_component>
      <object_component id="oc-2b">
         <name>.sysmem</name>
         <uninitialized>true</uninitialized>
         <run_address>0x20000800</run_address>
         <size>0x8</size>
         <input_file_ref idref="fl-ca"/>
      </object_component>
      <object_component id="oc-326">
         <name>.sysmem</name>
         <uninitialized>true</uninitialized>
         <run_address>0x20000800</run_address>
         <size>0x0</size>
      </object_component>
      <object_component id="oc-2a">
         <name>.stack</name>
         <uninitialized>true</uninitialized>
         <run_address>0x20000000</run_address>
         <size>0x0</size>
         <input_file_ref idref="fl-c3"/>
      </object_component>
      <object_component id="oc-325">
         <name>.stack</name>
         <uninitialized>true</uninitialized>
         <run_address>0x20000000</run_address>
         <size>0x0</size>
      </object_component>
      <object_component id="oc-36">
         <name>.debug_info</name>
         <load_address>0x0</load_address>
         <run_address>0x0</run_address>
         <size>0x28f</size>
         <input_file_ref idref="fl-2"/>
      </object_component>
      <object_component id="oc-10">
         <name>.debug_info</name>
         <load_address>0x28f</load_address>
         <run_address>0x28f</run_address>
         <size>0xe0</size>
         <input_file_ref idref="fl-2"/>
      </object_component>
      <object_component id="oc-2f">
         <name>.debug_info</name>
         <load_address>0x36f</load_address>
         <run_address>0x36f</run_address>
         <size>0x25c</size>
         <input_file_ref idref="fl-2"/>
      </object_component>
      <object_component id="oc-3d">
         <name>.debug_info</name>
         <load_address>0x5cb</load_address>
         <run_address>0x5cb</run_address>
         <size>0x84</size>
         <input_file_ref idref="fl-2"/>
      </object_component>
      <object_component id="oc-83">
         <name>.debug_info</name>
         <load_address>0x64f</load_address>
         <run_address>0x64f</run_address>
         <size>0x18b</size>
         <input_file_ref idref="fl-2"/>
      </object_component>
      <object_component id="oc-1da">
         <name>.debug_info</name>
         <load_address>0x7da</load_address>
         <run_address>0x7da</run_address>
         <size>0x6c7</size>
         <input_file_ref idref="fl-3"/>
      </object_component>
      <object_component id="oc-18b">
         <name>.debug_info</name>
         <load_address>0xea1</load_address>
         <run_address>0xea1</run_address>
         <size>0x102</size>
         <input_file_ref idref="fl-3"/>
      </object_component>
      <object_component id="oc-1d1">
         <name>.debug_info</name>
         <load_address>0xfa3</load_address>
         <run_address>0xfa3</run_address>
         <size>0xc4</size>
         <input_file_ref idref="fl-3"/>
      </object_component>
      <object_component id="oc-18e">
         <name>.debug_info</name>
         <load_address>0x1067</load_address>
         <run_address>0x1067</run_address>
         <size>0xd2</size>
         <input_file_ref idref="fl-3"/>
      </object_component>
      <object_component id="oc-188">
         <name>.debug_info</name>
         <load_address>0x1139</load_address>
         <run_address>0x1139</run_address>
         <size>0xd6</size>
         <input_file_ref idref="fl-3"/>
      </object_component>
      <object_component id="oc-f1">
         <name>.debug_info</name>
         <load_address>0x120f</load_address>
         <run_address>0x120f</run_address>
         <size>0x127a</size>
         <input_file_ref idref="fl-3"/>
      </object_component>
      <object_component id="oc-24a">
         <name>.debug_info</name>
         <load_address>0x2489</load_address>
         <run_address>0x2489</run_address>
         <size>0x110</size>
         <input_file_ref idref="fl-3"/>
      </object_component>
      <object_component id="oc-15c">
         <name>.debug_info</name>
         <load_address>0x2599</load_address>
         <run_address>0x2599</run_address>
         <size>0x8b</size>
         <input_file_ref idref="fl-3"/>
      </object_component>
      <object_component id="oc-1db">
         <name>.debug_info</name>
         <load_address>0x2624</load_address>
         <run_address>0x2624</run_address>
         <size>0x4e</size>
         <input_file_ref idref="fl-3"/>
      </object_component>
      <object_component id="oc-eb">
         <name>.debug_info</name>
         <load_address>0x2672</load_address>
         <run_address>0x2672</run_address>
         <size>0x3b7</size>
         <input_file_ref idref="fl-4"/>
      </object_component>
      <object_component id="oc-f7">
         <name>.debug_info</name>
         <load_address>0x2a29</load_address>
         <run_address>0x2a29</run_address>
         <size>0x1ef</size>
         <input_file_ref idref="fl-5"/>
      </object_component>
      <object_component id="oc-100">
         <name>.debug_info</name>
         <load_address>0x2c18</load_address>
         <run_address>0x2c18</run_address>
         <size>0x3bb</size>
         <input_file_ref idref="fl-6"/>
      </object_component>
      <object_component id="oc-fd">
         <name>.debug_info</name>
         <load_address>0x2fd3</load_address>
         <run_address>0x2fd3</run_address>
         <size>0xcd</size>
         <input_file_ref idref="fl-6"/>
      </object_component>
      <object_component id="oc-af">
         <name>.debug_info</name>
         <load_address>0x30a0</load_address>
         <run_address>0x30a0</run_address>
         <size>0x1fb</size>
         <input_file_ref idref="fl-6"/>
      </object_component>
      <object_component id="oc-161">
         <name>.debug_info</name>
         <load_address>0x329b</load_address>
         <run_address>0x329b</run_address>
         <size>0x466</size>
         <input_file_ref idref="fl-7"/>
      </object_component>
      <object_component id="oc-e5">
         <name>.debug_info</name>
         <load_address>0x3701</load_address>
         <run_address>0x3701</run_address>
         <size>0x6a1</size>
         <input_file_ref idref="fl-7"/>
      </object_component>
      <object_component id="oc-25">
         <name>.debug_info</name>
         <load_address>0x3da2</load_address>
         <run_address>0x3da2</run_address>
         <size>0x160</size>
         <input_file_ref idref="fl-c3"/>
      </object_component>
      <object_component id="oc-8d">
         <name>.debug_info</name>
         <load_address>0x3f02</load_address>
         <run_address>0x3f02</run_address>
         <size>0x293</size>
         <input_file_ref idref="fl-c4"/>
      </object_component>
      <object_component id="oc-13">
         <name>.debug_info</name>
         <load_address>0x4195</load_address>
         <run_address>0x4195</run_address>
         <size>0x245</size>
         <input_file_ref idref="fl-c4"/>
      </object_component>
      <object_component id="oc-38">
         <name>.debug_info</name>
         <load_address>0x43da</load_address>
         <run_address>0x43da</run_address>
         <size>0x60</size>
         <input_file_ref idref="fl-c4"/>
      </object_component>
      <object_component id="oc-88">
         <name>.debug_info</name>
         <load_address>0x443a</load_address>
         <run_address>0x443a</run_address>
         <size>0x46</size>
         <input_file_ref idref="fl-c4"/>
      </object_component>
      <object_component id="oc-4d">
         <name>.debug_info</name>
         <load_address>0x4480</load_address>
         <run_address>0x4480</run_address>
         <size>0x2da</size>
         <input_file_ref idref="fl-c5"/>
      </object_component>
      <object_component id="oc-19">
         <name>.debug_info</name>
         <load_address>0x475a</load_address>
         <run_address>0x475a</run_address>
         <size>0x1df</size>
         <input_file_ref idref="fl-c5"/>
      </object_component>
      <object_component id="oc-48">
         <name>.debug_info</name>
         <load_address>0x4939</load_address>
         <run_address>0x4939</run_address>
         <size>0x46</size>
         <input_file_ref idref="fl-c5"/>
      </object_component>
      <object_component id="oc-8f">
         <name>.debug_info</name>
         <load_address>0x497f</load_address>
         <run_address>0x497f</run_address>
         <size>0x2c</size>
         <input_file_ref idref="fl-c5"/>
      </object_component>
      <object_component id="oc-97">
         <name>.debug_info</name>
         <load_address>0x49ab</load_address>
         <run_address>0x49ab</run_address>
         <size>0x2c</size>
         <input_file_ref idref="fl-c6"/>
      </object_component>
      <object_component id="oc-bd">
         <name>.debug_info</name>
         <load_address>0x49d7</load_address>
         <run_address>0x49d7</run_address>
         <size>0x3ce</size>
         <input_file_ref idref="fl-c7"/>
      </object_component>
      <object_component id="oc-b7">
         <name>.debug_info</name>
         <load_address>0x4da5</load_address>
         <run_address>0x4da5</run_address>
         <size>0x185</size>
         <input_file_ref idref="fl-c7"/>
      </object_component>
      <object_component id="oc-73">
         <name>.debug_info</name>
         <load_address>0x4f2a</load_address>
         <run_address>0x4f2a</run_address>
         <size>0x214</size>
         <input_file_ref idref="fl-c7"/>
      </object_component>
      <object_component id="oc-1c6">
         <name>.debug_info</name>
         <load_address>0x513e</load_address>
         <run_address>0x513e</run_address>
         <size>0x124</size>
         <input_file_ref idref="fl-c8"/>
      </object_component>
      <object_component id="oc-43">
         <name>.debug_info</name>
         <load_address>0x5262</load_address>
         <run_address>0x5262</run_address>
         <size>0x111</size>
         <input_file_ref idref="fl-c9"/>
      </object_component>
      <object_component id="oc-7e">
         <name>.debug_info</name>
         <load_address>0x5373</load_address>
         <run_address>0x5373</run_address>
         <size>0x3bc</size>
         <input_file_ref idref="fl-ca"/>
      </object_component>
      <object_component id="oc-2c">
         <name>.debug_info</name>
         <load_address>0x572f</load_address>
         <run_address>0x572f</run_address>
         <size>0x101</size>
         <input_file_ref idref="fl-ca"/>
      </object_component>
      <object_component id="oc-237">
         <name>.debug_info</name>
         <load_address>0x5830</load_address>
         <run_address>0x5830</run_address>
         <size>0x14c</size>
         <input_file_ref idref="fl-ca"/>
      </object_component>
      <object_component id="oc-1c0">
         <name>.debug_info</name>
         <load_address>0x597c</load_address>
         <run_address>0x597c</run_address>
         <size>0x885</size>
         <input_file_ref idref="fl-ca"/>
      </object_component>
      <object_component id="oc-c3">
         <name>.debug_info</name>
         <load_address>0x6201</load_address>
         <run_address>0x6201</run_address>
         <size>0x2c</size>
         <input_file_ref idref="fl-ca"/>
      </object_component>
      <object_component id="oc-c8">
         <name>.debug_info</name>
         <load_address>0x622d</load_address>
         <run_address>0x622d</run_address>
         <size>0x62</size>
         <input_file_ref idref="fl-ca"/>
      </object_component>
      <object_component id="oc-4f">
         <name>.debug_info</name>
         <load_address>0x628f</load_address>
         <run_address>0x628f</run_address>
         <size>0x13f</size>
         <input_file_ref idref="fl-cb"/>
      </object_component>
      <object_component id="oc-5b">
         <name>.debug_info</name>
         <load_address>0x63ce</load_address>
         <run_address>0x63ce</run_address>
         <size>0x138</size>
         <input_file_ref idref="fl-cc"/>
      </object_component>
      <object_component id="oc-61">
         <name>.debug_info</name>
         <load_address>0x6506</load_address>
         <run_address>0x6506</run_address>
         <size>0x148</size>
         <input_file_ref idref="fl-cd"/>
      </object_component>
      <object_component id="oc-242">
         <name>.debug_info</name>
         <load_address>0x664e</load_address>
         <run_address>0x664e</run_address>
         <size>0x355</size>
         <input_file_ref idref="fl-ce"/>
      </object_component>
      <object_component id="oc-1cb">
         <name>.debug_info</name>
         <load_address>0x69a3</load_address>
         <run_address>0x69a3</run_address>
         <size>0x2e4</size>
         <input_file_ref idref="fl-ce"/>
      </object_component>
      <object_component id="oc-2ba">
         <name>.debug_info</name>
         <load_address>0x6c87</load_address>
         <run_address>0x6c87</run_address>
         <size>0x2c</size>
         <input_file_ref idref="fl-ce"/>
      </object_component>
      <object_component id="oc-79">
         <name>.debug_info</name>
         <load_address>0x6cb3</load_address>
         <run_address>0x6cb3</run_address>
         <size>0x109</size>
         <input_file_ref idref="fl-cf"/>
      </object_component>
      <object_component id="oc-247">
         <name>.debug_info</name>
         <load_address>0x6dbc</load_address>
         <run_address>0x6dbc</run_address>
         <size>0x284</size>
         <input_file_ref idref="fl-d0"/>
      </object_component>
      <object_component id="oc-1d4">
         <name>.debug_info</name>
         <load_address>0x7040</load_address>
         <run_address>0x7040</run_address>
         <size>0x22a</size>
         <input_file_ref idref="fl-d0"/>
      </object_component>
      <object_component id="oc-191">
         <name>.debug_info</name>
         <load_address>0x726a</load_address>
         <run_address>0x726a</run_address>
         <size>0x13a</size>
         <input_file_ref idref="fl-d1"/>
      </object_component>
      <object_component id="oc-112">
         <name>.debug_info</name>
         <load_address>0x73a4</load_address>
         <run_address>0x73a4</run_address>
         <size>0x2be</size>
         <input_file_ref idref="fl-d2"/>
      </object_component>
      <object_component id="oc-ba">
         <name>.debug_info</name>
         <load_address>0x7662</load_address>
         <run_address>0x7662</run_address>
         <size>0x113</size>
         <input_file_ref idref="fl-d2"/>
      </object_component>
      <object_component id="oc-10b">
         <name>.debug_info</name>
         <load_address>0x7775</load_address>
         <run_address>0x7775</run_address>
         <size>0x21f</size>
         <input_file_ref idref="fl-d2"/>
      </object_component>
      <object_component id="oc-2af">
         <name>.debug_info</name>
         <load_address>0x7994</load_address>
         <run_address>0x7994</run_address>
         <size>0x51f</size>
         <input_file_ref idref="fl-d3"/>
      </object_component>
      <object_component id="oc-23c">
         <name>.debug_info</name>
         <load_address>0x7eb3</load_address>
         <run_address>0x7eb3</run_address>
         <size>0x1543</size>
         <input_file_ref idref="fl-d3"/>
      </object_component>
      <object_component id="oc-2b0">
         <name>.debug_info</name>
         <load_address>0x93f6</load_address>
         <run_address>0x93f6</run_address>
         <size>0x86</size>
         <input_file_ref idref="fl-d3"/>
      </object_component>
      <object_component id="oc-2ea">
         <name>.debug_info</name>
         <load_address>0x947c</load_address>
         <run_address>0x947c</run_address>
         <size>0x46</size>
         <input_file_ref idref="fl-d3"/>
      </object_component>
      <object_component id="oc-2b5">
         <name>.debug_info</name>
         <load_address>0x94c2</load_address>
         <run_address>0x94c2</run_address>
         <size>0x39</size>
         <input_file_ref idref="fl-d3"/>
      </object_component>
      <object_component id="oc-b5">
         <name>.debug_info</name>
         <load_address>0x94fb</load_address>
         <run_address>0x94fb</run_address>
         <size>0x300</size>
         <input_file_ref idref="fl-d4"/>
      </object_component>
      <object_component id="oc-6d">
         <name>.debug_info</name>
         <load_address>0x97fb</load_address>
         <run_address>0x97fb</run_address>
         <size>0x167</size>
         <input_file_ref idref="fl-d4"/>
      </object_component>
      <object_component id="oc-103">
         <name>.debug_info</name>
         <load_address>0x9962</load_address>
         <run_address>0x9962</run_address>
         <size>0x5e</size>
         <input_file_ref idref="fl-d4"/>
      </object_component>
      <object_component id="oc-2e5">
         <name>.debug_info</name>
         <load_address>0x99c0</load_address>
         <run_address>0x99c0</run_address>
         <size>0x2ae</size>
         <input_file_ref idref="fl-d5"/>
      </object_component>
      <object_component id="oc-2a3">
         <name>.debug_info</name>
         <load_address>0x9c6e</load_address>
         <run_address>0x9c6e</run_address>
         <size>0x171</size>
         <input_file_ref idref="fl-d5"/>
      </object_component>
      <object_component id="oc-ad">
         <name>.debug_info</name>
         <load_address>0x9ddf</load_address>
         <run_address>0x9ddf</run_address>
         <size>0x483</size>
         <input_file_ref idref="fl-d6"/>
      </object_component>
      <object_component id="oc-67">
         <name>.debug_info</name>
         <load_address>0xa262</load_address>
         <run_address>0xa262</run_address>
         <size>0x190</size>
         <input_file_ref idref="fl-d6"/>
      </object_component>
      <object_component id="oc-d4">
         <name>.debug_info</name>
         <load_address>0xa3f2</load_address>
         <run_address>0xa3f2</run_address>
         <size>0x39</size>
         <input_file_ref idref="fl-d6"/>
      </object_component>
      <object_component id="oc-11d">
         <name>.debug_info</name>
         <load_address>0xa42b</load_address>
         <run_address>0xa42b</run_address>
         <size>0x39</size>
         <input_file_ref idref="fl-d6"/>
      </object_component>
      <object_component id="oc-d9">
         <name>.debug_info</name>
         <load_address>0xa464</load_address>
         <run_address>0xa464</run_address>
         <size>0xcd</size>
         <input_file_ref idref="fl-d6"/>
      </object_component>
      <object_component id="oc-d0">
         <name>.debug_info</name>
         <load_address>0xa531</load_address>
         <run_address>0xa531</run_address>
         <size>0x37a</size>
         <input_file_ref idref="fl-d7"/>
      </object_component>
      <object_component id="oc-a1">
         <name>.debug_info</name>
         <load_address>0xa8ab</load_address>
         <run_address>0xa8ab</run_address>
         <size>0x183</size>
         <input_file_ref idref="fl-d7"/>
      </object_component>
      <object_component id="oc-118">
         <name>.debug_info</name>
         <load_address>0xaa2e</load_address>
         <run_address>0xaa2e</run_address>
         <size>0x2c</size>
         <input_file_ref idref="fl-d7"/>
      </object_component>
      <object_component id="oc-2fc">
         <name>.debug_info</name>
         <load_address>0xaa5a</load_address>
         <run_address>0xaa5a</run_address>
         <size>0xee</size>
         <input_file_ref idref="fl-d8"/>
      </object_component>
      <object_component id="oc-2e2">
         <name>.debug_info</name>
         <load_address>0xab48</load_address>
         <run_address>0xab48</run_address>
         <size>0xfa</size>
         <input_file_ref idref="fl-d8"/>
      </object_component>
      <object_component id="oc-28c">
         <name>.debug_info</name>
         <load_address>0xac42</load_address>
         <run_address>0xac42</run_address>
         <size>0x144</size>
         <input_file_ref idref="fl-d9"/>
      </object_component>
      <object_component id="oc-268">
         <name>.debug_info</name>
         <load_address>0xad86</load_address>
         <run_address>0xad86</run_address>
         <size>0x120</size>
         <input_file_ref idref="fl-da"/>
      </object_component>
      <object_component id="oc-277">
         <name>.debug_info</name>
         <load_address>0xaea6</load_address>
         <run_address>0xaea6</run_address>
         <size>0x122</size>
         <input_file_ref idref="fl-da"/>
      </object_component>
      <object_component id="oc-272">
         <name>.debug_info</name>
         <load_address>0xafc8</load_address>
         <run_address>0xafc8</run_address>
         <size>0x132</size>
         <input_file_ref idref="fl-db"/>
      </object_component>
      <object_component id="oc-26d">
         <name>.debug_info</name>
         <load_address>0xb0fa</load_address>
         <run_address>0xb0fa</run_address>
         <size>0x132</size>
         <input_file_ref idref="fl-dc"/>
      </object_component>
      <object_component id="oc-27c">
         <name>.debug_info</name>
         <load_address>0xb22c</load_address>
         <run_address>0xb22c</run_address>
         <size>0x126</size>
         <input_file_ref idref="fl-dd"/>
      </object_component>
      <object_component id="oc-222">
         <name>.debug_info</name>
         <load_address>0xb352</load_address>
         <run_address>0xb352</run_address>
         <size>0x147</size>
         <input_file_ref idref="fl-de"/>
      </object_component>
      <object_component id="oc-287">
         <name>.debug_info</name>
         <load_address>0xb499</load_address>
         <run_address>0xb499</run_address>
         <size>0x124</size>
         <input_file_ref idref="fl-df"/>
      </object_component>
      <object_component id="oc-2ca">
         <name>.debug_info</name>
         <load_address>0xb5bd</load_address>
         <run_address>0xb5bd</run_address>
         <size>0x2e6</size>
         <input_file_ref idref="fl-e0"/>
      </object_component>
      <object_component id="oc-281">
         <name>.debug_info</name>
         <load_address>0xb8a3</load_address>
         <run_address>0xb8a3</run_address>
         <size>0x1c2</size>
         <input_file_ref idref="fl-e0"/>
      </object_component>
      <object_component id="oc-2e7">
         <name>.debug_info</name>
         <load_address>0xba65</load_address>
         <run_address>0xba65</run_address>
         <size>0x28b</size>
         <input_file_ref idref="fl-e1"/>
      </object_component>
      <object_component id="oc-2a9">
         <name>.debug_info</name>
         <load_address>0xbcf0</load_address>
         <run_address>0xbcf0</run_address>
         <size>0x1ab</size>
         <input_file_ref idref="fl-e1"/>
      </object_component>
      <object_component id="oc-2ce">
         <name>.debug_info</name>
         <load_address>0xbe9b</load_address>
         <run_address>0xbe9b</run_address>
         <size>0x2d9</size>
         <input_file_ref idref="fl-e2"/>
      </object_component>
      <object_component id="oc-291">
         <name>.debug_info</name>
         <load_address>0xc174</load_address>
         <run_address>0xc174</run_address>
         <size>0x18a</size>
         <input_file_ref idref="fl-e2"/>
      </object_component>
      <object_component id="oc-2cf">
         <name>.debug_info</name>
         <load_address>0xc2fe</load_address>
         <run_address>0xc2fe</run_address>
         <size>0x2c</size>
         <input_file_ref idref="fl-e2"/>
      </object_component>
      <object_component id="oc-2de">
         <name>.debug_info</name>
         <load_address>0xc32a</load_address>
         <run_address>0xc32a</run_address>
         <size>0x316</size>
         <input_file_ref idref="fl-e3"/>
      </object_component>
      <object_component id="oc-297">
         <name>.debug_info</name>
         <load_address>0xc640</load_address>
         <run_address>0xc640</run_address>
         <size>0x1d5</size>
         <input_file_ref idref="fl-e3"/>
      </object_component>
      <object_component id="oc-a7">
         <name>.debug_info</name>
         <load_address>0xc815</load_address>
         <run_address>0xc815</run_address>
         <size>0x145</size>
         <input_file_ref idref="fl-e4"/>
      </object_component>
      <object_component id="oc-2e0">
         <name>.debug_info</name>
         <load_address>0xc95a</load_address>
         <run_address>0xc95a</run_address>
         <size>0x28f</size>
         <input_file_ref idref="fl-e5"/>
      </object_component>
      <object_component id="oc-29d">
         <name>.debug_info</name>
         <load_address>0xcbe9</load_address>
         <run_address>0xcbe9</run_address>
         <size>0x244</size>
         <input_file_ref idref="fl-e5"/>
      </object_component>
      <object_component id="oc-263">
         <name>.debug_info</name>
         <load_address>0xce2d</load_address>
         <run_address>0xce2d</run_address>
         <size>0x17d</size>
         <input_file_ref idref="fl-e6"/>
      </object_component>
      <object_component id="oc-2db">
         <name>.debug_info</name>
         <load_address>0xcfaa</load_address>
         <run_address>0xcfaa</run_address>
         <size>0xf3</size>
         <input_file_ref idref="fl-e7"/>
      </object_component>
      <object_component id="oc-2d5">
         <name>.debug_info</name>
         <load_address>0xd09d</load_address>
         <run_address>0xd09d</run_address>
         <size>0x156</size>
         <input_file_ref idref="fl-e8"/>
      </object_component>
      <object_component id="oc-1fb">
         <name>.debug_info</name>
         <load_address>0xd1f3</load_address>
         <run_address>0xd1f3</run_address>
         <size>0x240</size>
         <input_file_ref idref="fl-e9"/>
      </object_component>
      <object_component id="oc-1f8">
         <name>.debug_info</name>
         <load_address>0xd433</load_address>
         <run_address>0xd433</run_address>
         <size>0x15b</size>
         <input_file_ref idref="fl-e9"/>
      </object_component>
      <object_component id="oc-1fd">
         <name>.debug_info</name>
         <load_address>0xd58e</load_address>
         <run_address>0xd58e</run_address>
         <size>0x2b3</size>
         <input_file_ref idref="fl-e9"/>
      </object_component>
      <object_component id="oc-203">
         <name>.debug_info</name>
         <load_address>0xd841</load_address>
         <run_address>0xd841</run_address>
         <size>0x316</size>
         <input_file_ref idref="fl-e9"/>
      </object_component>
      <object_component id="oc-144">
         <name>.debug_info</name>
         <load_address>0xdb57</load_address>
         <run_address>0xdb57</run_address>
         <size>0x279</size>
         <input_file_ref idref="fl-e9"/>
      </object_component>
      <object_component id="oc-196">
         <name>.debug_info</name>
         <load_address>0xddd0</load_address>
         <run_address>0xddd0</run_address>
         <size>0x27f</size>
         <input_file_ref idref="fl-e9"/>
      </object_component>
      <object_component id="oc-19c">
         <name>.debug_info</name>
         <load_address>0xe04f</load_address>
         <run_address>0xe04f</run_address>
         <size>0x279</size>
         <input_file_ref idref="fl-e9"/>
      </object_component>
      <object_component id="oc-13e">
         <name>.debug_info</name>
         <load_address>0xe2c8</load_address>
         <run_address>0xe2c8</run_address>
         <size>0x280</size>
         <input_file_ref idref="fl-e9"/>
      </object_component>
      <object_component id="oc-231">
         <name>.debug_info</name>
         <load_address>0xe548</load_address>
         <run_address>0xe548</run_address>
         <size>0x231</size>
         <input_file_ref idref="fl-ea"/>
      </object_component>
      <object_component id="oc-1ab">
         <name>.debug_info</name>
         <load_address>0xe779</load_address>
         <run_address>0xe779</run_address>
         <size>0x2ce</size>
         <input_file_ref idref="fl-ea"/>
      </object_component>
      <object_component id="oc-22c">
         <name>.debug_info</name>
         <load_address>0xea47</load_address>
         <run_address>0xea47</run_address>
         <size>0x24e</size>
         <input_file_ref idref="fl-ea"/>
      </object_component>
      <object_component id="oc-1a3">
         <name>.debug_info</name>
         <load_address>0xec95</load_address>
         <run_address>0xec95</run_address>
         <size>0x2d5</size>
         <input_file_ref idref="fl-ea"/>
      </object_component>
      <object_component id="oc-1b0">
         <name>.debug_info</name>
         <load_address>0xef6a</load_address>
         <run_address>0xef6a</run_address>
         <size>0x27e</size>
         <input_file_ref idref="fl-ea"/>
      </object_component>
      <object_component id="oc-1b6">
         <name>.debug_info</name>
         <load_address>0xf1e8</load_address>
         <run_address>0xf1e8</run_address>
         <size>0x27e</size>
         <input_file_ref idref="fl-ea"/>
      </object_component>
      <object_component id="oc-1ba">
         <name>.debug_info</name>
         <load_address>0xf466</load_address>
         <run_address>0xf466</run_address>
         <size>0x24e</size>
         <input_file_ref idref="fl-ea"/>
      </object_component>
      <object_component id="oc-1f4">
         <name>.debug_info</name>
         <load_address>0xf6b4</load_address>
         <run_address>0xf6b4</run_address>
         <size>0x1ed</size>
         <input_file_ref idref="fl-ec"/>
      </object_component>
      <object_component id="oc-132">
         <name>.debug_info</name>
         <load_address>0xf8a1</load_address>
         <run_address>0xf8a1</run_address>
         <size>0x2f6</size>
         <input_file_ref idref="fl-ec"/>
      </object_component>
      <object_component id="oc-156">
         <name>.debug_info</name>
         <load_address>0xfb97</load_address>
         <run_address>0xfb97</run_address>
         <size>0x2c4</size>
         <input_file_ref idref="fl-ec"/>
      </object_component>
      <object_component id="oc-12c">
         <name>.debug_info</name>
         <load_address>0xfe5b</load_address>
         <run_address>0xfe5b</run_address>
         <size>0x2b6</size>
         <input_file_ref idref="fl-ec"/>
      </object_component>
      <object_component id="oc-150">
         <name>.debug_info</name>
         <load_address>0x10111</load_address>
         <run_address>0x10111</run_address>
         <size>0x276</size>
         <input_file_ref idref="fl-ec"/>
      </object_component>
      <object_component id="oc-14a">
         <name>.debug_info</name>
         <load_address>0x10387</load_address>
         <run_address>0x10387</run_address>
         <size>0x2b3</size>
         <input_file_ref idref="fl-ec"/>
      </object_component>
      <object_component id="oc-124">
         <name>.debug_info</name>
         <load_address>0x1063a</load_address>
         <run_address>0x1063a</run_address>
         <size>0x298</size>
         <input_file_ref idref="fl-ed"/>
      </object_component>
      <object_component id="oc-1f0">
         <name>.debug_info</name>
         <load_address>0x108d2</load_address>
         <run_address>0x108d2</run_address>
         <size>0x14d</size>
         <input_file_ref idref="fl-ed"/>
      </object_component>
      <object_component id="oc-16a">
         <name>.debug_info</name>
         <load_address>0x10a1f</load_address>
         <run_address>0x10a1f</run_address>
         <size>0x283</size>
         <input_file_ref idref="fl-ed"/>
      </object_component>
      <object_component id="oc-138">
         <name>.debug_info</name>
         <load_address>0x10ca2</load_address>
         <run_address>0x10ca2</run_address>
         <size>0x27d</size>
         <input_file_ref idref="fl-ed"/>
      </object_component>
      <object_component id="oc-163">
         <name>.debug_info</name>
         <load_address>0x10f1f</load_address>
         <run_address>0x10f1f</run_address>
         <size>0x263</size>
         <input_file_ref idref="fl-ed"/>
      </object_component>
      <object_component id="oc-df">
         <name>.debug_info</name>
         <load_address>0x11182</load_address>
         <run_address>0x11182</run_address>
         <size>0x2db</size>
         <input_file_ref idref="fl-ed"/>
      </object_component>
      <object_component id="oc-126">
         <name>.debug_info</name>
         <load_address>0x1145d</load_address>
         <run_address>0x1145d</run_address>
         <size>0x2b5</size>
         <input_file_ref idref="fl-ed"/>
      </object_component>
      <object_component id="oc-1ea">
         <name>.debug_info</name>
         <load_address>0x11712</load_address>
         <run_address>0x11712</run_address>
         <size>0x5f</size>
         <input_file_ref idref="fl-ed"/>
      </object_component>
      <object_component id="oc-217">
         <name>.debug_info</name>
         <load_address>0x11771</load_address>
         <run_address>0x11771</run_address>
         <size>0x227</size>
         <input_file_ref idref="fl-ee"/>
      </object_component>
      <object_component id="oc-176">
         <name>.debug_info</name>
         <load_address>0x11998</load_address>
         <run_address>0x11998</run_address>
         <size>0x247</size>
         <input_file_ref idref="fl-ee"/>
      </object_component>
      <object_component id="oc-211">
         <name>.debug_info</name>
         <load_address>0x11bdf</load_address>
         <run_address>0x11bdf</run_address>
         <size>0x249</size>
         <input_file_ref idref="fl-ee"/>
      </object_component>
      <object_component id="oc-170">
         <name>.debug_info</name>
         <load_address>0x11e28</load_address>
         <run_address>0x11e28</run_address>
         <size>0x326</size>
         <input_file_ref idref="fl-ee"/>
      </object_component>
      <object_component id="oc-17c">
         <name>.debug_info</name>
         <load_address>0x1214e</load_address>
         <run_address>0x1214e</run_address>
         <size>0x273</size>
         <input_file_ref idref="fl-ee"/>
      </object_component>
      <object_component id="oc-182">
         <name>.debug_info</name>
         <load_address>0x123c1</load_address>
         <run_address>0x123c1</run_address>
         <size>0x24d</size>
         <input_file_ref idref="fl-ee"/>
      </object_component>
      <object_component id="oc-327">
         <name>.debug_info</name>
         <load_address>0x1260e</load_address>
         <run_address>0x1260e</run_address>
         <size>0x96</size>
      </object_component>
      <object_component id="oc-82">
         <name>.debug_line</name>
         <load_address>0x0</load_address>
         <run_address>0x0</run_address>
         <size>0x41</size>
         <input_file_ref idref="fl-2"/>
      </object_component>
      <object_component id="oc-35">
         <name>.debug_line</name>
         <load_address>0x41</load_address>
         <run_address>0x41</run_address>
         <size>0x41</size>
         <input_file_ref idref="fl-2"/>
      </object_component>
      <object_component id="oc-32">
         <name>.debug_line</name>
         <load_address>0x82</load_address>
         <run_address>0x82</run_address>
         <size>0xa1</size>
         <input_file_ref idref="fl-2"/>
      </object_component>
      <object_component id="oc-40">
         <name>.debug_line</name>
         <load_address>0x123</load_address>
         <run_address>0x123</run_address>
         <size>0x20</size>
         <input_file_ref idref="fl-2"/>
      </object_component>
      <object_component id="oc-86">
         <name>.debug_line</name>
         <load_address>0x143</load_address>
         <run_address>0x143</run_address>
         <size>0x6d</size>
         <input_file_ref idref="fl-2"/>
      </object_component>
      <object_component id="oc-249">
         <name>.debug_line</name>
         <load_address>0x1b0</load_address>
         <run_address>0x1b0</run_address>
         <size>0x1ff</size>
         <input_file_ref idref="fl-3"/>
      </object_component>
      <object_component id="oc-21e">
         <name>.debug_line</name>
         <load_address>0x3af</load_address>
         <run_address>0x3af</run_address>
         <size>0x6f</size>
         <input_file_ref idref="fl-3"/>
      </object_component>
      <object_component id="oc-245">
         <name>.debug_line</name>
         <load_address>0x41e</load_address>
         <run_address>0x41e</run_address>
         <size>0x5f</size>
         <input_file_ref idref="fl-3"/>
      </object_component>
      <object_component id="oc-220">
         <name>.debug_line</name>
         <load_address>0x47d</load_address>
         <run_address>0x47d</run_address>
         <size>0x5f</size>
         <input_file_ref idref="fl-3"/>
      </object_component>
      <object_component id="oc-21c">
         <name>.debug_line</name>
         <load_address>0x4dc</load_address>
         <run_address>0x4dc</run_address>
         <size>0x5f</size>
         <input_file_ref idref="fl-3"/>
      </object_component>
      <object_component id="oc-f4">
         <name>.debug_line</name>
         <load_address>0x53b</load_address>
         <run_address>0x53b</run_address>
         <size>0x4e6</size>
         <input_file_ref idref="fl-3"/>
      </object_component>
      <object_component id="oc-24d">
         <name>.debug_line</name>
         <load_address>0xa21</load_address>
         <run_address>0xa21</run_address>
         <size>0x6d</size>
         <input_file_ref idref="fl-3"/>
      </object_component>
      <object_component id="oc-15f">
         <name>.debug_line</name>
         <load_address>0xa8e</load_address>
         <run_address>0xa8e</run_address>
         <size>0x20</size>
         <input_file_ref idref="fl-3"/>
      </object_component>
      <object_component id="oc-1de">
         <name>.debug_line</name>
         <load_address>0xaae</load_address>
         <run_address>0xaae</run_address>
         <size>0x6d</size>
         <input_file_ref idref="fl-3"/>
      </object_component>
      <object_component id="oc-ee">
         <name>.debug_line</name>
         <load_address>0xb1b</load_address>
         <run_address>0xb1b</run_address>
         <size>0xb5</size>
         <input_file_ref idref="fl-4"/>
      </object_component>
      <object_component id="oc-fa">
         <name>.debug_line</name>
         <load_address>0xbd0</load_address>
         <run_address>0xbd0</run_address>
         <size>0x64</size>
         <input_file_ref idref="fl-5"/>
      </object_component>
      <object_component id="oc-1e4">
         <name>.debug_line</name>
         <load_address>0xc34</load_address>
         <run_address>0xc34</run_address>
         <size>0x10c</size>
         <input_file_ref idref="fl-6"/>
      </object_component>
      <object_component id="oc-1e2">
         <name>.debug_line</name>
         <load_address>0xd40</load_address>
         <run_address>0xd40</run_address>
         <size>0x39</size>
         <input_file_ref idref="fl-6"/>
      </object_component>
      <object_component id="oc-b2">
         <name>.debug_line</name>
         <load_address>0xd79</load_address>
         <run_address>0xd79</run_address>
         <size>0x67</size>
         <input_file_ref idref="fl-6"/>
      </object_component>
      <object_component id="oc-20d">
         <name>.debug_line</name>
         <load_address>0xde0</load_address>
         <run_address>0xde0</run_address>
         <size>0xdb</size>
         <input_file_ref idref="fl-7"/>
      </object_component>
      <object_component id="oc-e8">
         <name>.debug_line</name>
         <load_address>0xebb</load_address>
         <run_address>0xebb</run_address>
         <size>0x119</size>
         <input_file_ref idref="fl-7"/>
      </object_component>
      <object_component id="oc-28">
         <name>.debug_line</name>
         <load_address>0xfd4</load_address>
         <run_address>0xfd4</run_address>
         <size>0x53</size>
         <input_file_ref idref="fl-c3"/>
      </object_component>
      <object_component id="oc-ce">
         <name>.debug_line</name>
         <load_address>0x1027</load_address>
         <run_address>0x1027</run_address>
         <size>0x20</size>
         <input_file_ref idref="fl-c4"/>
      </object_component>
      <object_component id="oc-16">
         <name>.debug_line</name>
         <load_address>0x1047</load_address>
         <run_address>0x1047</run_address>
         <size>0xa9</size>
         <input_file_ref idref="fl-c4"/>
      </object_component>
      <object_component id="oc-3b">
         <name>.debug_line</name>
         <load_address>0x10f0</load_address>
         <run_address>0x10f0</run_address>
         <size>0x3a</size>
         <input_file_ref idref="fl-c4"/>
      </object_component>
      <object_component id="oc-8b">
         <name>.debug_line</name>
         <load_address>0x112a</load_address>
         <run_address>0x112a</run_address>
         <size>0x8a</size>
         <input_file_ref idref="fl-c4"/>
      </object_component>
      <object_component id="oc-95">
         <name>.debug_line</name>
         <load_address>0x11b4</load_address>
         <run_address>0x11b4</run_address>
         <size>0x8a</size>
         <input_file_ref idref="fl-c5"/>
      </object_component>
      <object_component id="oc-1c">
         <name>.debug_line</name>
         <load_address>0x123e</load_address>
         <run_address>0x123e</run_address>
         <size>0x55</size>
         <input_file_ref idref="fl-c5"/>
      </object_component>
      <object_component id="oc-4b">
         <name>.debug_line</name>
         <load_address>0x1293</load_address>
         <run_address>0x1293</run_address>
         <size>0x3a</size>
         <input_file_ref idref="fl-c5"/>
      </object_component>
      <object_component id="oc-92">
         <name>.debug_line</name>
         <load_address>0x12cd</load_address>
         <run_address>0x12cd</run_address>
         <size>0x8a</size>
         <input_file_ref idref="fl-c5"/>
      </object_component>
      <object_component id="oc-9a">
         <name>.debug_line</name>
         <load_address>0x1357</load_address>
         <run_address>0x1357</run_address>
         <size>0x8a</size>
         <input_file_ref idref="fl-c6"/>
      </object_component>
      <object_component id="oc-115">
         <name>.debug_line</name>
         <load_address>0x13e1</load_address>
         <run_address>0x13e1</run_address>
         <size>0xf2</size>
         <input_file_ref idref="fl-c7"/>
      </object_component>
      <object_component id="oc-109">
         <name>.debug_line</name>
         <load_address>0x14d3</load_address>
         <run_address>0x14d3</run_address>
         <size>0x2a</size>
         <input_file_ref idref="fl-c7"/>
      </object_component>
      <object_component id="oc-76">
         <name>.debug_line</name>
         <load_address>0x14fd</load_address>
         <run_address>0x14fd</run_address>
         <size>0x86</size>
         <input_file_ref idref="fl-c7"/>
      </object_component>
      <object_component id="oc-1c9">
         <name>.debug_line</name>
         <load_address>0x1583</load_address>
         <run_address>0x1583</run_address>
         <size>0x57</size>
         <input_file_ref idref="fl-c8"/>
      </object_component>
      <object_component id="oc-46">
         <name>.debug_line</name>
         <load_address>0x15da</load_address>
         <run_address>0x15da</run_address>
         <size>0x88</size>
         <input_file_ref idref="fl-c9"/>
      </object_component>
      <object_component id="oc-c2">
         <name>.debug_line</name>
         <load_address>0x1662</load_address>
         <run_address>0x1662</run_address>
         <size>0xff</size>
         <input_file_ref idref="fl-ca"/>
      </object_component>
      <object_component id="oc-7d">
         <name>.debug_line</name>
         <load_address>0x1761</load_address>
         <run_address>0x1761</run_address>
         <size>0x2c</size>
         <input_file_ref idref="fl-ca"/>
      </object_component>
      <object_component id="oc-261">
         <name>.debug_line</name>
         <load_address>0x178d</load_address>
         <run_address>0x178d</run_address>
         <size>0x2c</size>
         <input_file_ref idref="fl-ca"/>
      </object_component>
      <object_component id="oc-1c3">
         <name>.debug_line</name>
         <load_address>0x17b9</load_address>
         <run_address>0x17b9</run_address>
         <size>0x2fa</size>
         <input_file_ref idref="fl-ca"/>
      </object_component>
      <object_component id="oc-c6">
         <name>.debug_line</name>
         <load_address>0x1ab3</load_address>
         <run_address>0x1ab3</run_address>
         <size>0x8a</size>
[...]
         <object_component_ref idref="oc-f0"/>
      </symbol>
      <symbol id="sm-ec">
         <name>sendI2C</name>
         <value>0x189d</value>
         <object_component_ref idref="oc-f0"/>
      </symbol>
      <symbol id="sm-ed">
         <name>writeAngle</name>
         <value>0x1aaf</value>
         <object_component_ref idref="oc-f0"/>
      </symbol>
      <symbol id="sm-ee">
         <name>floatToString</name>
         <value>0x1a09</value>
         <object_component_ref idref="oc-f0"/>
      </symbol>
      <symbol id="sm-ef">
         <name>l_delay_ms</name>
         <value>0x1837</value>
         <object_component_ref idref="oc-f0"/>
      </symbol>
      <symbol id="sm-f0">
         <name>sendData</name>
         <value>0x195f</value>
         <object_component_ref idref="oc-f0"/>
      </symbol>
      <symbol id="sm-f1">
         <name>initI2C</name>
         <value>0x1853</value>
         <object_component_ref idref="oc-f0"/>
      </symbol>
      <symbol id="sm-f2">
         <name>UARTwrite</name>
         <value>0x13f3</value>
         <object_component_ref idref="oc-f0"/>
      </symbol>
      <symbol id="sm-f3">
         <name>write</name>
         <value>0x1a39</value>
         <object_component_ref idref="oc-f0"/>
      </symbol>
      <symbol id="sm-f4">
         <name>initLCD</name>
         <value>0x19bb</value>
         <object_component_ref idref="oc-f0"/>
      </symbol>
      <symbol id="sm-f5">
         <name>BLEN</name>
         <value>0x20000c08</value>
         <object_component_ref idref="oc-18a"/>
      </symbol>
      <symbol id="sm-f6">
         <name>address</name>
         <value>0x20000c04</value>
         <object_component_ref idref="oc-18a"/>
      </symbol>
      <symbol id="sm-f7">
         <name>UARTprintf</name>
         <value>0x1813</value>
         <object_component_ref idref="oc-f0"/>
      </symbol>
      <symbol id="sm-f8">
         <name>UARTvprintf</name>
         <value>0x1519</value>
         <object_component_ref idref="oc-f0"/>
      </symbol>
      <symbol id="sm-f9">
         <name>sendCommand</name>
         <value>0x1903</value>
         <object_component_ref idref="oc-f0"/>
      </symbol>
      <symbol id="sm-113">
         <name>s_delay_ms</name>
         <value>0x226d</value>
         <object_component_ref idref="oc-ea"/>
      </symbol>
      <symbol id="sm-114">
         <name>rotateServo</name>
         <value>0x22db</value>
         <object_component_ref idref="oc-ea"/>
      </symbol>
      <symbol id="sm-115">
         <name>initServo</name>
         <value>0x2289</value>
         <object_component_ref idref="oc-ea"/>
      </symbol>
      <symbol id="sm-122">
         <name>delay_us</name>
         <value>0x335f</value>
         <object_component_ref idref="oc-f6"/>
      </symbol>
      <symbol id="sm-123">
         <name>delay_ms</name>
         <value>0x3345</value>
         <object_component_ref idref="oc-f6"/>
      </symbol>
      <symbol id="sm-13d">
         <name>main</name>
         <value>0x2dcd</value>
         <object_component_ref idref="oc-ae"/>
      </symbol>
      <symbol id="sm-15e">
         <name>sendBinary</name>
         <value>0x24cd</value>
         <object_component_ref idref="oc-e4"/>
      </symbol>
      <symbol id="sm-15f">
         <name>setPeriod</name>
         <value>0x23fd</value>
         <object_component_ref idref="oc-e4"/>
      </symbol>
      <symbol id="sm-160">
         <name>setPulseWidth</name>
         <value>0x240d</value>
         <object_component_ref idref="oc-e4"/>
      </symbol>
      <symbol id="sm-161">
         <name>t_delay_ms</name>
         <value>0x23e1</value>
         <object_component_ref idref="oc-e4"/>
      </symbol>
      <symbol id="sm-162">
         <name>initTransmitter</name>
         <value>0x241d</value>
         <object_component_ref idref="oc-e4"/>
      </symbol>
      <symbol id="sm-163">
         <name>sendBit</name>
         <value>0x246f</value>
         <object_component_ref idref="oc-e4"/>
      </symbol>
      <symbol id="sm-174">
         <name>_c_int00</name>
         <value>0x2fdd</value>
         <object_component_ref idref="oc-24"/>
      </symbol>
      <symbol id="sm-175">
         <name>__stack</name>
         <value>0x20000000</value>
         <object_component_ref idref="oc-2a"/>
      </symbol>
      <symbol id="sm-193">
         <name>__TI_decompress_lzss</name>
         <value>0x2eb1</value>
         <object_component_ref idref="oc-12"/>
      </symbol>
      <symbol id="sm-1aa">
         <name>__TI_decompress_none</name>
         <value>0x3575</value>
         <object_component_ref idref="oc-18"/>
      </symbol>
      <symbol id="sm-1d1">
         <name>C$$EXIT</name>
         <value>0x3031</value>
         <object_component_ref idref="oc-72"/>
      </symbol>
      <symbol id="sm-1d2">
         <name>abort</name>
         <value>0x3035</value>
         <object_component_ref idref="oc-72"/>
      </symbol>
      <symbol id="sm-1d3">
         <name>exit</name>
         <value>0x303d</value>
         <object_component_ref idref="oc-72"/>
      </symbol>
      <symbol id="sm-1d4">
         <name>__TI_dtors_ptr</name>
         <value>0x20000c14</value>
         <object_component_ref idref="oc-b6"/>
      </symbol>
      <symbol id="sm-1d5">
         <name>__TI_cleanup_ptr</name>
         <value>0x20000c10</value>
         <object_component_ref idref="oc-b6"/>
      </symbol>
      <symbol id="sm-1d6">
         <name>__TI_enable_exit_profile_output</name>
         <value>0x20000c18</value>
         <object_component_ref idref="oc-b6"/>
      </symbol>
      <symbol id="sm-1e1">
         <name>__aeabi_f2d</name>
         <value>0x330d</value>
         <object_component_ref idref="oc-1c5"/>
      </symbol>
      <symbol id="sm-1fc">
         <name>memcpy</name>
         <value>0x2ba9</value>
         <object_component_ref idref="oc-42"/>
      </symbol>
      <symbol id="sm-1fd">
         <name>__aeabi_memcpy</name>
         <value>0x2ba9</value>
         <object_component_ref idref="oc-42"/>
      </symbol>
      <symbol id="sm-1fe">
         <name>__aeabi_memcpy8</name>
         <value>0x2ba9</value>
         <object_component_ref idref="oc-42"/>
      </symbol>
      <symbol id="sm-1ff">
         <name>__aeabi_memcpy4</name>
         <value>0x2ba9</value>
         <object_component_ref idref="oc-42"/>
      </symbol>
      <symbol id="sm-276">
         <name>_sys_memory</name>
         <value>0x20000800</value>
         <object_component_ref idref="oc-2b"/>
      </symbol>
      <symbol id="sm-277">
         <name>free</name>
         <value>0x1bdb</value>
         <object_component_ref idref="oc-1bf"/>
      </symbol>
      <symbol id="sm-278">
         <name>realloc</name>
         <value>0x1c9b</value>
         <object_component_ref idref="oc-1bf"/>
      </symbol>
      <symbol id="sm-279">
         <name>memalign</name>
         <value>0x1da5</value>
         <object_component_ref idref="oc-1bf"/>
      </symbol>
      <symbol id="sm-27a">
         <name>calloc</name>
         <value>0x1e91</value>
         <object_component_ref idref="oc-1bf"/>
      </symbol>
      <symbol id="sm-27b">
         <name>malloc</name>
         <value>0x1b71</value>
         <object_component_ref idref="oc-1bf"/>
      </symbol>
      <symbol id="sm-27c">
         <name>minit</name>
         <value>0x1af1</value>
         <object_component_ref idref="oc-1bf"/>
      </symbol>
      <symbol id="sm-28b">
         <name>__aeabi_memset</name>
         <value>0x2d53</value>
         <object_component_ref idref="oc-4e"/>
      </symbol>
      <symbol id="sm-28c">
         <name>memset</name>
         <value>0x2d59</value>
         <object_component_ref idref="oc-4e"/>
      </symbol>
      <symbol id="sm-28d">
         <name>__aeabi_memset8</name>
         <value>0x2d53</value>
         <object_component_ref idref="oc-4e"/>
      </symbol>
      <symbol id="sm-28e">
         <name>__aeabi_memset4</name>
         <value>0x2d53</value>
         <object_component_ref idref="oc-4e"/>
      </symbol>
      <symbol id="sm-28f">
         <name>__aeabi_memclr8</name>
         <value>0x2d51</value>
         <object_component_ref idref="oc-4e"/>
      </symbol>
      <symbol id="sm-290">
         <name>__aeabi_memclr4</name>
         <value>0x2d51</value>
         <object_component_ref idref="oc-4e"/>
      </symbol>
      <symbol id="sm-291">
         <name>__aeabi_memclr</name>
         <value>0x2d51</value>
         <object_component_ref idref="oc-4e"/>
      </symbol>
      <symbol id="sm-29b">
         <name>__mpu_init</name>
         <value>0x226b</value>
         <object_component_ref idref="oc-5a"/>
      </symbol>
      <symbol id="sm-2a5">
         <name>_system_pre_init</name>
         <value>0x35d7</value>
         <object_component_ref idref="oc-60"/>
      </symbol>
      <symbol id="sm-2be">
         <name>sprintf</name>
         <value>0x2f7d</value>
         <object_component_ref idref="oc-1ca"/>
      </symbol>
      <symbol id="sm-2c6">
         <name>main_func_sp</name>
         <value>0x20000c34</value>
         <object_component_ref idref="oc-78"/>
      </symbol>
      <symbol id="sm-2d4">
         <name>strlen</name>
         <value>0x3509</value>
         <object_component_ref idref="oc-1d3"/>
      </symbol>
      <symbol id="sm-2e3">
         <name>__aeabi_uidivmod</name>
         <value>0x3293</value>
         <object_component_ref idref="oc-190"/>
      </symbol>
      <symbol id="sm-2e4">
         <name>__aeabi_uidiv</name>
         <value>0x3293</value>
         <object_component_ref idref="oc-190"/>
      </symbol>
      <symbol id="sm-2fd">
         <name>_nop</name>
         <value>0x34ef</value>
         <object_component_ref idref="oc-10a"/>
      </symbol>
      <symbol id="sm-2fe">
         <name>_lock</name>
         <value>0x20000c28</value>
         <object_component_ref idref="oc-b9"/>
      </symbol>
      <symbol id="sm-2ff">
         <name>_unlock</name>
         <value>0x20000c2c</value>
         <object_component_ref idref="oc-b9"/>
      </symbol>
      <symbol id="sm-300">
         <name>_register_lock</name>
         <value>0x34e7</value>
         <object_component_ref idref="oc-10a"/>
      </symbol>
      <symbol id="sm-301">
         <name>_register_unlock</name>
         <value>0x34e1</value>
         <object_component_ref idref="oc-10a"/>
      </symbol>
      <symbol id="sm-402">
         <name>__TI_printfi</name>
         <value>0xab1</value>
         <object_component_ref idref="oc-23b"/>
      </symbol>
      <symbol id="sm-416">
         <name>_args_main</name>
         <value>0x3489</value>
         <object_component_ref idref="oc-6c"/>
      </symbol>
      <symbol id="sm-42c">
         <name>atoi</name>
         <value>0x3125</value>
         <object_component_ref idref="oc-2a2"/>
      </symbol>
      <symbol id="sm-456">
         <name>__TI_auto_init</name>
         <value>0x2e41</value>
         <object_component_ref idref="oc-66"/>
      </symbol>
      <symbol id="sm-470">
         <name>copy_in</name>
         <value>0x3171</value>
         <object_component_ref idref="oc-a0"/>
      </symbol>
      <symbol id="sm-47b">
         <name>_ctypes_</name>
         <value>0x35dc</value>
         <object_component_ref idref="oc-2e1"/>
      </symbol>
      <symbol id="sm-492">
         <name>__aeabi_dsub</name>
         <value>0x20b5</value>
         <object_component_ref idref="oc-28b"/>
      </symbol>
      <symbol id="sm-493">
         <name>__aeabi_dadd</name>
         <value>0x20bf</value>
         <object_component_ref idref="oc-28b"/>
      </symbol>
      <symbol id="sm-4b5">
         <name>__aeabi_cdcmpeq</name>
         <value>0x2c45</value>
         <object_component_ref idref="oc-267"/>
      </symbol>
      <symbol id="sm-4b6">
         <name>__aeabi_cdcmple</name>
         <value>0x2c45</value>
         <object_component_ref idref="oc-267"/>
      </symbol>
      <symbol id="sm-4b7">
         <name>__aeabi_cdrcmple</name>
         <value>0x2ccb</value>
         <object_component_ref idref="oc-276"/>
      </symbol>
      <symbol id="sm-4cb">
         <name>__aeabi_ddiv</name>
         <value>0x2545</value>
         <object_component_ref idref="oc-271"/>
      </symbol>
      <symbol id="sm-4d6">
         <name>__aeabi_dmul</name>
         <value>0x28bd</value>
         <object_component_ref idref="oc-26c"/>
      </symbol>
      <symbol id="sm-4e0">
         <name>__aeabi_d2iz</name>
         <value>0x3205</value>
         <object_component_ref idref="oc-27b"/>
      </symbol>
      <symbol id="sm-4ea">
         <name>__aeabi_idiv0</name>
         <value>0x13ab</value>
         <object_component_ref idref="oc-221"/>
      </symbol>
      <symbol id="sm-4f4">
         <name>__aeabi_i2d</name>
         <value>0x33b1</value>
         <object_component_ref idref="oc-286"/>
      </symbol>
      <symbol id="sm-503">
         <name>ltoa</name>
         <value>0x3085</value>
         <object_component_ref idref="oc-280"/>
      </symbol>
      <symbol id="sm-513">
         <name>memccpy</name>
         <value>0x346b</value>
         <object_component_ref idref="oc-2a8"/>
      </symbol>
      <symbol id="sm-52e">
         <name>frexpl</name>
         <value>0x2f19</value>
         <object_component_ref idref="oc-290"/>
      </symbol>
      <symbol id="sm-52f">
         <name>frexp</name>
         <value>0x2f19</value>
         <object_component_ref idref="oc-290"/>
      </symbol>
      <symbol id="sm-54c">
         <name>scalbn</name>
         <value>0x29b9</value>
         <object_component_ref idref="oc-296"/>
      </symbol>
      <symbol id="sm-54d">
         <name>scalbnl</name>
         <value>0x29b9</value>
         <object_component_ref idref="oc-296"/>
      </symbol>
      <symbol id="sm-54e">
         <name>ldexpl</name>
         <value>0x29b9</value>
         <object_component_ref idref="oc-296"/>
      </symbol>
      <symbol id="sm-54f">
         <name>ldexp</name>
         <value>0x29b9</value>
         <object_component_ref idref="oc-296"/>
      </symbol>
      <symbol id="sm-559">
         <name>_system_post_cinit</name>
         <value>0x2dcb</value>
         <object_component_ref idref="oc-a6"/>
      </symbol>
      <symbol id="sm-569">
         <name>strchr</name>
         <value>0x34a1</value>
         <object_component_ref idref="oc-29c"/>
      </symbol>
      <symbol id="sm-585">
         <name>__aeabi_uldivmod</name>
         <value>0x1ec1</value>
         <object_component_ref idref="oc-262"/>
      </symbol>
      <symbol id="sm-58d">
         <name>errno</name>
         <value>0x20000c30</value>
         <object_component_ref idref="oc-2da"/>
      </symbol>
      <symbol id="sm-597">
         <name>copysign</name>
         <value>0x34f5</value>
         <object_component_ref idref="oc-2d4"/>
      </symbol>
      <symbol id="sm-598">
         <name>copysignl</name>
         <value>0x34f5</value>
         <object_component_ref idref="oc-2d4"/>
      </symbol>
      <symbol id="sm-5da">
         <name>GPIOPinTypePWM</name>
         <value>0x3541</value>
         <object_component_ref idref="oc-143"/>
      </symbol>
      <symbol id="sm-5db">
         <name>GPIOPinConfigure</name>
         <value>0x31bd</value>
         <object_component_ref idref="oc-13d"/>
      </symbol>
      <symbol id="sm-5dc">
         <name>GPIOPinTypeI2CSCL</name>
         <value>0x352f</value>
         <object_component_ref idref="oc-195"/>
      </symbol>
      <symbol id="sm-5dd">
         <name>GPIOPinTypeI2C</name>
         <value>0x351d</value>
         <object_component_ref idref="oc-19b"/>
      </symbol>
      <symbol id="sm-5de">
         <name>GPIODirModeSet</name>
         <value>0x33df</value>
         <object_component_ref idref="oc-1fc"/>
      </symbol>
      <symbol id="sm-5df">
         <name>GPIOPadConfigSet</name>
         <value>0x267b</value>
         <object_component_ref idref="oc-202"/>
      </symbol>
      <symbol id="sm-618">
         <name>I2CMasterDataPut</name>
         <value>0x35d3</value>
         <object_component_ref idref="oc-1ad"/>
      </symbol>
      <symbol id="sm-619">
         <name>I2CMasterInitExpClk</name>
         <value>0x30d9</value>
         <object_component_ref idref="oc-1a1"/>
      </symbol>
      <symbol id="sm-61a">
         <name>I2CMasterSlaveAddrSet</name>
         <value>0x35c1</value>
         <object_component_ref idref="oc-1a7"/>
      </symbol>
      <symbol id="sm-61b">
         <name>I2CMasterControl</name>
         <value>0x35cf</value>
         <object_component_ref idref="oc-1b3"/>
      </symbol>
      <symbol id="sm-61c">
         <name>I2CMasterBusy</name>
         <value>0x35b9</value>
         <object_component_ref idref="oc-1b9"/>
      </symbol>
      <symbol id="sm-61d">
         <name>I2CMasterEnable</name>
         <value>0x359b</value>
         <object_component_ref idref="oc-22a"/>
      </symbol>
      <symbol id="sm-64b">
         <name>PWMGenPeriodSet</name>
         <value>0x3565</value>
         <object_component_ref idref="oc-12b"/>
      </symbol>
      <symbol id="sm-64c">
         <name>PWMPulseWidthSet</name>
         <value>0x344d</value>
         <object_component_ref idref="oc-131"/>
      </symbol>
      <symbol id="sm-64d">
         <name>PWMOutputState</name>
         <value>0x3553</value>
         <object_component_ref idref="oc-155"/>
      </symbol>
      <symbol id="sm-64e">
         <name>PWMGenEnable</name>
         <value>0x3583</value>
         <object_component_ref idref="oc-14f"/>
      </symbol>
      <symbol id="sm-64f">
         <name>PWMGenConfigure</name>
         <value>0x3409</value>
         <object_component_ref idref="oc-149"/>
      </symbol>
      <symbol id="sm-6b6">
         <name>SysCtlPeripheralPresent</name>
         <value>0x32d5</value>
         <object_component_ref idref="oc-169"/>
      </symbol>
      <symbol id="sm-6b7">
         <name>SysCtlClockSet</name>
         <value>0x2ab5</value>
         <object_component_ref idref="oc-de"/>
      </symbol>
      <symbol id="sm-6b8">
         <name>SysCtlDelay</name>
         <value>0x35c9</value>
         <object_component_ref idref="oc-122"/>
      </symbol>
      <symbol id="sm-6b9">
         <name>SysCtlPeripheralEnable</name>
         <value>0x337d</value>
         <object_component_ref idref="oc-137"/>
      </symbol>
      <symbol id="sm-6ba">
         <name>SysCtlClockGet</name>
         <value>0x27ad</value>
         <object_component_ref idref="oc-125"/>
      </symbol>
      <symbol id="sm-6bb">
         <name>SysCtlPWMClockSet</name>
         <value>0x34b9</value>
         <object_component_ref idref="oc-162"/>
      </symbol>
      <symbol id="sm-6ee">
         <name>UARTConfigSetExpClk</name>
         <value>0x324d</value>
         <object_component_ref idref="oc-16f"/>
      </symbol>
      <symbol id="sm-6ef">
         <name>UARTDisable</name>
         <value>0x342d</value>
         <object_component_ref idref="oc-210"/>
      </symbol>
      <symbol id="sm-6f0">
         <name>UARTCharPut</name>
         <value>0x35af</value>
         <object_component_ref idref="oc-17b"/>
      </symbol>
      <symbol id="sm-6f1">
         <name>UARTEnable</name>
         <value>0x34cd</value>
         <object_component_ref idref="oc-175"/>
      </symbol>
      <symbol id="sm-6f2">
         <name>UARTCharGet</name>
         <value>0x35a5</value>
         <object_component_ref idref="oc-181"/>
      </symbol>
      <symbol id="sm-6f4">
         <name>__TI_static_base__</name>
         <value>0x0</value>
      </symbol>
      <symbol id="sm-6f7">
         <name>SHT$$INIT_ARRAY$$Limit</name>
         <value>0x0</value>
      </symbol>
      <symbol id="sm-6f8">
         <name>SHT$$INIT_ARRAY$$Base</name>
         <value>0x0</value>
      </symbol>
   </symbol_table>
   <title>Link successful</title>
</link_info>
