******************************************************************************
                  TI ARM Linker Unix v16.9.6                   
******************************************************************************
>> Linked Mon Feb 26 22:39:20 2018

OUTPUT FILE NAME:   <ECE397.out>
ENTRY POINT SYMBOL: "_c_int00"  address: 000033e5


MEMORY CONFIGURATION

         name            origin    length      used     unused   attr    fill
----------------------  --------  ---------  --------  --------  ----  --------
  FLASH                 00000000   00040000  00003e98  0003c168  R  X
  SRAM                  20000000   00008000  00000ec8  00007138  RW X


SEGMENT ALLOCATION MAP

run origin  load origin   length   init length attrs members
----------  ----------- ---------- ----------- ----- -------
00000000    00000000    00003e98   00003e98    r-x
  00000000    00000000    0000026c   0000026c    r-- .intvecs
  0000026c    0000026c    0000389c   0000389c    r-x .text
  00003b08    00003b08    00000340   00000340    r-- .const
  00003e48    00003e48    00000050   00000050    r-- .cinit
20000000    20000000    00000ecc   00000000    rw-
  20000000    20000000    0000026c   00000000    rw- .vtable
  2000026c    2000026c    00000800   00000000    rw- .stack
  20000a70    20000a70    00000400   00000000    rw- .sysmem
  20000e70    20000e70    0000005c   00000000    rw- .data


SECTION ALLOCATION MAP

 output                                  attributes/
section   page    origin      length       input sections
--------  ----  ----------  ----------   ----------------
.intvecs   0    00000000    0000026c     
                  00000000    0000026c     tm4c123gh6pm_startup_ccs.obj (.intvecs)

.text      0    0000026c    0000389c     
                  0000026c    0000113e     rtsv7M4_T_le_v4SPD16_eabi.lib : _printfi.obj (.text)
                  000013aa    00000002                                   : i_div0.obj (.text)
                  000013ac    0000072c     lcd.obj (.text)
                  00001ad8    000003d0     rtsv7M4_T_le_v4SPD16_eabi.lib : memory.obj (.text)
                  00001ea8    00000238     servo.obj (.text)
                  000020e0    000001f4     rtsv7M4_T_le_v4SPD16_eabi.lib : ull_div_t2.obj (.text)
                  000022d4    000001dc     transmitter.obj (.text)
                  000024b0    000001b6     rtsv7M4_T_le_v4SPD16_eabi.lib : fd_add_t2.obj (.text)
                  00002666    00000002                                   : mpu_init.obj (.text)
                  00002668    00000164     receiver.obj (.text)
                  000027cc    00000136     rtsv7M4_T_le_v4SPD16_eabi.lib : fd_div_t2.obj (.text)
                  00002902    00000132     driverlib.lib : gpio.obj (.text:GPIOPadConfigSet)
                  00002a34    00000110                   : sysctl.obj (.text:SysCtlClockGet)
                  00002b44    000000fc     rtsv7M4_T_le_v4SPD16_eabi.lib : fd_mul_t2.obj (.text)
                  00002c40    000000fc                                   : s_scalbn.obj (.text)
                  00002d3c    000000f4     driverlib.lib : sysctl.obj (.text:SysCtlClockSet)
                  00002e30    000000c4     main.obj (.text)
                  00002ef4    0000009c     rtsv7M4_T_le_v4SPD16_eabi.lib : memcpy_t2.obj (.text)
                  00002f90    00000086                                   : fd_cmp_t2.obj (.text:__aeabi_cdcmple)
                  00003016    00000086                                   : fd_cmp_t2.obj (.text:__aeabi_cdrcmple)
                  0000309c    0000007a                                   : memset_t2.obj (.text)
                  00003116    00000002                                   : startup.obj (.text)
                  00003118    00000070                                   : autoinit.obj (.text)
                  00003188    00000068     driverlib.lib : interrupt.obj (.text:IntDisable)
                  000031f0    00000068                   : interrupt.obj (.text:IntEnable)
                  00003258    00000068     rtsv7M4_T_le_v4SPD16_eabi.lib : copy_decompress_lzss.obj (.text:decompress:lzss)
                  000032c0    00000064                                   : s_frexp.obj (.text)
                  00003324    00000060     driverlib.lib : timer.obj (.text:TimerConfigure)
                  00003384    00000060     rtsv7M4_T_le_v4SPD16_eabi.lib : sprintf.obj (.text)
                  000033e4    00000054                                   : boot.obj (.text)
                  00003438    00000054                                   : exit.obj (.text)
                  0000348c    00000054                                   : ltoa.obj (.text)
                  000034e0    0000004c     driverlib.lib : i2c.obj (.text:I2CMasterInitExpClk)
                  0000352c    0000004c                   : timer.obj (.text:_TimerIntNumberGet)
                  00003578    0000004c     rtsv7M4_T_le_v4SPD16_eabi.lib : atoi.obj (.text)
                  000035c4    0000004c                                   : cpy_tbl.obj (.text)
                  00003610    00000048     driverlib.lib : gpio.obj (.text:GPIOPinConfigure)
                  00003658    00000048     rtsv7M4_T_le_v4SPD16_eabi.lib : fd_toi_t2.obj (.text)
                  000036a0    00000046     driverlib.lib : uart.obj (.text:UARTConfigSetExpClk)
                  000036e6    00000040     rtsv7M4_T_le_v4SPD16_eabi.lib : u_divt2.obj (.text)
                  00003726    00000002     --HOLE-- [fill = 0]
                  00003728    00000038     driverlib.lib : sysctl.obj (.text:SysCtlPeripheralPresent)
                  00003760    00000038     rtsv7M4_T_le_v4SPD16_eabi.lib : fs_tod_t2.obj (.text)
                  00003798    00000038     utilFunc.obj (.text)
                  000037d0    00000034     driverlib.lib : interrupt.obj (.text:IntRegister)
                  00003804    00000034                   : sysctl.obj (.text:SysCtlPeripheralEnable)
                  00003838    0000002e     rtsv7M4_T_le_v4SPD16_eabi.lib : i_tofd_t2.obj (.text)
                  00003866    0000002a     driverlib.lib : gpio.obj (.text:GPIODirModeSet)
                  00003890    00000022                   : pwm.obj (.text:PWMGenConfigure)
                  000038b2    00000002     --HOLE-- [fill = 0]
                  000038b4    00000020                   : uart.obj (.text:UARTDisable)
                  000038d4    0000001e                   : pwm.obj (.text:PWMPulseWidthSet)
                  000038f2    0000001c     rtsv7M4_T_le_v4SPD16_eabi.lib : memccpy.obj (.text)
                  0000390e    00000002     --HOLE-- [fill = 0]
                  00003910    00000018     driverlib.lib : timer.obj (.text:TimerDisable)
                  00003928    00000018                   : timer.obj (.text:TimerIntRegister)
                  00003940    00000018     rtsv7M4_T_le_v4SPD16_eabi.lib : args_main.obj (.text)
                  00003958    00000016                                   : strchr.obj (.text)
                  0000396e    00000002     --HOLE-- [fill = 0]
                  00003970    00000014     driverlib.lib : sysctl.obj (.text:SysCtlPWMClockSet)
                  00003984    00000014                   : uart.obj (.text:UARTEnable)
                  00003998    00000014     rtsv7M4_T_le_v4SPD16_eabi.lib : _lock.obj (.text)
                  000039ac    00000014                                   : s_copysign.obj (.text)
                  000039c0    00000014                                   : strlen.obj (.text)
                  000039d4    00000012     driverlib.lib : gpio.obj (.text:GPIOPinTypeGPIOInput)
                  000039e6    00000012                   : gpio.obj (.text:GPIOPinTypeI2C)
                  000039f8    00000012                   : gpio.obj (.text:GPIOPinTypeI2CSCL)
                  00003a0a    00000012                   : gpio.obj (.text:GPIOPinTypePWM)
                  00003a1c    00000012                   : pwm.obj (.text:PWMOutputState)
                  00003a2e    00000012                   : timer.obj (.text:TimerLoadSet)
                  00003a40    00000012                   : timer.obj (.text:TimerPrescaleSet)
                  00003a52    00000010                   : pwm.obj (.text:PWMGenPeriodSet)
                  00003a62    0000000e                   : timer.obj (.text:TimerEnable)
                  00003a70    0000000e     rtsv7M4_T_le_v4SPD16_eabi.lib : copy_decompress_none.obj (.text:decompress:none)
                  00003a7e    0000000c     driverlib.lib : pwm.obj (.text:PWMGenEnable)
                  00003a8a    0000000c     rtsv7M4_T_le_v4SPD16_eabi.lib : copy_zero_init.obj (.text:decompress:ZI)
                  00003a96    0000000c     tm4c123gh6pm_startup_ccs.obj (.text)
                  00003aa2    0000000a     driverlib.lib : i2c.obj (.text:I2CMasterEnable)
                  00003aac    0000000a                   : timer.obj (.text:TimerIntDisable)
                  00003ab6    0000000a                   : timer.obj (.text:TimerValueGet)
                  00003ac0    0000000a                   : uart.obj (.text:UARTCharGet)
                  00003aca    0000000a                   : uart.obj (.text:UARTCharPut)
                  00003ad4    00000008                   : i2c.obj (.text:I2CMasterBusy)
                  00003adc    00000008                   : i2c.obj (.text:I2CMasterSlaveAddrSet)
                  00003ae4    00000008                   : timer.obj (.text:TimerIntEnable)
                  00003aec    00000006                   : gpio.obj (.text:GPIOPinRead)
                  00003af2    00000006                   : sysctl.obj (.text:SysCtlDelay)
                  00003af8    00000004                   : i2c.obj (.text:I2CMasterControl)
                  00003afc    00000004                   : i2c.obj (.text:I2CMasterDataPut)
                  00003b00    00000004                   : timer.obj (.text:TimerIntClear)
                  00003b04    00000004     rtsv7M4_T_le_v4SPD16_eabi.lib : pre_init.obj (.text)

.const     0    00003b08    00000340     
                  00003b08    00000101     rtsv7M4_T_le_v4SPD16_eabi.lib : ctype.obj (.const:.string:_ctypes_)
                  00003c09    00000003     main.obj (.const:.string:$P$T0$1)
                  00003c0c    00000090     driverlib.lib : gpio.obj (.const:g_pui32GPIOBaseAddrs)
                  00003c9c    00000070                   : interrupt.obj (.const)
                  00003d0c    0000006c                   : sysctl.obj (.const:g_pui32Xtals)
                  00003d78    00000060                   : timer.obj (.const:g_ppui32TimerIntMap)
                  00003dd8    00000040                   : timer.obj (.const:g_ppui32TimerIntMapSnowflake)
                  00003e18    00000012     lcd.obj (.const:.string)
                  00003e2a    00000002     --HOLE-- [fill = 0]
                  00003e2c    0000000c     lcd.obj (.const:g_ui32UARTBase)
                  00003e38    0000000c     lcd.obj (.const:g_ui32UARTPeriph)
                  00003e44    00000004     lcd.obj (.const)

.cinit     0    00003e48    00000050     
                  00003e48    00000029     (.cinit..data.load) [load image, compression = lzss]
                  00003e71    00000003     --HOLE-- [fill = 0]
                  00003e74    0000000c     (__TI_handler_table)
                  00003e80    00000008     (.cinit..vtable.load) [load image, compression = zero_init]
                  00003e88    00000010     (__TI_cinit_table)

.init_array 
*          0    00000000    00000000     UNINITIALIZED

.vtable    0    20000000    0000026c     UNINITIALIZED
                  20000000    0000026c     driverlib.lib : interrupt.obj (.vtable)

.stack     0    2000026c    00000800     UNINITIALIZED
                  2000026c    00000800     --HOLE--

.data      0    20000e70    0000005c     UNINITIALIZED
                  20000e70    00000018     receiver.obj (.data)
                  20000e88    0000000d     lcd.obj (.data)
                  20000e95    00000003     --HOLE--
                  20000e98    0000000c     rtsv7M4_T_le_v4SPD16_eabi.lib : exit.obj (.data:$O1$$)
                  20000ea4    0000000c                                   : memory.obj (.data:$O1$$)
                  20000eb0    0000000c     servo.obj (.data)
                  20000ebc    00000008     rtsv7M4_T_le_v4SPD16_eabi.lib : _lock.obj (.data:$O1$$)
                  20000ec4    00000004                                   : errno.obj (.data)
                  20000ec8    00000004                                   : stkdepth_vars.obj (.data)

.sysmem    0    20000a70    00000400     UNINITIALIZED
                  20000a70    00000008     rtsv7M4_T_le_v4SPD16_eabi.lib : memory.obj (.sysmem)
                  20000a78    000003f8     --HOLE--

MODULE SUMMARY

       Module                         code    ro data   rw data
       ------                         ----    -------   -------
    ./
       tm4c123gh6pm_startup_ccs.obj   12      620       0      
    +--+------------------------------+-------+---------+---------+
       Total:                         12      620       0      
                                                               
    ./LCD/
       lcd.obj                        1836    46        13     
    +--+------------------------------+-------+---------+---------+
       Total:                         1836    46        13     
                                                               
    ./Receive/
       receiver.obj                   356     0         24     
    +--+------------------------------+-------+---------+---------+
       Total:                         356     0         24     
                                                               
    ./Servo/
       servo.obj                      568     0         12     
       utilFunc.obj                   56      0         0      
    +--+------------------------------+-------+---------+---------+
       Total:                         624     0         12     
                                                               
    ./Transmitter/
       transmitter.obj                476     0         0      
       main.obj                       196     3         0      
    +--+------------------------------+-------+---------+---------+
       Total:                         672     3         0      
                                                               
    /home/chel/ti/TivaWare_C_Series-2.1.4.178/driverlib/ccs/Debug/driverlib.lib
       interrupt.obj                  260     112       620    
       sysctl.obj                     650     108       0      
       gpio.obj                       498     144       0      
       timer.obj                      302     160       0      
       uart.obj                       142     0         0      
       i2c.obj                        110     0         0      
       pwm.obj                        110     0         0      
    +--+------------------------------+-------+---------+---------+
       Total:                         2072    524       620    
                                                               
    /home/chel/ti/ccsv7/tools/compiler/ti-cgt-arm_16.9.6.LTS/lib/rtsv7M4_T_le_v4SPD16_eabi.lib
       _printfi.obj                   4414    0         0      
       memory.obj                     976     0         12     
       ull_div_t2.obj                 500     0         0      
       fd_add_t2.obj                  438     0         0      
       fd_div_t2.obj                  310     0         0      
       fd_cmp_t2.obj                  268     0         0      
       ctype.obj                      0       257       0      
       fd_mul_t2.obj                  252     0         0      
       s_scalbn.obj                   252     0         0      
       memcpy_t2.obj                  156     0         0      
       memset_t2.obj                  122     0         0      
       autoinit.obj                   112     0         0      
       copy_decompress_lzss.obj       104     0         0      
       s_frexp.obj                    100     0         0      
       exit.obj                       84      0         12     
       sprintf.obj                    96      0         0      
       boot.obj                       84      0         0      
       ltoa.obj                       84      0         0      
       atoi.obj                       76      0         0      
       cpy_tbl.obj                    76      0         0      
       fd_toi_t2.obj                  72      0         0      
       u_divt2.obj                    64      0         0      
       fs_tod_t2.obj                  56      0         0      
       i_tofd_t2.obj                  46      0         0      
       _lock.obj                      20      0         8      
       memccpy.obj                    28      0         0      
       args_main.obj                  24      0         0      
       strchr.obj                     22      0         0      
       s_copysign.obj                 20      0         0      
       strlen.obj                     20      0         0      
       copy_decompress_none.obj       14      0         0      
       copy_zero_init.obj             12      0         0      
       errno.obj                      0       0         4      
       pre_init.obj                   4       0         0      
       stkdepth_vars.obj              0       0         4      
       i_div0.obj                     2       0         0      
       mpu_init.obj                   2       0         0      
       startup.obj                    2       0         0      
    +--+------------------------------+-------+---------+---------+
       Total:                         8912    257       40     
                                                               
       Heap:                          0       0         1024   
       Stack:                         0       0         2048   
       Linker Generated:              0       77        0      
    +--+------------------------------+-------+---------+---------+
       Grand Total:                   14484   1527      3781   


LINKER GENERATED COPY TABLES

__TI_cinit_table @ 00003e88 records: 2, size/record: 8, table size: 16
	.data: load addr=00003e48, load size=00000029 bytes, run addr=20000e70, run size=0000005c bytes, compression=lzss
	.vtable: load addr=00003e80, load size=00000008 bytes, run addr=20000000, run size=0000026c bytes, compression=zero_init


LINKER GENERATED HANDLER TABLE

__TI_handler_table @ 00003e74 records: 3, size/record: 4, table size: 12
	index: 0, handler: __TI_zero_init
	index: 1, handler: __TI_decompress_lzss
	index: 2, handler: __TI_decompress_none


GLOBAL SYMBOLS: SORTED ALPHABETICALLY BY Name 

address   name                           
-------   ----                           
20000e90  BLEN                           
00003439  C$$EXIT                        
00003867  GPIODirModeSet                 
00002903  GPIOPadConfigSet               
00003611  GPIOPinConfigure               
00003aed  GPIOPinRead                    
000039d5  GPIOPinTypeGPIOInput           
000039e7  GPIOPinTypeI2C                 
000039f9  GPIOPinTypeI2CSCL              
00003a0b  GPIOPinTypePWM                 
00003ad5  I2CMasterBusy                  
00003af9  I2CMasterControl               
00003afd  I2CMasterDataPut               
00003aa3  I2CMasterEnable                
000034e1  I2CMasterInitExpClk            
00003add  I2CMasterSlaveAddrSet          
00003189  IntDisable                     
000031f1  IntEnable                      
000037d1  IntRegister                    
00003891  PWMGenConfigure                
00003a7f  PWMGenEnable                   
00003a53  PWMGenPeriodSet                
00003a1d  PWMOutputState                 
000038d5  PWMPulseWidthSet               
00003a97  ResetISR                       
UNDEFED   SHT$$INIT_ARRAY$$Base          
UNDEFED   SHT$$INIT_ARRAY$$Limit         
00002a35  SysCtlClockGet                 
00002d3d  SysCtlClockSet                 
00003af3  SysCtlDelay                    
00003971  SysCtlPWMClockSet              
00003805  SysCtlPeripheralEnable         
00003729  SysCtlPeripheralPresent        
00003325  TimerConfigure                 
00003911  TimerDisable                   
00003a63  TimerEnable                    
00003b01  TimerIntClear                  
00003aad  TimerIntDisable                
00003ae5  TimerIntEnable                 
00003929  TimerIntRegister               
00003a2f  TimerLoadSet                   
00003a41  TimerPrescaleSet               
00003ab7  TimerValueGet                  
00003ac1  UARTCharGet                    
00003acb  UARTCharPut                    
000036a1  UARTConfigSetExpClk            
000038b5  UARTDisable                    
00003985  UARTEnable                     
000013ad  UARTStdioConfig                
000014f3  UARTgetc                       
00001439  UARTgets                       
00001813  UARTprintf                     
00001519  UARTvprintf                    
000013f3  UARTwrite                      
20000a6c  __STACK_END                    
00000800  __STACK_SIZE                   
2000046c  __STACK_TOP                    
00000400  __SYSMEM_SIZE                  
00003e88  __TI_CINIT_Base                
00003e98  __TI_CINIT_Limit               
00003e74  __TI_Handler_Table_Base        
00003e80  __TI_Handler_Table_Limit       
00003119  __TI_auto_init                 
20000e98  __TI_cleanup_ptr               
00003259  __TI_decompress_lzss           
00003a71  __TI_decompress_none           
20000e9c  __TI_dtors_ptr                 
20000ea0  __TI_enable_exit_profile_output
ffffffff  __TI_pprof_out_hndl            
00000ab1  __TI_printfi                   
ffffffff  __TI_prof_data_size            
ffffffff  __TI_prof_data_start           
00000000  __TI_static_base__             
00003a8b  __TI_zero_init                 
00002f91  __aeabi_cdcmpeq                
00002f91  __aeabi_cdcmple                
00003017  __aeabi_cdrcmple               
00003659  __aeabi_d2iz                   
000024bb  __aeabi_dadd                   
000027cd  __aeabi_ddiv                   
00002b45  __aeabi_dmul                   
000024b1  __aeabi_dsub                   
00003761  __aeabi_f2d                    
00003839  __aeabi_i2d                    
000013ab  __aeabi_idiv0                  
0000309d  __aeabi_memclr                 
0000309d  __aeabi_memclr4                
0000309d  __aeabi_memclr8                
00002ef5  __aeabi_memcpy                 
00002ef5  __aeabi_memcpy4                
00002ef5  __aeabi_memcpy8                
0000309f  __aeabi_memset                 
0000309f  __aeabi_memset4                
0000309f  __aeabi_memset8                
000036e7  __aeabi_uidiv                  
000036e7  __aeabi_uidivmod               
000020e1  __aeabi_uldivmod               
ffffffff  __binit__                      
ffffffff  __c_args__                     
00002667  __mpu_init                     
2000026c  __stack                        
00003941  _args_main                     
000033e5  _c_int00                       
00003b08  _ctypes_                       
00002669  _delay_ms                      
20000ebc  _lock                          
000039a7  _nop                           
0000399f  _register_lock                 
00003999  _register_unlock               
20000a70  _sys_memory                    
00003117  _system_post_cinit             
00003b05  _system_pre_init               
20000ec0  _unlock                        
0000343d  abort                          
20000e8c  address                        
00003579  atoi                           
20000e78  binaryReceived                 
ffffffff  binit                          
00001e79  calloc                         
000019ff  clear                          
20000eb4  clockWise                      
000035c5  copy_in                        
000039ad  copysign                       
000039ad  copysignl                      
20000eb8  counterClockwise               
00003799  delay_ms                       
000037b3  delay_us                       
000022f1  enableTransmit                 
20000ec4  errno                          
00003445  exit                           
00001bc3  free                           
000032c1  frexp                          
000032c1  frexpl                         
20000000  g_pfnRAMVectors                
00000000  g_pfnVectors                   
0000275d  initGPIOC                      
00001853  initI2C                        
000019bb  initLCD                        
0000276f  initReceive                    
0000203f  initServo                      
0000270f  initTimer0A                    
0000200d  initTimer1A                    
00002741  initTimer2A                    
00002313  initTransmitter                
00001837  l_delay_ms                     
00002c41  ldexp                          
00002c41  ldexpl                         
0000348d  ltoa                           
00002e31  main                           
20000ec8  main_func_sp                   
00001b59  malloc                         
00001d8d  memalign                       
000038f3  memccpy                        
00002ef5  memcpy                         
000030a5  memset                         
00001ad9  minit                          
20000eb0  previousAngle                  
00001c83  realloc                        
20000e70  received                       
00001ec5  rotateServo                    
00001ea9  s_delay_ms                     
00002c41  scalbn                         
00002c41  scalbnl                        
00002423  sendBinary                     
000023c5  sendBit                        
00001903  sendCommand                    
0000195f  sendData                       
0000189d  sendI2C                        
000022f3  setPeriod                      
00002303  setPulseWidth                  
00003385  sprintf                        
00003959  strchr                         
000039c1  strlen                         
000022d5  t_delay_ms                     
20000e80  time                           
20000e74  timePassed                     
00002685  ultrasoundReceive              
00001a15  write                          
00001a8b  writeAngle                     
000018d1  writeWord                      


GLOBAL SYMBOLS: SORTED BY Symbol Address 

address   name                           
-------   ----                           
00000000  __TI_static_base__             
00000000  g_pfnVectors                   
00000400  __SYSMEM_SIZE                  
00000800  __STACK_SIZE                   
00000ab1  __TI_printfi                   
000013ab  __aeabi_idiv0                  
000013ad  UARTStdioConfig                
000013f3  UARTwrite                      
00001439  UARTgets                       
000014f3  UARTgetc                       
00001519  UARTvprintf                    
00001813  UARTprintf                     
00001837  l_delay_ms                     
00001853  initI2C                        
0000189d  sendI2C                        
000018d1  writeWord                      
00001903  sendCommand                    
0000195f  sendData                       
000019bb  initLCD                        
000019ff  clear                          
00001a15  write                          
00001a8b  writeAngle                     
00001ad9  minit                          
00001b59  malloc                         
00001bc3  free                           
00001c83  realloc                        
00001d8d  memalign                       
00001e79  calloc                         
00001ea9  s_delay_ms                     
00001ec5  rotateServo                    
0000200d  initTimer1A                    
0000203f  initServo                      
000020e1  __aeabi_uldivmod               
000022d5  t_delay_ms                     
000022f1  enableTransmit                 
000022f3  setPeriod                      
00002303  setPulseWidth                  
00002313  initTransmitter                
000023c5  sendBit                        
00002423  sendBinary                     
000024b1  __aeabi_dsub                   
000024bb  __aeabi_dadd                   
00002667  __mpu_init                     
00002669  _delay_ms                      
00002685  ultrasoundReceive              
0000270f  initTimer0A                    
00002741  initTimer2A                    
0000275d  initGPIOC                      
0000276f  initReceive                    
000027cd  __aeabi_ddiv                   
00002903  GPIOPadConfigSet               
00002a35  SysCtlClockGet                 
00002b45  __aeabi_dmul                   
00002c41  ldexp                          
00002c41  ldexpl                         
00002c41  scalbn                         
00002c41  scalbnl                        
00002d3d  SysCtlClockSet                 
00002e31  main                           
00002ef5  __aeabi_memcpy                 
00002ef5  __aeabi_memcpy4                
00002ef5  __aeabi_memcpy8                
00002ef5  memcpy                         
00002f91  __aeabi_cdcmpeq                
00002f91  __aeabi_cdcmple                
00003017  __aeabi_cdrcmple               
0000309d  __aeabi_memclr                 
0000309d  __aeabi_memclr4                
0000309d  __aeabi_memclr8                
0000309f  __aeabi_memset                 
0000309f  __aeabi_memset4                
0000309f  __aeabi_memset8                
000030a5  memset                         
00003117  _system_post_cinit             
00003119  __TI_auto_init                 
00003189  IntDisable                     
000031f1  IntEnable                      
00003259  __TI_decompress_lzss           
000032c1  frexp                          
000032c1  frexpl                         
00003325  TimerConfigure                 
00003385  sprintf                        
000033e5  _c_int00                       
00003439  C$$EXIT                        
0000343d  abort                          
00003445  exit                           
0000348d  ltoa                           
000034e1  I2CMasterInitExpClk            
00003579  atoi                           
000035c5  copy_in                        
00003611  GPIOPinConfigure               
00003659  __aeabi_d2iz                   
000036a1  UARTConfigSetExpClk            
000036e7  __aeabi_uidiv                  
000036e7  __aeabi_uidivmod               
00003729  SysCtlPeripheralPresent        
00003761  __aeabi_f2d                    
00003799  delay_ms                       
000037b3  delay_us                       
000037d1  IntRegister                    
00003805  SysCtlPeripheralEnable         
00003839  __aeabi_i2d                    
00003867  GPIODirModeSet                 
00003891  PWMGenConfigure                
000038b5  UARTDisable                    
000038d5  PWMPulseWidthSet               
000038f3  memccpy                        
00003911  TimerDisable                   
00003929  TimerIntRegister               
00003941  _args_main                     
00003959  strchr                         
00003971  SysCtlPWMClockSet              
00003985  UARTEnable                     
00003999  _register_unlock               
0000399f  _register_lock                 
000039a7  _nop                           
000039ad  copysign                       
000039ad  copysignl                      
000039c1  strlen                         
000039d5  GPIOPinTypeGPIOInput           
000039e7  GPIOPinTypeI2C                 
000039f9  GPIOPinTypeI2CSCL              
00003a0b  GPIOPinTypePWM                 
00003a1d  PWMOutputState                 
00003a2f  TimerLoadSet                   
00003a41  TimerPrescaleSet               
00003a53  PWMGenPeriodSet                
00003a63  TimerEnable                    
00003a71  __TI_decompress_none           
00003a7f  PWMGenEnable                   
00003a8b  __TI_zero_init                 
00003a97  ResetISR                       
00003aa3  I2CMasterEnable                
00003aad  TimerIntDisable                
00003ab7  TimerValueGet                  
00003ac1  UARTCharGet                    
00003acb  UARTCharPut                    
00003ad5  I2CMasterBusy                  
00003add  I2CMasterSlaveAddrSet          
00003ae5  TimerIntEnable                 
00003aed  GPIOPinRead                    
00003af3  SysCtlDelay                    
00003af9  I2CMasterControl               
00003afd  I2CMasterDataPut               
00003b01  TimerIntClear                  
00003b05  _system_pre_init               
00003b08  _ctypes_                       
00003e74  __TI_Handler_Table_Base        
00003e80  __TI_Handler_Table_Limit       
00003e88  __TI_CINIT_Base                
00003e98  __TI_CINIT_Limit               
20000000  g_pfnRAMVectors                
2000026c  __stack                        
2000046c  __STACK_TOP                    
20000a6c  __STACK_END                    
20000a70  _sys_memory                    
20000e70  received                       
20000e74  timePassed                     
20000e78  binaryReceived                 
20000e80  time                           
20000e8c  address                        
20000e90  BLEN                           
20000e98  __TI_cleanup_ptr               
20000e9c  __TI_dtors_ptr                 
20000ea0  __TI_enable_exit_profile_output
20000eb0  previousAngle                  
20000eb4  clockWise                      
20000eb8  counterClockwise               
20000ebc  _lock                          
20000ec0  _unlock                        
20000ec4  errno                          
20000ec8  main_func_sp                   
ffffffff  __TI_pprof_out_hndl            
ffffffff  __TI_prof_data_size            
ffffffff  __TI_prof_data_start           
ffffffff  __binit__                      
ffffffff  __c_args__                     
ffffffff  binit                          
UNDEFED   SHT$$INIT_ARRAY$$Base          
UNDEFED   SHT$$INIT_ARRAY$$Limit         

[180 symbols]
