<?xml version="1.0"?>
<link_info>
   <banner>TI ARM Linker Unix v16.9.6.LTS</banner>
   <copyright>Copyright (c) 1996-2017 Texas Instruments Incorporated</copyright>
   <link_time>0x5ae307e2</link_time>
   <link_errors>0x0</link_errors>
   <output_file>ECE397.out</output_file>
   <entry_point>
      <name>_c_int00</name>
      <address>0x4435</address>
   </entry_point>
   <input_file_list>
      <input_file id="fl-2">
         <path>./</path>
         <kind>object</kind>
         <file>main.obj</file>
         <name>main.obj</name>
      </input_file>
      <input_file id="fl-3">
         <path>./</path>
         <kind>object</kind>
         <file>tm4c123gh6pm_startup_ccs.obj</file>
         <name>tm4c123gh6pm_startup_ccs.obj</name>
      </input_file>
      <input_file id="fl-4">
         <path>./LCD/</path>
         <kind>object</kind>
         <file>lcd.obj</file>
         <name>lcd.obj</name>
      </input_file>
      <input_file id="fl-5">
         <path>./Servo/</path>
         <kind>object</kind>
         <file>servo.obj</file>
         <name>servo.obj</name>
      </input_file>
      <input_file id="fl-6">
         <path>./Servo/</path>
         <kind>object</kind>
         <file>utilFunc.obj</file>
         <name>utilFunc.obj</name>
      </input_file>
      <input_file id="fl-7">
         <path>./Transmitter/</path>
         <kind>object</kind>
         <file>transmitter.obj</file>
         <name>transmitter.obj</name>
      </input_file>
      <input_file id="fl-d">
         <kind>object</kind>
         <file>&lt;internal&gt;</file>
         <name>&lt;internal&gt;</name>
      </input_file>
      <input_file id="fl-c3">
         <path>/home/chel/ti/ccsv7/tools/compiler/ti-cgt-arm_16.9.6.LTS/lib/</path>
         <kind>archive</kind>
         <file>rtsv7M4_T_le_v4SPD16_eabi.lib</file>
         <name>boot.obj</name>
      </input_file>
      <input_file id="fl-c4">
         <path>/home/chel/ti/ccsv7/tools/compiler/ti-cgt-arm_16.9.6.LTS/lib/</path>
         <kind>archive</kind>
         <file>rtsv7M4_T_le_v4SPD16_eabi.lib</file>
         <name>copy_decompress_lzss.obj</name>
      </input_file>
      <input_file id="fl-c5">
         <path>/home/chel/ti/ccsv7/tools/compiler/ti-cgt-arm_16.9.6.LTS/lib/</path>
         <kind>archive</kind>
         <file>rtsv7M4_T_le_v4SPD16_eabi.lib</file>
         <name>copy_decompress_none.obj</name>
      </input_file>
      <input_file id="fl-c6">
         <path>/home/chel/ti/ccsv7/tools/compiler/ti-cgt-arm_16.9.6.LTS/lib/</path>
         <kind>archive</kind>
         <file>rtsv7M4_T_le_v4SPD16_eabi.lib</file>
         <name>copy_zero_init.obj</name>
      </input_file>
      <input_file id="fl-c7">
         <path>/home/chel/ti/ccsv7/tools/compiler/ti-cgt-arm_16.9.6.LTS/lib/</path>
         <kind>archive</kind>
         <file>rtsv7M4_T_le_v4SPD16_eabi.lib</file>
         <name>exit.obj</name>
      </input_file>
      <input_file id="fl-c8">
         <path>/home/chel/ti/ccsv7/tools/compiler/ti-cgt-arm_16.9.6.LTS/lib/</path>
         <kind>archive</kind>
         <file>rtsv7M4_T_le_v4SPD16_eabi.lib</file>
         <name>fd_mul_t2.obj</name>
      </input_file>
      <input_file id="fl-c9">
         <path>/home/chel/ti/ccsv7/tools/compiler/ti-cgt-arm_16.9.6.LTS/lib/</path>
         <kind>archive</kind>
         <file>rtsv7M4_T_le_v4SPD16_eabi.lib</file>
         <name>fd_toi_t2.obj</name>
      </input_file>
      <input_file id="fl-ca">
         <path>/home/chel/ti/ccsv7/tools/compiler/ti-cgt-arm_16.9.6.LTS/lib/</path>
         <kind>archive</kind>
         <file>rtsv7M4_T_le_v4SPD16_eabi.lib</file>
         <name>fs_tod_t2.obj</name>
      </input_file>
      <input_file id="fl-cb">
         <path>/home/chel/ti/ccsv7/tools/compiler/ti-cgt-arm_16.9.6.LTS/lib/</path>
         <kind>archive</kind>
         <file>rtsv7M4_T_le_v4SPD16_eabi.lib</file>
         <name>i_tofd_t2.obj</name>
      </input_file>
      <input_file id="fl-cc">
         <path>/home/chel/ti/ccsv7/tools/compiler/ti-cgt-arm_16.9.6.LTS/lib/</path>
         <kind>archive</kind>
         <file>rtsv7M4_T_le_v4SPD16_eabi.lib</file>
         <name>memcpy_t2.obj</name>
      </input_file>
      <input_file id="fl-cd">
         <path>/home/chel/ti/ccsv7/tools/compiler/ti-cgt-arm_16.9.6.LTS/lib/</path>
         <kind>archive</kind>
         <file>rtsv7M4_T_le_v4SPD16_eabi.lib</file>
         <name>memory.obj</name>
      </input_file>
      <input_file id="fl-ce">
         <path>/home/chel/ti/ccsv7/tools/compiler/ti-cgt-arm_16.9.6.LTS/lib/</path>
         <kind>archive</kind>
         <file>rtsv7M4_T_le_v4SPD16_eabi.lib</file>
         <name>memset_t2.obj</name>
      </input_file>
      <input_file id="fl-cf">
         <path>/home/chel/ti/ccsv7/tools/compiler/ti-cgt-arm_16.9.6.LTS/lib/</path>
         <kind>archive</kind>
         <file>rtsv7M4_T_le_v4SPD16_eabi.lib</file>
         <name>mpu_init.obj</name>
      </input_file>
      <input_file id="fl-d0">
         <path>/home/chel/ti/ccsv7/tools/compiler/ti-cgt-arm_16.9.6.LTS/lib/</path>
         <kind>archive</kind>
         <file>rtsv7M4_T_le_v4SPD16_eabi.lib</file>
         <name>pre_init.obj</name>
      </input_file>
      <input_file id="fl-d1">
         <path>/home/chel/ti/ccsv7/tools/compiler/ti-cgt-arm_16.9.6.LTS/lib/</path>
         <kind>archive</kind>
         <file>rtsv7M4_T_le_v4SPD16_eabi.lib</file>
         <name>sprintf.obj</name>
      </input_file>
      <input_file id="fl-d2">
         <path>/home/chel/ti/ccsv7/tools/compiler/ti-cgt-arm_16.9.6.LTS/lib/</path>
         <kind>archive</kind>
         <file>rtsv7M4_T_le_v4SPD16_eabi.lib</file>
         <name>stkdepth_vars.obj</name>
      </input_file>
      <input_file id="fl-d3">
         <path>/home/chel/ti/ccsv7/tools/compiler/ti-cgt-arm_16.9.6.LTS/lib/</path>
         <kind>archive</kind>
         <file>rtsv7M4_T_le_v4SPD16_eabi.lib</file>
         <name>strcmp.obj</name>
      </input_file>
      <input_file id="fl-d4">
         <path>/home/chel/ti/ccsv7/tools/compiler/ti-cgt-arm_16.9.6.LTS/lib/</path>
         <kind>archive</kind>
         <file>rtsv7M4_T_le_v4SPD16_eabi.lib</file>
         <name>strlen.obj</name>
      </input_file>
      <input_file id="fl-d5">
         <path>/home/chel/ti/ccsv7/tools/compiler/ti-cgt-arm_16.9.6.LTS/lib/</path>
         <kind>archive</kind>
         <file>rtsv7M4_T_le_v4SPD16_eabi.lib</file>
         <name>u_divt2.obj</name>
      </input_file>
      <input_file id="fl-d6">
         <path>/home/chel/ti/ccsv7/tools/compiler/ti-cgt-arm_16.9.6.LTS/lib/</path>
         <kind>archive</kind>
         <file>rtsv7M4_T_le_v4SPD16_eabi.lib</file>
         <name>_lock.obj</name>
      </input_file>
      <input_file id="fl-d7">
         <path>/home/chel/ti/ccsv7/tools/compiler/ti-cgt-arm_16.9.6.LTS/lib/</path>
         <kind>archive</kind>
         <file>rtsv7M4_T_le_v4SPD16_eabi.lib</file>
         <name>_printfi.obj</name>
      </input_file>
      <input_file id="fl-d8">
         <path>/home/chel/ti/ccsv7/tools/compiler/ti-cgt-arm_16.9.6.LTS/lib/</path>
         <kind>archive</kind>
         <file>rtsv7M4_T_le_v4SPD16_eabi.lib</file>
         <name>args_main.obj</name>
      </input_file>
      <input_file id="fl-d9">
         <path>/home/chel/ti/ccsv7/tools/compiler/ti-cgt-arm_16.9.6.LTS/lib/</path>
         <kind>archive</kind>
         <file>rtsv7M4_T_le_v4SPD16_eabi.lib</file>
         <name>atoi.obj</name>
      </input_file>
      <input_file id="fl-da">
         <path>/home/chel/ti/ccsv7/tools/compiler/ti-cgt-arm_16.9.6.LTS/lib/</path>
         <kind>archive</kind>
         <file>rtsv7M4_T_le_v4SPD16_eabi.lib</file>
         <name>autoinit.obj</name>
      </input_file>
      <input_file id="fl-db">
         <path>/home/chel/ti/ccsv7/tools/compiler/ti-cgt-arm_16.9.6.LTS/lib/</path>
         <kind>archive</kind>
         <file>rtsv7M4_T_le_v4SPD16_eabi.lib</file>
         <name>cpy_tbl.obj</name>
      </input_file>
      <input_file id="fl-dc">
         <path>/home/chel/ti/ccsv7/tools/compiler/ti-cgt-arm_16.9.6.LTS/lib/</path>
         <kind>archive</kind>
         <file>rtsv7M4_T_le_v4SPD16_eabi.lib</file>
         <name>ctype.obj</name>
      </input_file>
      <input_file id="fl-dd">
         <path>/home/chel/ti/ccsv7/tools/compiler/ti-cgt-arm_16.9.6.LTS/lib/</path>
         <kind>archive</kind>
         <file>rtsv7M4_T_le_v4SPD16_eabi.lib</file>
         <name>fd_add_t2.obj</name>
      </input_file>
      <input_file id="fl-de">
         <path>/home/chel/ti/ccsv7/tools/compiler/ti-cgt-arm_16.9.6.LTS/lib/</path>
         <kind>archive</kind>
         <file>rtsv7M4_T_le_v4SPD16_eabi.lib</file>
         <name>fd_cmp_t2.obj</name>
      </input_file>
      <input_file id="fl-df">
         <path>/home/chel/ti/ccsv7/tools/compiler/ti-cgt-arm_16.9.6.LTS/lib/</path>
         <kind>archive</kind>
         <file>rtsv7M4_T_le_v4SPD16_eabi.lib</file>
         <name>fd_div_t2.obj</name>
      </input_file>
      <input_file id="fl-e0">
         <path>/home/chel/ti/ccsv7/tools/compiler/ti-cgt-arm_16.9.6.LTS/lib/</path>
         <kind>archive</kind>
         <file>rtsv7M4_T_le_v4SPD16_eabi.lib</file>
         <name>i_div0.obj</name>
      </input_file>
      <input_file id="fl-e1">
         <path>/home/chel/ti/ccsv7/tools/compiler/ti-cgt-arm_16.9.6.LTS/lib/</path>
         <kind>archive</kind>
         <file>rtsv7M4_T_le_v4SPD16_eabi.lib</file>
         <name>ltoa.obj</name>
      </input_file>
      <input_file id="fl-e2">
         <path>/home/chel/ti/ccsv7/tools/compiler/ti-cgt-arm_16.9.6.LTS/lib/</path>
         <kind>archive</kind>
         <file>rtsv7M4_T_le_v4SPD16_eabi.lib</file>
         <name>memccpy.obj</name>
      </input_file>
      <input_file id="fl-e3">
         <path>/home/chel/ti/ccsv7/tools/compiler/ti-cgt-arm_16.9.6.LTS/lib/</path>
         <kind>archive</kind>
         <file>rtsv7M4_T_le_v4SPD16_eabi.lib</file>
         <name>s_frexp.obj</name>
      </input_file>
      <input_file id="fl-e4">
         <path>/home/chel/ti/ccsv7/tools/compiler/ti-cgt-arm_16.9.6.LTS/lib/</path>
         <kind>archive</kind>
         <file>rtsv7M4_T_le_v4SPD16_eabi.lib</file>
         <name>s_scalbn.obj</name>
      </input_file>
      <input_file id="fl-e5">
         <path>/home/chel/ti/ccsv7/tools/compiler/ti-cgt-arm_16.9.6.LTS/lib/</path>
         <kind>archive</kind>
         <file>rtsv7M4_T_le_v4SPD16_eabi.lib</file>
         <name>startup.obj</name>
      </input_file>
      <input_file id="fl-e6">
         <path>/home/chel/ti/ccsv7/tools/compiler/ti-cgt-arm_16.9.6.LTS/lib/</path>
         <kind>archive</kind>
         <file>rtsv7M4_T_le_v4SPD16_eabi.lib</file>
         <name>strchr.obj</name>
      </input_file>
      <input_file id="fl-e7">
         <path>/home/chel/ti/ccsv7/tools/compiler/ti-cgt-arm_16.9.6.LTS/lib/</path>
         <kind>archive</kind>
         <file>rtsv7M4_T_le_v4SPD16_eabi.lib</file>
         <name>ull_div_t2.obj</name>
      </input_file>
      <input_file id="fl-e8">
         <path>/home/chel/ti/ccsv7/tools/compiler/ti-cgt-arm_16.9.6.LTS/lib/</path>
         <kind>archive</kind>
         <file>rtsv7M4_T_le_v4SPD16_eabi.lib</file>
         <name>errno.obj</name>
      </input_file>
      <input_file id="fl-e9">
         <path>/home/chel/ti/ccsv7/tools/compiler/ti-cgt-arm_16.9.6.LTS/lib/</path>
         <kind>archive</kind>
         <file>rtsv7M4_T_le_v4SPD16_eabi.lib</file>
         <name>s_copysign.obj</name>
      </input_file>
      <input_file id="fl-ea">
         <path>/home/chel/ti/TivaWare_C_Series-2.1.4.178/driverlib/ccs/Debug/</path>
         <kind>archive</kind>
         <file>driverlib.lib</file>
         <name>gpio.obj</name>
      </input_file>
      <input_file id="fl-eb">
         <path>/home/chel/ti/TivaWare_C_Series-2.1.4.178/driverlib/ccs/Debug/</path>
         <kind>archive</kind>
         <file>driverlib.lib</file>
         <name>i2c.obj</name>
      </input_file>
      <input_file id="fl-ec">
         <path>/home/chel/ti/TivaWare_C_Series-2.1.4.178/driverlib/ccs/Debug/</path>
         <kind>archive</kind>
         <file>driverlib.lib</file>
         <name>interrupt.obj</name>
      </input_file>
      <input_file id="fl-ed">
         <path>/home/chel/ti/TivaWare_C_Series-2.1.4.178/driverlib/ccs/Debug/</path>
         <kind>archive</kind>
         <file>driverlib.lib</file>
         <name>pwm.obj</name>
      </input_file>
      <input_file id="fl-ee">
         <path>/home/chel/ti/TivaWare_C_Series-2.1.4.178/driverlib/ccs/Debug/</path>
         <kind>archive</kind>
         <file>driverlib.lib</file>
         <name>sysctl.obj</name>
      </input_file>
      <input_file id="fl-ef">
         <path>/home/chel/ti/TivaWare_C_Series-2.1.4.178/driverlib/ccs/Debug/</path>
         <kind>archive</kind>
         <file>driverlib.lib</file>
         <name>timer.obj</name>
      </input_file>
      <input_file id="fl-f0">
         <path>/home/chel/ti/TivaWare_C_Series-2.1.4.178/driverlib/ccs/Debug/</path>
         <kind>archive</kind>
         <file>driverlib.lib</file>
         <name>uart.obj</name>
      </input_file>
      <input_file id="fl-f1">
         <path>/home/chel/ti/TivaWare_C_Series-2.1.4.178/driverlib/ccs/Debug/</path>
         <kind>archive</kind>
         <file>driverlib.lib</file>
         <name>cpu.obj</name>
      </input_file>
      <input_file id="fl-f2">
         <path>/home/chel/Documents/ARM/Util/Debug/</path>
         <kind>archive</kind>
         <file>Util.lib</file>
         <name>uart.obj</name>
      </input_file>
      <input_file id="fl-f3">
         <path>/home/chel/ti/ccsv7/tools/compiler/ti-cgt-arm_16.9.6.LTS/lib/</path>
         <kind>archive</kind>
         <file>rtsv7M4_T_le_v4SPD16_eabi.lib</file>
         <name>vsnprintf.obj</name>
      </input_file>
   </input_file_list>
   <object_component_list>
      <object_component id="oc-f">
         <name>.intvecs</name>
         <load_address>0x0</load_address>
         <run_address>0x0</run_address>
         <size>0x26c</size>
         <input_file_ref idref="fl-3"/>
      </object_component>
      <object_component id="oc-ae">
         <name>.text</name>
         <load_address>0x26c</load_address>
         <run_address>0x26c</run_address>
         <size>0x156c</size>
         <input_file_ref idref="fl-2"/>
      </object_component>
      <object_component id="oc-331">
         <name>.text</name>
         <load_address>0x17d8</load_address>
         <run_address>0x17d8</run_address>
         <size>0x113e</size>
         <input_file_ref idref="fl-d7"/>
      </object_component>
      <object_component id="oc-24c">
         <name>.text</name>
         <load_address>0x2916</load_address>
         <run_address>0x2916</run_address>
         <size>0x2</size>
         <input_file_ref idref="fl-e0"/>
      </object_component>
      <object_component id="oc-149">
         <name>.text</name>
         <load_address>0x2918</load_address>
         <run_address>0x2918</run_address>
         <size>0x466</size>
         <input_file_ref idref="fl-4"/>
      </object_component>
      <object_component id="oc-5a">
         <name>.text</name>
         <load_address>0x2d7e</load_address>
         <run_address>0x2d7e</run_address>
         <size>0x2</size>
         <input_file_ref idref="fl-cf"/>
      </object_component>
      <object_component id="oc-2b8">
         <name>.text</name>
         <load_address>0x2d80</load_address>
         <run_address>0x2d80</run_address>
         <size>0x3d0</size>
         <input_file_ref idref="fl-cd"/>
      </object_component>
      <object_component id="oc-38b">
         <name>.text</name>
         <load_address>0x3150</load_address>
         <run_address>0x3150</run_address>
         <size>0x1f4</size>
         <input_file_ref idref="fl-e7"/>
      </object_component>
      <object_component id="oc-3a5">
         <name>.text</name>
         <load_address>0x3344</load_address>
         <run_address>0x3344</run_address>
         <size>0x1b6</size>
         <input_file_ref idref="fl-dd"/>
      </object_component>
      <object_component id="oc-a6">
         <name>.text</name>
         <load_address>0x34fa</load_address>
         <run_address>0x34fa</run_address>
         <size>0x2</size>
         <input_file_ref idref="fl-e5"/>
      </object_component>
      <object_component id="oc-1f7">
         <name>.text</name>
         <load_address>0x34fc</load_address>
         <run_address>0x34fc</run_address>
         <size>0x188</size>
         <input_file_ref idref="fl-7"/>
      </object_component>
      <object_component id="oc-395">
         <name>.text</name>
         <load_address>0x3684</load_address>
         <run_address>0x3684</run_address>
         <size>0x136</size>
         <input_file_ref idref="fl-df"/>
      </object_component>
      <object_component id="oc-18e">
         <name>.text:GPIOPadConfigSet</name>
         <load_address>0x37ba</load_address>
         <run_address>0x37ba</run_address>
         <size>0x132</size>
         <input_file_ref idref="fl-ea"/>
      </object_component>
      <object_component id="oc-115">
         <name>.text:SysCtlClockGet</name>
         <load_address>0x38ec</load_address>
         <run_address>0x38ec</run_address>
         <size>0x110</size>
         <input_file_ref idref="fl-ee"/>
      </object_component>
      <object_component id="oc-1ec">
         <name>.text</name>
         <load_address>0x39fc</load_address>
         <run_address>0x39fc</run_address>
         <size>0xfc</size>
         <input_file_ref idref="fl-c8"/>
      </object_component>
      <object_component id="oc-3b0">
         <name>.text</name>
         <load_address>0x3af8</load_address>
         <run_address>0x3af8</run_address>
         <size>0xfc</size>
         <input_file_ref idref="fl-e4"/>
      </object_component>
      <object_component id="oc-1fe">
         <name>.text:SysCtlClockSet</name>
         <load_address>0x3bf4</load_address>
         <run_address>0x3bf4</run_address>
         <size>0xf4</size>
         <input_file_ref idref="fl-ee"/>
      </object_component>
      <object_component id="oc-143">
         <name>.text</name>
         <load_address>0x3ce8</load_address>
         <run_address>0x3ce8</run_address>
         <size>0xc4</size>
         <input_file_ref idref="fl-f2"/>
      </object_component>
      <object_component id="oc-131">
         <name>.text</name>
         <load_address>0x3dac</load_address>
         <run_address>0x3dac</run_address>
         <size>0xb8</size>
         <input_file_ref idref="fl-5"/>
      </object_component>
      <object_component id="oc-42">
         <name>.text</name>
         <load_address>0x3e64</load_address>
         <run_address>0x3e64</run_address>
         <size>0x9c</size>
         <input_file_ref idref="fl-cc"/>
      </object_component>
      <object_component id="oc-280">
         <name>.text</name>
         <load_address>0x3f00</load_address>
         <run_address>0x3f00</run_address>
         <size>0x88</size>
         <input_file_ref idref="fl-f3"/>
      </object_component>
      <object_component id="oc-390">
         <name>.text:__aeabi_cdcmple</name>
         <load_address>0x3f88</load_address>
         <run_address>0x3f88</run_address>
         <size>0x86</size>
         <input_file_ref idref="fl-de"/>
      </object_component>
      <object_component id="oc-39a">
         <name>.text:__aeabi_cdrcmple</name>
         <load_address>0x400e</load_address>
         <run_address>0x400e</run_address>
         <size>0x86</size>
         <input_file_ref idref="fl-de"/>
      </object_component>
      <object_component id="oc-4e">
         <name>.text</name>
         <load_address>0x4094</load_address>
         <run_address>0x4094</run_address>
         <size>0x7a</size>
         <input_file_ref idref="fl-ce"/>
      </object_component>
      <object_component id="oc-66">
         <name>.text</name>
         <load_address>0x4110</load_address>
         <run_address>0x4110</run_address>
         <size>0x70</size>
         <input_file_ref idref="fl-da"/>
      </object_component>
      <object_component id="oc-194">
         <name>.text:IntDisable</name>
         <load_address>0x4180</load_address>
         <run_address>0x4180</run_address>
         <size>0x68</size>
         <input_file_ref idref="fl-ec"/>
      </object_component>
      <object_component id="oc-167">
         <name>.text:IntEnable</name>
         <load_address>0x41e8</load_address>
         <run_address>0x41e8</run_address>
         <size>0x68</size>
         <input_file_ref idref="fl-ec"/>
      </object_component>
      <object_component id="oc-12">
         <name>.text:decompress:lzss</name>
         <load_address>0x4250</load_address>
         <run_address>0x4250</run_address>
         <size>0x68</size>
         <input_file_ref idref="fl-c4"/>
      </object_component>
      <object_component id="oc-3aa">
         <name>.text</name>
         <load_address>0x42b8</load_address>
         <run_address>0x42b8</run_address>
         <size>0x64</size>
         <input_file_ref idref="fl-e3"/>
      </object_component>
      <object_component id="oc-155">
         <name>.text:TimerConfigure</name>
         <load_address>0x431c</load_address>
         <run_address>0x431c</run_address>
         <size>0x60</size>
         <input_file_ref idref="fl-ef"/>
      </object_component>
      <object_component id="oc-2c3">
         <name>.text</name>
         <load_address>0x437c</load_address>
         <run_address>0x437c</run_address>
         <size>0x60</size>
         <input_file_ref idref="fl-d1"/>
      </object_component>
      <object_component id="oc-1ce">
         <name>.text:GPIOIntTypeSet</name>
         <load_address>0x43dc</load_address>
         <run_address>0x43dc</run_address>
         <size>0x56</size>
         <input_file_ref idref="fl-ea"/>
      </object_component>
      <object_component id="oc-24">
         <name>.text</name>
         <load_address>0x4434</load_address>
         <run_address>0x4434</run_address>
         <size>0x54</size>
         <input_file_ref idref="fl-c3"/>
      </object_component>
      <object_component id="oc-72">
         <name>.text</name>
         <load_address>0x4488</load_address>
         <run_address>0x4488</run_address>
         <size>0x54</size>
         <input_file_ref idref="fl-c7"/>
      </object_component>
      <object_component id="oc-39f">
         <name>.text</name>
         <load_address>0x44dc</load_address>
         <run_address>0x44dc</run_address>
         <size>0x54</size>
         <input_file_ref idref="fl-e1"/>
      </object_component>
      <object_component id="oc-294">
         <name>.text:I2CMasterInitExpClk</name>
         <load_address>0x4530</load_address>
         <run_address>0x4530</run_address>
         <size>0x4c</size>
         <input_file_ref idref="fl-eb"/>
      </object_component>
      <object_component id="oc-2d1">
         <name>.text:_TimerIntNumberGet</name>
         <load_address>0x457c</load_address>
         <run_address>0x457c</run_address>
         <size>0x4c</size>
         <input_file_ref idref="fl-ef"/>
      </object_component>
      <object_component id="oc-3bc">
         <name>.text</name>
         <load_address>0x45c8</load_address>
         <run_address>0x45c8</run_address>
         <size>0x4c</size>
         <input_file_ref idref="fl-d9"/>
      </object_component>
      <object_component id="oc-a0">
         <name>.text</name>
         <load_address>0x4614</load_address>
         <run_address>0x4614</run_address>
         <size>0x4c</size>
         <input_file_ref idref="fl-db"/>
      </object_component>
      <object_component id="oc-173">
         <name>.text:GPIOPinConfigure</name>
         <load_address>0x4660</load_address>
         <run_address>0x4660</run_address>
         <size>0x48</size>
         <input_file_ref idref="fl-ea"/>
      </object_component>
      <object_component id="oc-1f1">
         <name>.text</name>
         <load_address>0x46a8</load_address>
         <run_address>0x46a8</run_address>
         <size>0x48</size>
         <input_file_ref idref="fl-c9"/>
      </object_component>
      <object_component id="oc-ef">
         <name>.text:UARTConfigSetExpClk</name>
         <load_address>0x46f0</load_address>
         <run_address>0x46f0</run_address>
         <size>0x46</size>
         <input_file_ref idref="fl-f0"/>
      </object_component>
      <object_component id="oc-2fe">
         <name>.text:_GPIOIntNumberGet</name>
         <load_address>0x4738</load_address>
         <run_address>0x4738</run_address>
         <size>0x44</size>
         <input_file_ref idref="fl-ea"/>
      </object_component>
      <object_component id="oc-110">
         <name>.text</name>
         <load_address>0x477c</load_address>
         <run_address>0x477c</run_address>
         <size>0x40</size>
         <input_file_ref idref="fl-d5"/>
      </object_component>
      <object_component id="oc-e3">
         <name>.text:SysCtlPeripheralPresent</name>
         <load_address>0x47bc</load_address>
         <run_address>0x47bc</run_address>
         <size>0x38</size>
         <input_file_ref idref="fl-ee"/>
      </object_component>
      <object_component id="oc-2be">
         <name>.text</name>
         <load_address>0x47f4</load_address>
         <run_address>0x47f4</run_address>
         <size>0x38</size>
         <input_file_ref idref="fl-ca"/>
      </object_component>
      <object_component id="oc-2d7">
         <name>.text:IntRegister</name>
         <load_address>0x482c</load_address>
         <run_address>0x482c</run_address>
         <size>0x34</size>
         <input_file_ref idref="fl-ec"/>
      </object_component>
      <object_component id="oc-e9">
         <name>.text:SysCtlPeripheralEnable</name>
         <load_address>0x4860</load_address>
         <run_address>0x4860</run_address>
         <size>0x34</size>
         <input_file_ref idref="fl-ee"/>
      </object_component>
      <object_component id="oc-1e7">
         <name>.text</name>
         <load_address>0x4894</load_address>
         <run_address>0x4894</run_address>
         <size>0x2e</size>
         <input_file_ref idref="fl-cb"/>
      </object_component>
      <object_component id="oc-2e9">
         <name>.text:GPIODirModeSet</name>
         <load_address>0x48c2</load_address>
         <run_address>0x48c2</run_address>
         <size>0x2a</size>
         <input_file_ref idref="fl-ea"/>
      </object_component>
      <object_component id="oc-1d4">
         <name>.text:IntPrioritySet</name>
         <load_address>0x48ec</load_address>
         <run_address>0x48ec</run_address>
         <size>0x24</size>
         <input_file_ref idref="fl-ec"/>
      </object_component>
      <object_component id="oc-264">
         <name>.text:PWMGenConfigure</name>
         <load_address>0x4910</load_address>
         <run_address>0x4910</run_address>
         <size>0x22</size>
         <input_file_ref idref="fl-ed"/>
      </object_component>
      <object_component id="oc-237">
         <name>.text:UARTDisable</name>
         <load_address>0x4934</load_address>
         <run_address>0x4934</run_address>
         <size>0x20</size>
         <input_file_ref idref="fl-f0"/>
      </object_component>
      <object_component id="oc-204">
         <name>.text:PWMPulseWidthSet</name>
         <load_address>0x4954</load_address>
         <run_address>0x4954</run_address>
         <size>0x1e</size>
         <input_file_ref idref="fl-ed"/>
      </object_component>
      <object_component id="oc-3c2">
         <name>.text</name>
         <load_address>0x4972</load_address>
         <run_address>0x4972</run_address>
         <size>0x1c</size>
         <input_file_ref idref="fl-e2"/>
      </object_component>
      <object_component id="oc-1c8">
         <name>.text:GPIOIntRegister</name>
         <load_address>0x498e</load_address>
         <run_address>0x498e</run_address>
         <size>0x18</size>
         <input_file_ref idref="fl-ea"/>
      </object_component>
      <object_component id="oc-1da">
         <name>.text:GPIOPinTypeGPIOOutput</name>
         <load_address>0x49a6</load_address>
         <run_address>0x49a6</run_address>
         <size>0x18</size>
         <input_file_ref idref="fl-ea"/>
      </object_component>
      <object_component id="oc-19a">
         <name>.text:TimerDisable</name>
         <load_address>0x49c0</load_address>
         <run_address>0x49c0</run_address>
         <size>0x18</size>
         <input_file_ref idref="fl-ef"/>
      </object_component>
      <object_component id="oc-15b">
         <name>.text:TimerIntRegister</name>
         <load_address>0x49d8</load_address>
         <run_address>0x49d8</run_address>
         <size>0x18</size>
         <input_file_ref idref="fl-ef"/>
      </object_component>
      <object_component id="oc-6c">
         <name>.text</name>
         <load_address>0x49f0</load_address>
         <run_address>0x49f0</run_address>
         <size>0x18</size>
         <input_file_ref idref="fl-d8"/>
      </object_component>
      <object_component id="oc-1c2">
         <name>.text</name>
         <load_address>0x4a08</load_address>
         <run_address>0x4a08</run_address>
         <size>0x18</size>
         <input_file_ref idref="fl-d3"/>
      </object_component>
      <object_component id="oc-3b6">
         <name>.text</name>
         <load_address>0x4a20</load_address>
         <run_address>0x4a20</run_address>
         <size>0x16</size>
         <input_file_ref idref="fl-e6"/>
      </object_component>
      <object_component id="oc-1bc">
         <name>.text:SysCtlPWMClockSet</name>
         <load_address>0x4a38</load_address>
         <run_address>0x4a38</run_address>
         <size>0x14</size>
         <input_file_ref idref="fl-ee"/>
      </object_component>
      <object_component id="oc-f5">
         <name>.text:UARTEnable</name>
         <load_address>0x4a4c</load_address>
         <run_address>0x4a4c</run_address>
         <size>0x14</size>
         <input_file_ref idref="fl-f0"/>
      </object_component>
      <object_component id="oc-21c">
         <name>.text</name>
         <load_address>0x4a60</load_address>
         <run_address>0x4a60</run_address>
         <size>0x14</size>
         <input_file_ref idref="fl-d6"/>
      </object_component>
      <object_component id="oc-3f7">
         <name>.text</name>
         <load_address>0x4a74</load_address>
         <run_address>0x4a74</run_address>
         <size>0x14</size>
         <input_file_ref idref="fl-e9"/>
      </object_component>
      <object_component id="oc-2b2">
         <name>.text</name>
         <load_address>0x4a88</load_address>
         <run_address>0x4a88</run_address>
         <size>0x14</size>
         <input_file_ref idref="fl-d4"/>
      </object_component>
      <object_component id="oc-188">
         <name>.text:GPIOPinTypeGPIOInput</name>
         <load_address>0x4a9c</load_address>
         <run_address>0x4a9c</run_address>
         <size>0x12</size>
         <input_file_ref idref="fl-ea"/>
      </object_component>
      <object_component id="oc-28e">
         <name>.text:GPIOPinTypeI2C</name>
         <load_address>0x4aae</load_address>
         <run_address>0x4aae</run_address>
         <size>0x12</size>
         <input_file_ref idref="fl-ea"/>
      </object_component>
      <object_component id="oc-288">
         <name>.text:GPIOPinTypeI2CSCL</name>
         <load_address>0x4ac0</load_address>
         <run_address>0x4ac0</run_address>
         <size>0x12</size>
         <input_file_ref idref="fl-ea"/>
      </object_component>
      <object_component id="oc-25e">
         <name>.text:GPIOPinTypePWM</name>
         <load_address>0x4ad2</load_address>
         <run_address>0x4ad2</run_address>
         <size>0x12</size>
         <input_file_ref idref="fl-ea"/>
      </object_component>
      <object_component id="oc-179">
         <name>.text:GPIOPinTypeUART</name>
         <load_address>0x4ae4</load_address>
         <run_address>0x4ae4</run_address>
         <size>0x12</size>
         <input_file_ref idref="fl-ea"/>
      </object_component>
      <object_component id="oc-276">
         <name>.text:PWMOutputState</name>
         <load_address>0x4af6</load_address>
         <run_address>0x4af6</run_address>
         <size>0x12</size>
         <input_file_ref idref="fl-ed"/>
      </object_component>
      <object_component id="oc-161">
         <name>.text:TimerLoadSet</name>
         <load_address>0x4b08</load_address>
         <run_address>0x4b08</run_address>
         <size>0x12</size>
         <input_file_ref idref="fl-ef"/>
      </object_component>
      <object_component id="oc-26a">
         <name>.text:PWMGenPeriodSet</name>
         <load_address>0x4b1a</load_address>
         <run_address>0x4b1a</run_address>
         <size>0x10</size>
         <input_file_ref idref="fl-ed"/>
      </object_component>
      <object_component id="oc-137">
         <name>.text:GPIOIntDisable</name>
         <load_address>0x4b2a</load_address>
         <run_address>0x4b2a</run_address>
         <size>0xe</size>
         <input_file_ref idref="fl-ea"/>
      </object_component>
      <object_component id="oc-16d">
         <name>.text:TimerEnable</name>
         <load_address>0x4b38</load_address>
         <run_address>0x4b38</run_address>
         <size>0xe</size>
         <input_file_ref idref="fl-ef"/>
      </object_component>
      <object_component id="oc-18">
         <name>.text:decompress:none</name>
         <load_address>0x4b46</load_address>
         <run_address>0x4b46</run_address>
         <size>0xe</size>
         <input_file_ref idref="fl-c5"/>
      </object_component>
      <object_component id="oc-13d">
         <name>.text:GPIOIntEnable</name>
         <load_address>0x4b54</load_address>
         <run_address>0x4b54</run_address>
         <size>0xc</size>
         <input_file_ref idref="fl-ea"/>
      </object_component>
      <object_component id="oc-14f">
         <name>.text:PWMGenDisable</name>
         <load_address>0x4b60</load_address>
         <run_address>0x4b60</run_address>
         <size>0xc</size>
         <input_file_ref idref="fl-ed"/>
      </object_component>
      <object_component id="oc-270">
         <name>.text:PWMGenEnable</name>
         <load_address>0x4b6c</load_address>
         <run_address>0x4b6c</run_address>
         <size>0xc</size>
         <input_file_ref idref="fl-ed"/>
      </object_component>
      <object_component id="oc-1e">
         <name>.text:decompress:ZI</name>
         <load_address>0x4b78</load_address>
         <run_address>0x4b78</run_address>
         <size>0xc</size>
         <input_file_ref idref="fl-c6"/>
      </object_component>
      <object_component id="oc-2e">
         <name>.text</name>
         <load_address>0x4b84</load_address>
         <run_address>0x4b84</run_address>
         <size>0xc</size>
         <input_file_ref idref="fl-3"/>
      </object_component>
      <object_component id="oc-34c">
         <name>.text:I2CMasterEnable</name>
         <load_address>0x4b90</load_address>
         <run_address>0x4b90</run_address>
         <size>0xa</size>
         <input_file_ref idref="fl-eb"/>
      </object_component>
      <object_component id="oc-125">
         <name>.text:TimerIntDisable</name>
         <load_address>0x4b9a</load_address>
         <run_address>0x4b9a</run_address>
         <size>0xa</size>
         <input_file_ref idref="fl-ef"/>
      </object_component>
      <object_component id="oc-1a3">
         <name>.text:TimerValueGet</name>
         <load_address>0x4ba4</load_address>
         <run_address>0x4ba4</run_address>
         <size>0xa</size>
         <input_file_ref idref="fl-ef"/>
      </object_component>
      <object_component id="oc-101">
         <name>.text:UARTCharGet</name>
         <load_address>0x4bae</load_address>
         <run_address>0x4bae</run_address>
         <size>0xa</size>
         <input_file_ref idref="fl-f0"/>
      </object_component>
      <object_component id="oc-fb">
         <name>.text:UARTCharPut</name>
         <load_address>0x4bb8</load_address>
         <run_address>0x4bb8</run_address>
         <size>0xa</size>
         <input_file_ref idref="fl-f0"/>
      </object_component>
      <object_component id="oc-2ac">
         <name>.text:I2CMasterBusy</name>
         <load_address>0x4bc2</load_address>
         <run_address>0x4bc2</run_address>
         <size>0x8</size>
         <input_file_ref idref="fl-eb"/>
      </object_component>
      <object_component id="oc-29a">
         <name>.text:I2CMasterSlaveAddrSet</name>
         <load_address>0x4bca</load_address>
         <run_address>0x4bca</run_address>
         <size>0x8</size>
         <input_file_ref idref="fl-eb"/>
      </object_component>
      <object_component id="oc-12b">
         <name>.text:TimerIntEnable</name>
         <load_address>0x4bd2</load_address>
         <run_address>0x4bd2</run_address>
         <size>0x8</size>
         <input_file_ref idref="fl-ef"/>
      </object_component>
      <object_component id="oc-1b0">
         <name>.text:GPIOIntClear</name>
         <load_address>0x4bda</load_address>
         <run_address>0x4bda</run_address>
         <size>0x6</size>
         <input_file_ref idref="fl-ea"/>
      </object_component>
      <object_component id="oc-1b6">
         <name>.text:GPIOPinRead</name>
         <load_address>0x4be0</load_address>
         <run_address>0x4be0</run_address>
         <size>0x6</size>
         <input_file_ref idref="fl-ea"/>
      </object_component>
      <object_component id="oc-1a9">
         <name>.text:GPIOPinWrite</name>
         <load_address>0x4be6</load_address>
         <run_address>0x4be6</run_address>
         <size>0x6</size>
         <input_file_ref idref="fl-ea"/>
      </object_component>
      <object_component id="oc-11b">
         <name>.text:SysCtlDelay</name>
         <load_address>0x4bec</load_address>
         <run_address>0x4bec</run_address>
         <size>0x6</size>
         <input_file_ref idref="fl-ee"/>
      </object_component>
      <object_component id="oc-17f">
         <name>.text:UARTClockSourceSet</name>
         <load_address>0x4bf2</load_address>
         <run_address>0x4bf2</run_address>
         <size>0x6</size>
         <input_file_ref idref="fl-f0"/>
      </object_component>
      <object_component id="oc-2a6">
         <name>.text:I2CMasterControl</name>
         <load_address>0x4bf8</load_address>
         <run_address>0x4bf8</run_address>
         <size>0x4</size>
         <input_file_ref idref="fl-eb"/>
      </object_component>
      <object_component id="oc-2a0">
         <name>.text:I2CMasterDataPut</name>
         <load_address>0x4bfc</load_address>
         <run_address>0x4bfc</run_address>
         <size>0x4</size>
         <input_file_ref idref="fl-eb"/>
      </object_component>
      <object_component id="oc-11f">
         <name>.text:TimerIntClear</name>
         <load_address>0x4c00</load_address>
         <run_address>0x4c00</run_address>
         <size>0x4</size>
         <input_file_ref idref="fl-ef"/>
      </object_component>
      <object_component id="oc-60">
         <name>.text</name>
         <load_address>0x4c04</load_address>
         <run_address>0x4c04</run_address>
         <size>0x4</size>
         <input_file_ref idref="fl-d0"/>
      </object_component>
      <object_component id="oc-404">
         <name>.const:.string:_ctypes_</name>
         <load_address>0x4c08</load_address>
         <run_address>0x4c08</run_address>
         <size>0x101</size>
         <input_file_ref idref="fl-dc"/>
      </object_component>
      <object_component id="oc-20a">
         <name>.const:.string:$P$T2$4</name>
         <load_address>0x4d09</load_address>
         <run_address>0x4d09</run_address>
         <size>0x3</size>
         <input_file_ref idref="fl-2"/>
      </object_component>
      <object_component id="oc-383">
         <name>.const:g_ppui32GPIOIntMapSnowflake</name>
         <load_address>0x4d0c</load_address>
         <run_address>0x4d0c</run_address>
         <size>0xd8</size>
         <input_file_ref idref="fl-ea"/>
      </object_component>
      <object_component id="oc-380">
         <name>.const:g_ppui32GPIOIntMapBlizzard</name>
         <load_address>0x4de4</load_address>
         <run_address>0x4de4</run_address>
         <size>0xc0</size>
         <input_file_ref idref="fl-ea"/>
      </object_component>
      <object_component id="oc-306">
         <name>.const:g_pui32Regs</name>
         <load_address>0x4ea4</load_address>
         <run_address>0x4ea4</run_address>
         <size>0x9c</size>
         <input_file_ref idref="fl-ec"/>
      </object_component>
      <object_component id="oc-2e5">
         <name>.const:g_pui32GPIOBaseAddrs</name>
         <load_address>0x4f40</load_address>
         <run_address>0x4f40</run_address>
         <size>0x90</size>
         <input_file_ref idref="fl-ea"/>
      </object_component>
      <object_component id="oc-2df">
         <name>.const</name>
         <load_address>0x4fd0</load_address>
         <run_address>0x4fd0</run_address>
         <size>0x70</size>
         <input_file_ref idref="fl-ec"/>
      </object_component>
      <object_component id="oc-253">
         <name>.const:g_pui32Xtals</name>
         <load_address>0x5040</load_address>
         <run_address>0x5040</run_address>
         <size>0x6c</size>
         <input_file_ref idref="fl-ee"/>
      </object_component>
      <object_component id="oc-36c">
         <name>.const:g_ppui32TimerIntMap</name>
         <load_address>0x50ac</load_address>
         <run_address>0x50ac</run_address>
         <size>0x60</size>
         <input_file_ref idref="fl-ef"/>
      </object_component>
      <object_component id="oc-36f">
         <name>.const:g_ppui32TimerIntMapSnowflake</name>
         <load_address>0x510c</load_address>
         <run_address>0x510c</run_address>
         <size>0x40</size>
         <input_file_ref idref="fl-ef"/>
      </object_component>
      <object_component id="oc-257">
         <name>.const:.string</name>
         <load_address>0x514c</load_address>
         <run_address>0x514c</run_address>
         <size>0x12</size>
         <input_file_ref idref="fl-2"/>
      </object_component>
      <object_component id="oc-1e0">
         <name>.const:.string:$P$T0$2</name>
         <load_address>0x515e</load_address>
         <run_address>0x515e</run_address>
         <size>0x2</size>
         <input_file_ref idref="fl-2"/>
      </object_component>
      <object_component id="oc-10d">
         <name>.const:g_ui32UARTBase</name>
         <load_address>0x5160</load_address>
         <run_address>0x5160</run_address>
         <size>0xc</size>
         <input_file_ref idref="fl-2"/>
      </object_component>
      <object_component id="oc-107">
         <name>.const:g_ui32UARTPeriph</name>
         <load_address>0x516c</load_address>
         <run_address>0x516c</run_address>
         <size>0xc</size>
         <input_file_ref idref="fl-2"/>
      </object_component>
      <object_component id="oc-11c">
         <name>.const</name>
         <load_address>0x5178</load_address>
         <run_address>0x5178</run_address>
         <size>0x4</size>
         <input_file_ref idref="fl-2"/>
      </object_component>
      <object_component id="oc-1e3">
         <name>.const:.string:$P$T1$3</name>
         <load_address>0x517c</load_address>
         <run_address>0x517c</run_address>
         <size>0x2</size>
         <input_file_ref idref="fl-2"/>
      </object_component>
      <object_component id="oc-448">
         <name>.cinit..data.load</name>
         <load_address>0x5180</load_address>
         <run_address>0x5180</run_address>
         <size>0x25</size>
      </object_component>
      <object_component id="oc-445">
         <name>__TI_handler_table</name>
         <load_address>0x51a8</load_address>
         <run_address>0x51a8</run_address>
         <size>0xc</size>
      </object_component>
      <object_component id="oc-449">
         <name>.cinit..bss.load</name>
         <load_address>0x51b8</load_address>
         <run_address>0x51b8</run_address>
         <size>0x8</size>
      </object_component>
      <object_component id="oc-447">
         <name>.cinit..vtable.load</name>
         <load_address>0x51c0</load_address>
         <run_address>0x51c0</run_address>
         <size>0x8</size>
      </object_component>
      <object_component id="oc-446">
         <name>__TI_cinit_table</name>
         <load_address>0x51c8</load_address>
         <run_address>0x51c8</run_address>
         <size>0x18</size>
      </object_component>
      <object_component id="oc-373">
         <name>.vtable</name>
         <uninitialized>true</uninitialized>
         <run_address>0x20000000</run_address>
         <size>0x26c</size>
         <input_file_ref idref="fl-ec"/>
      </object_component>
      <object_component id="oc-10a">
         <name>.data</name>
         <load_address>0x20001c88</load_address>
         <run_address>0x20001c88</run_address>
         <size>0x4e</size>
         <input_file_ref idref="fl-2"/>
      </object_component>
      <object_component id="oc-2c9">
         <name>.data</name>
         <load_address>0x20001cf8</load_address>
         <run_address>0x20001cf8</run_address>
         <size>0x8</size>
         <input_file_ref idref="fl-4"/>
      </object_component>
      <object_component id="oc-b6">
         <name>.data:$O1$$</name>
         <load_address>0x20001cd8</load_address>
         <run_address>0x20001cd8</run_address>
         <size>0xc</size>
         <input_file_ref idref="fl-c7"/>
      </object_component>
      <object_component id="oc-35a">
         <name>.data:$O1$$</name>
         <load_address>0x20001ce4</load_address>
         <run_address>0x20001ce4</run_address>
         <size>0xc</size>
         <input_file_ref idref="fl-cd"/>
      </object_component>
      <object_component id="oc-78">
         <name>.data</name>
         <load_address>0x20001d04</load_address>
         <run_address>0x20001d04</run_address>
         <size>0x4</size>
         <input_file_ref idref="fl-d2"/>
      </object_component>
      <object_component id="oc-b9">
         <name>.data:$O1$$</name>
         <load_address>0x20001cf0</load_address>
         <run_address>0x20001cf0</run_address>
         <size>0x8</size>
         <input_file_ref idref="fl-d6"/>
      </object_component>
      <object_component id="oc-3fd">
         <name>.data</name>
         <load_address>0x20001d00</load_address>
         <run_address>0x20001d00</run_address>
         <size>0x4</size>
         <input_file_ref idref="fl-e8"/>
      </object_component>
      <object_component id="oc-1e6">
         <name>.common:verifiedCode</name>
         <uninitialized>true</uninitialized>
         <run_address>0x20001084</run_address>
         <size>0x4</size>
      </object_component>
      <object_component id="oc-1fd">
         <name>.common:angleList</name>
         <uninitialized>true</uninitialized>
         <run_address>0x2000071c</run_address>
         <size>0x258</size>
      </object_component>
      <object_component id="oc-1f6">
         <name>.common:distanceList</name>
         <uninitialized>true</uninitialized>
         <run_address>0x2000026c</run_address>
         <size>0x4b0</size>
      </object_component>
      <object_component id="oc-185">
         <name>.common:receiveAngleListCCW</name>
         <uninitialized>true</uninitialized>
         <run_address>0x20000974</run_address>
         <size>0x258</size>
      </object_component>
      <object_component id="oc-1a2">
         <name>.common:receiveAngleListCW</name>
         <uninitialized>true</uninitialized>
         <run_address>0x20000bcc</run_address>
         <size>0x258</size>
      </object_component>
      <object_component id="oc-1a1">
         <name>.common:receiveMinIndexCCW</name>
         <uninitialized>true</uninitialized>
         <run_address>0x2000107c</run_address>
         <size>0x4</size>
      </object_component>
      <object_component id="oc-1af">
         <name>.common:receiveMinIndexCW</name>
         <uninitialized>true</uninitialized>
         <run_address>0x20001080</run_address>
         <size>0x4</size>
      </object_component>
      <object_component id="oc-1a0">
         <name>.common:receiveDistanceList</name>
         <uninitialized>true</uninitialized>
         <run_address>0x20000e24</run_address>
         <size>0x258</size>
      </object_component>
      <object_component id="oc-2b">
         <name>.sysmem</name>
         <uninitialized>true</uninitialized>
         <run_address>0x20001888</run_address>
         <size>0x8</size>
         <input_file_ref idref="fl-cd"/>
      </object_component>
      <object_component id="oc-44b">
         <name>.sysmem</name>
         <uninitialized>true</uninitialized>
         <run_address>0x20001888</run_address>
         <size>0x0</size>
      </object_component>
      <object_component id="oc-2a">
         <name>.stack</name>
         <uninitialized>true</uninitialized>
         <run_address>0x20001088</run_address>
         <size>0x0</size>
         <input_file_ref idref="fl-c3"/>
      </object_component>
      <object_component id="oc-44a">
         <name>.stack</name>
         <uninitialized>true</uninitialized>
         <run_address>0x20001088</run_address>
         <size>0x0</size>
      </object_component>
      <object_component id="oc-186">
         <name>.debug_info</name>
         <load_address>0x0</load_address>
         <run_address>0x0</run_address>
         <size>0xe83</size>
         <input_file_ref idref="fl-2"/>
      </object_component>
      <object_component id="oc-10b">
         <name>.debug_info</name>
         <load_address>0xe83</load_address>
         <run_address>0xe83</run_address>
         <size>0x3b9</size>
         <input_file_ref idref="fl-2"/>
      </object_component>
      <object_component id="oc-11d">
         <name>.debug_info</name>
         <load_address>0x123c</load_address>
         <run_address>0x123c</run_address>
         <size>0xc1</size>
         <input_file_ref idref="fl-2"/>
      </object_component>
      <object_component id="oc-10e">
         <name>.debug_info</name>
         <load_address>0x12fd</load_address>
         <run_address>0x12fd</run_address>
         <size>0xcf</size>
         <input_file_ref idref="fl-2"/>
      </object_component>
      <object_component id="oc-108">
         <name>.debug_info</name>
         <load_address>0x13cc</load_address>
         <run_address>0x13cc</run_address>
         <size>0xd3</size>
         <input_file_ref idref="fl-2"/>
      </object_component>
      <object_component id="oc-1e1">
         <name>.debug_info</name>
         <load_address>0x149f</load_address>
         <run_address>0x149f</run_address>
         <size>0xc2</size>
         <input_file_ref idref="fl-2"/>
      </object_component>
      <object_component id="oc-1e4">
         <name>.debug_info</name>
         <load_address>0x1561</load_address>
         <run_address>0x1561</run_address>
         <size>0xc2</size>
         <input_file_ref idref="fl-2"/>
      </object_component>
      <object_component id="oc-20b">
         <name>.debug_info</name>
         <load_address>0x1623</load_address>
         <run_address>0x1623</run_address>
         <size>0xc2</size>
         <input_file_ref idref="fl-2"/>
      </object_component>
      <object_component id="oc-af">
         <name>.debug_info</name>
         <load_address>0x16e5</load_address>
         <run_address>0x16e5</run_address>
         <size>0x2d94</size>
         <input_file_ref idref="fl-2"/>
      </object_component>
      <object_component id="oc-246">
         <name>.debug_info</name>
         <load_address>0x4479</load_address>
         <run_address>0x4479</run_address>
         <size>0x56</size>
         <input_file_ref idref="fl-2"/>
      </object_component>
      <object_component id="oc-345">
         <name>.debug_info</name>
         <load_address>0x44cf</load_address>
         <run_address>0x44cf</run_address>
         <size>0xc8</size>
         <input_file_ref idref="fl-2"/>
      </object_component>
      <object_component id="oc-cd">
         <name>.debug_info</name>
         <load_address>0x4597</load_address>
         <run_address>0x4597</run_address>
         <size>0x8b</size>
         <input_file_ref idref="fl-2"/>
      </object_component>
      <object_component id="oc-83">
         <name>.debug_info</name>
         <load_address>0x4622</load_address>
         <run_address>0x4622</run_address>
         <size>0x18b</size>
         <input_file_ref idref="fl-2"/>
      </object_component>
      <object_component id="oc-20e">
         <name>.debug_info</name>
         <load_address>0x47ad</load_address>
         <run_address>0x47ad</run_address>
         <size>0x4e</size>
         <input_file_ref idref="fl-2"/>
      </object_component>
      <object_component id="oc-36">
         <name>.debug_info</name>
         <load_address>0x47fb</load_address>
         <run_address>0x47fb</run_address>
         <size>0x28f</size>
         <input_file_ref idref="fl-3"/>
      </object_component>
      <object_component id="oc-10">
         <name>.debug_info</name>
         <load_address>0x4a8a</load_address>
         <run_address>0x4a8a</run_address>
         <size>0xe0</size>
         <input_file_ref idref="fl-3"/>
      </object_component>
      <object_component id="oc-2f">
         <name>.debug_info</name>
         <load_address>0x4b6a</load_address>
         <run_address>0x4b6a</run_address>
         <size>0x25c</size>
         <input_file_ref idref="fl-3"/>
      </object_component>
      <object_component id="oc-3d">
         <name>.debug_info</name>
         <load_address>0x4dc6</load_address>
         <run_address>0x4dc6</run_address>
         <size>0x84</size>
         <input_file_ref idref="fl-3"/>
      </object_component>
      <object_component id="oc-2cd">
         <name>.debug_info</name>
         <load_address>0x4e4a</load_address>
         <run_address>0x4e4a</run_address>
         <size>0x5b0</size>
         <input_file_ref idref="fl-4"/>
      </object_component>
      <object_component id="oc-2ca">
         <name>.debug_info</name>
         <load_address>0x53fa</load_address>
         <run_address>0x53fa</run_address>
         <size>0xde</size>
         <input_file_ref idref="fl-4"/>
      </object_component>
      <object_component id="oc-14a">
         <name>.debug_info</name>
         <load_address>0x54d8</load_address>
         <run_address>0x54d8</run_address>
         <size>0xd54</size>
         <input_file_ref idref="fl-4"/>
      </object_component>
      <object_component id="oc-365">
         <name>.debug_info</name>
         <load_address>0x622c</load_address>
         <run_address>0x622c</run_address>
         <size>0x110</size>
         <input_file_ref idref="fl-4"/>
      </object_component>
      <object_component id="oc-132">
         <name>.debug_info</name>
         <load_address>0x633c</load_address>
         <run_address>0x633c</run_address>
         <size>0x363</size>
         <input_file_ref idref="fl-5"/>
      </object_component>
      <object_component id="oc-97">
         <name>.debug_info</name>
         <load_address>0x669f</load_address>
         <run_address>0x669f</run_address>
         <size>0x2c</size>
         <input_file_ref idref="fl-5"/>
      </object_component>
      <object_component id="oc-313">
         <name>.debug_info</name>
         <load_address>0x66cb</load_address>
         <run_address>0x66cb</run_address>
         <size>0x49b</size>
         <input_file_ref idref="fl-7"/>
      </object_component>
      <object_component id="oc-1f8">
         <name>.debug_info</name>
         <load_address>0x6b66</load_address>
         <run_address>0x6b66</run_address>
         <size>0x768</size>
         <input_file_ref idref="fl-7"/>
      </object_component>
      <object_component id="oc-25">
         <name>.debug_info</name>
         <load_address>0x72ce</load_address>
         <run_address>0x72ce</run_address>
         <size>0x160</size>
         <input_file_ref idref="fl-c3"/>
      </object_component>
      <object_component id="oc-8d">
         <name>.debug_info</name>
         <load_address>0x742e</load_address>
         <run_address>0x742e</run_address>
         <size>0x293</size>
         <input_file_ref idref="fl-c4"/>
      </object_component>
      <object_component id="oc-13">
         <name>.debug_info</name>
         <load_address>0x76c1</load_address>
         <run_address>0x76c1</run_address>
         <size>0x245</size>
         <input_file_ref idref="fl-c4"/>
      </object_component>
      <object_component id="oc-38">
         <name>.debug_info</name>
         <load_address>0x7906</load_address>
         <run_address>0x7906</run_address>
         <size>0x60</size>
         <input_file_ref idref="fl-c4"/>
      </object_component>
      <object_component id="oc-88">
         <name>.debug_info</name>
         <load_address>0x7966</load_address>
         <run_address>0x7966</run_address>
         <size>0x46</size>
         <input_file_ref idref="fl-c4"/>
      </object_component>
      <object_component id="oc-4d">
         <name>.debug_info</name>
         <load_address>0x79ac</load_address>
         <run_address>0x79ac</run_address>
         <size>0x2da</size>
         <input_file_ref idref="fl-c5"/>
      </object_component>
      <object_component id="oc-19">
         <name>.debug_info</name>
         <load_address>0x7c86</load_address>
         <run_address>0x7c86</run_address>
         <size>0x1df</size>
         <input_file_ref idref="fl-c5"/>
      </object_component>
      <object_component id="oc-48">
         <name>.debug_info</name>
         <load_address>0x7e65</load_address>
         <run_address>0x7e65</run_address>
         <size>0x46</size>
         <input_file_ref idref="fl-c5"/>
      </object_component>
      <object_component id="oc-8f">
         <name>.debug_info</name>
         <load_address>0x7eab</load_address>
         <run_address>0x7eab</run_address>
         <size>0x2c</size>
         <input_file_ref idref="fl-c5"/>
      </object_component>
      <object_component id="oc-59">
         <name>.debug_info</name>
         <load_address>0x7ed7</load_address>
         <run_address>0x7ed7</run_address>
         <size>0x2c9</size>
         <input_file_ref idref="fl-c6"/>
      </object_component>
      <object_component id="oc-1f">
         <name>.debug_info</name>
         <load_address>0x81a0</load_address>
         <run_address>0x81a0</run_address>
         <size>0x1aa</size>
         <input_file_ref idref="fl-c6"/>
      </object_component>
      <object_component id="oc-54">
         <name>.debug_info</name>
         <load_address>0x834a</load_address>
         <run_address>0x834a</run_address>
         <size>0x46</size>
         <input_file_ref idref="fl-c6"/>
      </object_component>
      <object_component id="oc-bd">
         <name>.debug_info</name>
         <load_address>0x8390</load_address>
         <run_address>0x8390</run_address>
         <size>0x3ce</size>
         <input_file_ref idref="fl-c7"/>
      </object_component>
      <object_component id="oc-b7">
         <name>.debug_info</name>
         <load_address>0x875e</load_address>
         <run_address>0x875e</run_address>
         <size>0x185</size>
         <input_file_ref idref="fl-c7"/>
      </object_component>
      <object_component id="oc-73">
         <name>.debug_info</name>
         <load_address>0x88e3</load_address>
         <run_address>0x88e3</run_address>
         <size>0x214</size>
         <input_file_ref idref="fl-c7"/>
      </object_component>
      <object_component id="oc-1ed">
         <name>.debug_info</name>
         <load_address>0x8af7</load_address>
         <run_address>0x8af7</run_address>
         <size>0x132</size>
         <input_file_ref idref="fl-c8"/>
      </object_component>
      <object_component id="oc-1f2">
         <name>.debug_info</name>
         <load_address>0x8c29</load_address>
         <run_address>0x8c29</run_address>
         <size>0x126</size>
         <input_file_ref idref="fl-c9"/>
      </object_component>
      <object_component id="oc-2bf">
         <name>.debug_info</name>
         <load_address>0x8d4f</load_address>
         <run_address>0x8d4f</run_address>
         <size>0x124</size>
         <input_file_ref idref="fl-ca"/>
      </object_component>
      <object_component id="oc-1e8">
         <name>.debug_info</name>
         <load_address>0x8e73</load_address>
         <run_address>0x8e73</run_address>
         <size>0x124</size>
         <input_file_ref idref="fl-cb"/>
      </object_component>
      <object_component id="oc-43">
         <name>.debug_info</name>
         <load_address>0x8f97</load_address>
         <run_address>0x8f97</run_address>
         <size>0x111</size>
         <input_file_ref idref="fl-cc"/>
      </object_component>
      <object_component id="oc-7e">
         <name>.debug_info</name>
         <load_address>0x90a8</load_address>
         <run_address>0x90a8</run_address>
         <size>0x3bc</size>
         <input_file_ref idref="fl-cd"/>
      </object_component>
      <object_component id="oc-2c">
         <name>.debug_info</name>
         <load_address>0x9464</load_address>
         <run_address>0x9464</run_address>
         <size>0x101</size>
         <input_file_ref idref="fl-cd"/>
      </object_component>
      <object_component id="oc-35b">
         <name>.debug_info</name>
         <load_address>0x9565</load_address>
         <run_address>0x9565</run_address>
         <size>0x14c</size>
         <input_file_ref idref="fl-cd"/>
      </object_component>
      <object_component id="oc-2b9">
         <name>.debug_info</name>
         <load_address>0x96b1</load_address>
         <run_address>0x96b1</run_address>
         <size>0x885</size>
         <input_file_ref idref="fl-cd"/>
      </object_component>
      <object_component id="oc-c3">
         <name>.debug_info</name>
         <load_address>0x9f36</load_address>
         <run_address>0x9f36</run_address>
         <size>0x2c</size>
         <input_file_ref idref="fl-cd"/>
      </object_component>
      <object_component id="oc-c8">
         <name>.debug_info</name>
         <load_address>0x9f62</load_address>
         <run_address>0x9f62</run_address>
         <size>0x62</size>
         <input_file_ref idref="fl-cd"/>
      </object_component>
      <object_component id="oc-4f">
         <name>.debug_info</name>
         <load_address>0x9fc4</load_address>
         <run_address>0x9fc4</run_address>
         <size>0x13f</size>
         <input_file_ref idref="fl-ce"/>
      </object_component>
      <object_component id="oc-5b">
         <name>.debug_info</name>
         <load_address>0xa103</load_address>
         <run_address>0xa103</run_address>
         <size>0x138</size>
         <input_file_ref idref="fl-cf"/>
      </object_component>
      <object_component id="oc-61">
         <name>.debug_info</name>
         <load_address>0xa23b</load_address>
         <run_address>0xa23b</run_address>
         <size>0x148</size>
         <input_file_ref idref="fl-d0"/>
      </object_component>
      <object_component id="oc-360">
         <name>.debug_info</name>
         <load_address>0xa383</load_address>
         <run_address>0xa383</run_address>
         <size>0x355</size>
         <input_file_ref idref="fl-d1"/>
      </object_component>
      <object_component id="oc-2c4">
         <name>.debug_info</name>
         <load_address>0xa6d8</load_address>
         <run_address>0xa6d8</run_address>
         <size>0x2e4</size>
         <input_file_ref idref="fl-d1"/>
      </object_component>
      <object_component id="oc-339">
         <name>.debug_info</name>
         <load_address>0xa9bc</load_address>
         <run_address>0xa9bc</run_address>
         <size>0x2c</size>
         <input_file_ref idref="fl-d1"/>
      </object_component>
      <object_component id="oc-79">
         <name>.debug_info</name>
         <load_address>0xa9e8</load_address>
         <run_address>0xa9e8</run_address>
         <size>0x109</size>
         <input_file_ref idref="fl-d2"/>
      </object_component>
      <object_component id="oc-2fd">
         <name>.debug_info</name>
         <load_address>0xaaf1</load_address>
         <run_address>0xaaf1</run_address>
         <size>0x27f</size>
         <input_file_ref idref="fl-d3"/>
      </object_component>
      <object_component id="oc-1c3">
         <name>.debug_info</name>
         <load_address>0xad70</load_address>
         <run_address>0xad70</run_address>
         <size>0x258</size>
         <input_file_ref idref="fl-d3"/>
      </object_component>
      <object_component id="oc-359">
         <name>.debug_info</name>
         <load_address>0xafc8</load_address>
         <run_address>0xafc8</run_address>
         <size>0x284</size>
         <input_file_ref idref="fl-d4"/>
      </object_component>
      <object_component id="oc-2b3">
         <name>.debug_info</name>
         <load_address>0xb24c</load_address>
         <run_address>0xb24c</run_address>
         <size>0x22a</size>
         <input_file_ref idref="fl-d4"/>
      </object_component>
      <object_component id="oc-111">
         <name>.debug_info</name>
         <load_address>0xb476</load_address>
         <run_address>0xb476</run_address>
         <size>0x13a</size>
         <input_file_ref idref="fl-d5"/>
      </object_component>
      <object_component id="oc-224">
         <name>.debug_info</name>
         <load_address>0xb5b0</load_address>
         <run_address>0xb5b0</run_address>
         <size>0x2be</size>
         <input_file_ref idref="fl-d6"/>
      </object_component>
      <object_component id="oc-ba">
         <name>.debug_info</name>
         <load_address>0xb86e</load_address>
         <run_address>0xb86e</run_address>
         <size>0x113</size>
         <input_file_ref idref="fl-d6"/>
      </object_component>
      <object_component id="oc-21d">
         <name>.debug_info</name>
         <load_address>0xb981</load_address>
         <run_address>0xb981</run_address>
         <size>0x21f</size>
         <input_file_ref idref="fl-d6"/>
      </object_component>
      <object_component id="oc-3c9">
         <name>.debug_info</name>
         <load_address>0xbba0</load_address>
         <run_address>0xbba0</run_address>
         <size>0x51f</size>
         <input_file_ref idref="fl-d7"/>
      </object_component>
      <object_component id="oc-332">
         <name>.debug_info</name>
         <load_address>0xc0bf</load_address>
         <run_address>0xc0bf</run_address>
         <size>0x1543</size>
         <input_file_ref idref="fl-d7"/>
      </object_component>
      <object_component id="oc-3ca">
         <name>.debug_info</name>
         <load_address>0xd602</load_address>
         <run_address>0xd602</run_address>
         <size>0x86</size>
         <input_file_ref idref="fl-d7"/>
      </object_component>
      <object_component id="oc-40d">
         <name>.debug_info</name>
         <load_address>0xd688</load_address>
         <run_address>0xd688</run_address>
         <size>0x46</size>
         <input_file_ref idref="fl-d7"/>
      </object_component>
      <object_component id="oc-3cf">
         <name>.debug_info</name>
         <load_address>0xd6ce</load_address>
         <run_address>0xd6ce</run_address>
         <size>0x39</size>
         <input_file_ref idref="fl-d7"/>
      </object_component>
      <object_component id="oc-b5">
         <name>.debug_info</name>
         <load_address>0xd707</load_address>
         <run_address>0xd707</run_address>
         <size>0x300</size>
         <input_file_ref idref="fl-d8"/>
      </object_component>
      <object_component id="oc-6d">
         <name>.debug_info</name>
         <load_address>0xda07</load_address>
         <run_address>0xda07</run_address>
         <size>0x167</size>
         <input_file_ref idref="fl-d8"/>
      </object_component>
      <object_component id="oc-215">
         <name>.debug_info</name>
         <load_address>0xdb6e</load_address>
         <run_address>0xdb6e</run_address>
         <size>0x5e</size>
         <input_file_ref idref="fl-d8"/>
      </object_component>
      <object_component id="oc-408">
         <name>.debug_info</name>
         <load_address>0xdbcc</load_address>
         <run_address>0xdbcc</run_address>
         <size>0x2ae</size>
         <input_file_ref idref="fl-d9"/>
      </object_component>
      <object_component id="oc-3bd">
         <name>.debug_info</name>
         <load_address>0xde7a</load_address>
         <run_address>0xde7a</run_address>
         <size>0x171</size>
         <input_file_ref idref="fl-d9"/>
      </object_component>
      <object_component id="oc-ad">
         <name>.debug_info</name>
         <load_address>0xdfeb</load_address>
         <run_address>0xdfeb</run_address>
         <size>0x483</size>
         <input_file_ref idref="fl-da"/>
      </object_component>
      <object_component id="oc-67">
         <name>.debug_info</name>
         <load_address>0xe46e</load_address>
         <run_address>0xe46e</run_address>
         <size>0x190</size>
         <input_file_ref idref="fl-da"/>
      </object_component>
      <object_component id="oc-d9">
         <name>.debug_info</name>
         <load_address>0xe5fe</load_address>
         <run_address>0xe5fe</run_address>
         <size>0x39</size>
         <input_file_ref idref="fl-da"/>
      </object_component>
      <object_component id="oc-22f">
         <name>.debug_info</name>
         <load_address>0xe637</load_address>
         <run_address>0xe637</run_address>
         <size>0x39</size>
         <input_file_ref idref="fl-da"/>
      </object_component>
      <object_component id="oc-de">
         <name>.debug_info</name>
         <load_address>0xe670</load_address>
         <run_address>0xe670</run_address>
         <size>0xcd</size>
         <input_file_ref idref="fl-da"/>
      </object_component>
      <object_component id="oc-d5">
         <name>.debug_info</name>
         <load_address>0xe73d</load_address>
         <run_address>0xe73d</run_address>
         <size>0x37a</size>
         <input_file_ref idref="fl-db"/>
      </object_component>
      <object_component id="oc-a1">
         <name>.debug_info</name>
         <load_address>0xeab7</load_address>
         <run_address>0xeab7</run_address>
         <size>0x183</size>
         <input_file_ref idref="fl-db"/>
      </object_component>
      <object_component id="oc-22a">
         <name>.debug_info</name>
         <load_address>0xec3a</load_address>
         <run_address>0xec3a</run_address>
         <size>0x2c</size>
         <input_file_ref idref="fl-db"/>
      </object_component>
      <object_component id="oc-41f">
         <name>.debug_info</name>
         <load_address>0xec66</load_address>
         <run_address>0xec66</run_address>
         <size>0xee</size>
         <input_file_ref idref="fl-dc"/>
      </object_component>
      <object_component id="oc-405">
         <name>.debug_info</name>
         <load_address>0xed54</load_address>
         <run_address>0xed54</run_address>
         <size>0xfa</size>
         <input_file_ref idref="fl-dc"/>
      </object_component>
      <object_component id="oc-3a6">
         <name>.debug_info</name>
         <load_address>0xee4e</load_address>
         <run_address>0xee4e</run_address>
         <size>0x144</size>
         <input_file_ref idref="fl-dd"/>
      </object_component>
      <object_component id="oc-391">
         <name>.debug_info</name>
         <load_address>0xef92</load_address>
         <run_address>0xef92</run_address>
         <size>0x120</size>
         <input_file_ref idref="fl-de"/>
      </object_component>
      <object_component id="oc-39b">
         <name>.debug_info</name>
         <load_address>0xf0b2</load_address>
         <run_address>0xf0b2</run_address>
         <size>0x122</size>
         <input_file_ref idref="fl-de"/>
      </object_component>
      <object_component id="oc-396">
         <name>.debug_info</name>
         <load_address>0xf1d4</load_address>
         <run_address>0xf1d4</run_address>
         <size>0x132</size>
         <input_file_ref idref="fl-df"/>
      </object_component>
      <object_component id="oc-24d">
         <name>.debug_info</name>
         <load_address>0xf306</load_address>
         <run_address>0xf306</run_address>
         <size>0x147</size>
         <input_file_ref idref="fl-e0"/>
      </object_component>
      <object_component id="oc-3ee">
         <name>.debug_info</name>
         <load_address>0xf44d</load_address>
         <run_address>0xf44d</run_address>
         <size>0x2e6</size>
         <input_file_ref idref="fl-e1"/>
      </object_component>
      <object_component id="oc-3a0">
         <name>.debug_info</name>
         <load_address>0xf733</load_address>
         <run_address>0xf733</run_address>
         <size>0x1c2</size>
         <input_file_ref idref="fl-e1"/>
      </object_component>
      <object_component id="oc-40a">
         <name>.debug_info</name>
         <load_address>0xf8f5</load_address>
         <run_address>0xf8f5</run_address>
         <size>0x28b</size>
         <input_file_ref idref="fl-e2"/>
      </object_component>
      <object_component id="oc-3c3">
         <name>.debug_info</name>
         <load_address>0xfb80</load_address>
         <run_address>0xfb80</run_address>
         <size>0x1ab</size>
         <input_file_ref idref="fl-e2"/>
      </object_component>
      <object_component id="oc-3f1">
         <name>.debug_info</name>
         <load_address>0xfd2b</load_address>
         <run_address>0xfd2b</run_address>
         <size>0x2d9</size>
         <input_file_ref idref="fl-e3"/>
      </object_component>
      <object_component id="oc-3ab">
         <name>.debug_info</name>
         <load_address>0x10004</load_address>
         <run_address>0x10004</run_address>
         <size>0x18a</size>
         <input_file_ref idref="fl-e3"/>
      </object_component>
      <object_component id="oc-3f2">
         <name>.debug_info</name>
         <load_address>0x1018e</load_address>
         <run_address>0x1018e</run_address>
         <size>0x2c</size>
         <input_file_ref idref="fl-e3"/>
      </object_component>
      <object_component id="oc-401">
         <name>.debug_info</name>
         <load_address>0x101ba</load_address>
         <run_address>0x101ba</run_address>
         <size>0x316</size>
         <input_file_ref idref="fl-e4"/>
      </object_component>
      <object_component id="oc-3b1">
         <name>.debug_info</name>
         <load_address>0x104d0</load_address>
         <run_address>0x104d0</run_address>
         <size>0x1d5</size>
         <input_file_ref idref="fl-e4"/>
      </object_component>
      <object_component id="oc-a7">
         <name>.debug_info</name>
         <load_address>0x106a5</load_address>
         <run_address>0x106a5</run_address>
         <size>0x145</size>
         <input_file_ref idref="fl-e5"/>
      </object_component>
      <object_component id="oc-403">
         <name>.debug_info</name>
         <load_address>0x107ea</load_address>
         <run_address>0x107ea</run_address>
         <size>0x28f</size>
         <input_file_ref idref="fl-e6"/>
      </object_component>
      <object_component id="oc-3b7">
         <name>.debug_info</name>
         <load_address>0x10a79</load_address>
         <run_address>0x10a79</run_address>
         <size>0x244</size>
         <input_file_ref idref="fl-e6"/>
      </object_component>
      <object_component id="oc-38c">
         <name>.debug_info</name>
         <load_address>0x10cbd</load_address>
         <run_address>0x10cbd</run_address>
         <size>0x17d</size>
         <input_file_ref idref="fl-e7"/>
      </object_component>
      <object_component id="oc-3fe">
         <name>.debug_info</name>
         <load_address>0x10e3a</load_address>
         <run_address>0x10e3a</run_address>
         <size>0xf3</size>
         <input_file_ref idref="fl-e8"/>
      </object_component>
      <object_component id="oc-3f8">
         <name>.debug_info</name>
         <load_address>0x10f2d</load_address>
         <run_address>0x10f2d</run_address>
         <size>0x156</size>
         <input_file_ref idref="fl-e9"/>
      </object_component>
      <object_component id="oc-27e">
         <name>.debug_info</name>
         <load_address>0x11083</load_address>
         <run_address>0x11083</run_address>
         <size>0x240</size>
         <input_file_ref idref="fl-ea"/>
      </object_component>
      <object_component id="oc-381">
         <name>.debug_info</name>
         <load_address>0x112c3</load_address>
         <run_address>0x112c3</run_address>
         <size>0x167</size>
         <input_file_ref idref="fl-ea"/>
      </object_component>
      <object_component id="oc-384">
         <name>.debug_info</name>
         <load_address>0x1142a</load_address>
         <run_address>0x1142a</run_address>
         <size>0x169</size>
         <input_file_ref idref="fl-ea"/>
      </object_component>
      <object_component id="oc-2e6">
         <name>.debug_info</name>
         <load_address>0x11593</load_address>
         <run_address>0x11593</run_address>
         <size>0x15b</size>
         <input_file_ref idref="fl-ea"/>
      </object_component>
      <object_component id="oc-1aa">
         <name>.debug_info</name>
         <load_address>0x116ee</load_address>
         <run_address>0x116ee</run_address>
         <size>0x2a3</size>
         <input_file_ref idref="fl-ea"/>
      </object_component>
      <object_component id="oc-2ea">
         <name>.debug_info</name>
         <load_address>0x11991</load_address>
         <run_address>0x11991</run_address>
         <size>0x2b3</size>
         <input_file_ref idref="fl-ea"/>
      </object_component>
      <object_component id="oc-18f">
         <name>.debug_info</name>
         <load_address>0x11c44</load_address>
         <run_address>0x11c44</run_address>
         <size>0x316</size>
         <input_file_ref idref="fl-ea"/>
      </object_component>
      <object_component id="oc-17a">
         <name>.debug_info</name>
         <load_address>0x11f5a</load_address>
         <run_address>0x11f5a</run_address>
         <size>0x27b</size>
         <input_file_ref idref="fl-ea"/>
      </object_component>
      <object_component id="oc-25f">
         <name>.debug_info</name>
         <load_address>0x121d5</load_address>
         <run_address>0x121d5</run_address>
         <size>0x279</size>
         <input_file_ref idref="fl-ea"/>
      </object_component>
      <object_component id="oc-289">
         <name>.debug_info</name>
         <load_address>0x1244e</load_address>
         <run_address>0x1244e</run_address>
         <size>0x27f</size>
         <input_file_ref idref="fl-ea"/>
      </object_component>
      <object_component id="oc-28f">
         <name>.debug_info</name>
         <load_address>0x126cd</load_address>
         <run_address>0x126cd</run_address>
         <size>0x279</size>
         <input_file_ref idref="fl-ea"/>
      </object_component>
      <object_component id="oc-1db">
         <name>.debug_info</name>
         <load_address>0x12946</load_address>
         <run_address>0x12946</run_address>
         <size>0x2b7</size>
         <input_file_ref idref="fl-ea"/>
      </object_component>
      <object_component id="oc-189">
         <name>.debug_info</name>
         <load_address>0x12bfd</load_address>
         <run_address>0x12bfd</run_address>
         <size>0x285</size>
         <input_file_ref idref="fl-ea"/>
      </object_component>
      <object_component id="oc-1b7">
         <name>.debug_info</name>
[...]
         <object_component_ref idref="oc-b6"/>
      </symbol>
      <symbol id="sm-332">
         <name>__TI_cleanup_ptr</name>
         <value>0x20001cd8</value>
         <object_component_ref idref="oc-b6"/>
      </symbol>
      <symbol id="sm-333">
         <name>__TI_enable_exit_profile_output</name>
         <value>0x20001ce0</value>
         <object_component_ref idref="oc-b6"/>
      </symbol>
      <symbol id="sm-33e">
         <name>__aeabi_dmul</name>
         <value>0x39fd</value>
         <object_component_ref idref="oc-1ec"/>
      </symbol>
      <symbol id="sm-348">
         <name>__aeabi_d2iz</name>
         <value>0x46a9</value>
         <object_component_ref idref="oc-1f1"/>
      </symbol>
      <symbol id="sm-353">
         <name>__aeabi_f2d</name>
         <value>0x47f5</value>
         <object_component_ref idref="oc-2be"/>
      </symbol>
      <symbol id="sm-35d">
         <name>__aeabi_i2d</name>
         <value>0x4895</value>
         <object_component_ref idref="oc-1e7"/>
      </symbol>
      <symbol id="sm-378">
         <name>memcpy</name>
         <value>0x3e65</value>
         <object_component_ref idref="oc-42"/>
      </symbol>
      <symbol id="sm-379">
         <name>__aeabi_memcpy</name>
         <value>0x3e65</value>
         <object_component_ref idref="oc-42"/>
      </symbol>
      <symbol id="sm-37a">
         <name>__aeabi_memcpy8</name>
         <value>0x3e65</value>
         <object_component_ref idref="oc-42"/>
      </symbol>
      <symbol id="sm-37b">
         <name>__aeabi_memcpy4</name>
         <value>0x3e65</value>
         <object_component_ref idref="oc-42"/>
      </symbol>
      <symbol id="sm-3f2">
         <name>_sys_memory</name>
         <value>0x20001888</value>
         <object_component_ref idref="oc-2b"/>
      </symbol>
      <symbol id="sm-3f3">
         <name>free</name>
         <value>0x2e6b</value>
         <object_component_ref idref="oc-2b8"/>
      </symbol>
      <symbol id="sm-3f4">
         <name>realloc</name>
         <value>0x2f2b</value>
         <object_component_ref idref="oc-2b8"/>
      </symbol>
      <symbol id="sm-3f5">
         <name>memalign</name>
         <value>0x3035</value>
         <object_component_ref idref="oc-2b8"/>
      </symbol>
      <symbol id="sm-3f6">
         <name>calloc</name>
         <value>0x3121</value>
         <object_component_ref idref="oc-2b8"/>
      </symbol>
      <symbol id="sm-3f7">
         <name>malloc</name>
         <value>0x2e01</value>
         <object_component_ref idref="oc-2b8"/>
      </symbol>
      <symbol id="sm-3f8">
         <name>minit</name>
         <value>0x2d81</value>
         <object_component_ref idref="oc-2b8"/>
      </symbol>
      <symbol id="sm-407">
         <name>__aeabi_memset</name>
         <value>0x4097</value>
         <object_component_ref idref="oc-4e"/>
      </symbol>
      <symbol id="sm-408">
         <name>memset</name>
         <value>0x409d</value>
         <object_component_ref idref="oc-4e"/>
      </symbol>
      <symbol id="sm-409">
         <name>__aeabi_memset8</name>
         <value>0x4097</value>
         <object_component_ref idref="oc-4e"/>
      </symbol>
      <symbol id="sm-40a">
         <name>__aeabi_memset4</name>
         <value>0x4097</value>
         <object_component_ref idref="oc-4e"/>
      </symbol>
      <symbol id="sm-40b">
         <name>__aeabi_memclr8</name>
         <value>0x4095</value>
         <object_component_ref idref="oc-4e"/>
      </symbol>
      <symbol id="sm-40c">
         <name>__aeabi_memclr4</name>
         <value>0x4095</value>
         <object_component_ref idref="oc-4e"/>
      </symbol>
      <symbol id="sm-40d">
         <name>__aeabi_memclr</name>
         <value>0x4095</value>
         <object_component_ref idref="oc-4e"/>
      </symbol>
      <symbol id="sm-417">
         <name>__mpu_init</name>
         <value>0x2d7f</value>
         <object_component_ref idref="oc-5a"/>
      </symbol>
      <symbol id="sm-421">
         <name>_system_pre_init</name>
         <value>0x4c05</value>
         <object_component_ref idref="oc-60"/>
      </symbol>
      <symbol id="sm-43a">
         <name>sprintf</name>
         <value>0x437d</value>
         <object_component_ref idref="oc-2c3"/>
      </symbol>
      <symbol id="sm-442">
         <name>main_func_sp</name>
         <value>0x20001d04</value>
         <object_component_ref idref="oc-78"/>
      </symbol>
      <symbol id="sm-451">
         <name>strcmp</name>
         <value>0x4a09</value>
         <object_component_ref idref="oc-1c2"/>
      </symbol>
      <symbol id="sm-45f">
         <name>strlen</name>
         <value>0x4a89</value>
         <object_component_ref idref="oc-2b2"/>
      </symbol>
      <symbol id="sm-46e">
         <name>__aeabi_uidivmod</name>
         <value>0x477d</value>
         <object_component_ref idref="oc-110"/>
      </symbol>
      <symbol id="sm-46f">
         <name>__aeabi_uidiv</name>
         <value>0x477d</value>
         <object_component_ref idref="oc-110"/>
      </symbol>
      <symbol id="sm-488">
         <name>_nop</name>
         <value>0x4a6f</value>
         <object_component_ref idref="oc-21c"/>
      </symbol>
      <symbol id="sm-489">
         <name>_lock</name>
         <value>0x20001cf0</value>
         <object_component_ref idref="oc-b9"/>
      </symbol>
      <symbol id="sm-48a">
         <name>_unlock</name>
         <value>0x20001cf4</value>
         <object_component_ref idref="oc-b9"/>
      </symbol>
      <symbol id="sm-48b">
         <name>_register_lock</name>
         <value>0x4a67</value>
         <object_component_ref idref="oc-21c"/>
      </symbol>
      <symbol id="sm-48c">
         <name>_register_unlock</name>
         <value>0x4a61</value>
         <object_component_ref idref="oc-21c"/>
      </symbol>
      <symbol id="sm-58d">
         <name>__TI_printfi</name>
         <value>0x201d</value>
         <object_component_ref idref="oc-331"/>
      </symbol>
      <symbol id="sm-5a1">
         <name>_args_main</name>
         <value>0x49f1</value>
         <object_component_ref idref="oc-6c"/>
      </symbol>
      <symbol id="sm-5b7">
         <name>atoi</name>
         <value>0x45c9</value>
         <object_component_ref idref="oc-3bc"/>
      </symbol>
      <symbol id="sm-5e1">
         <name>__TI_auto_init</name>
         <value>0x4111</value>
         <object_component_ref idref="oc-66"/>
      </symbol>
      <symbol id="sm-5fb">
         <name>copy_in</name>
         <value>0x4615</value>
         <object_component_ref idref="oc-a0"/>
      </symbol>
      <symbol id="sm-606">
         <name>_ctypes_</name>
         <value>0x4c08</value>
         <object_component_ref idref="oc-404"/>
      </symbol>
      <symbol id="sm-61d">
         <name>__aeabi_dsub</name>
         <value>0x3345</value>
         <object_component_ref idref="oc-3a5"/>
      </symbol>
      <symbol id="sm-61e">
         <name>__aeabi_dadd</name>
         <value>0x334f</value>
         <object_component_ref idref="oc-3a5"/>
      </symbol>
      <symbol id="sm-640">
         <name>__aeabi_cdcmpeq</name>
         <value>0x3f89</value>
         <object_component_ref idref="oc-390"/>
      </symbol>
      <symbol id="sm-641">
         <name>__aeabi_cdcmple</name>
         <value>0x3f89</value>
         <object_component_ref idref="oc-390"/>
      </symbol>
      <symbol id="sm-642">
         <name>__aeabi_cdrcmple</name>
         <value>0x400f</value>
         <object_component_ref idref="oc-39a"/>
      </symbol>
      <symbol id="sm-656">
         <name>__aeabi_ddiv</name>
         <value>0x3685</value>
         <object_component_ref idref="oc-395"/>
      </symbol>
      <symbol id="sm-660">
         <name>__aeabi_idiv0</name>
         <value>0x2917</value>
         <object_component_ref idref="oc-24c"/>
      </symbol>
      <symbol id="sm-66f">
         <name>ltoa</name>
         <value>0x44dd</value>
         <object_component_ref idref="oc-39f"/>
      </symbol>
      <symbol id="sm-67f">
         <name>memccpy</name>
         <value>0x4973</value>
         <object_component_ref idref="oc-3c2"/>
      </symbol>
      <symbol id="sm-69a">
         <name>frexpl</name>
         <value>0x42b9</value>
         <object_component_ref idref="oc-3aa"/>
      </symbol>
      <symbol id="sm-69b">
         <name>frexp</name>
         <value>0x42b9</value>
         <object_component_ref idref="oc-3aa"/>
      </symbol>
      <symbol id="sm-6b8">
         <name>scalbn</name>
         <value>0x3af9</value>
         <object_component_ref idref="oc-3b0"/>
      </symbol>
      <symbol id="sm-6b9">
         <name>scalbnl</name>
         <value>0x3af9</value>
         <object_component_ref idref="oc-3b0"/>
      </symbol>
      <symbol id="sm-6ba">
         <name>ldexpl</name>
         <value>0x3af9</value>
         <object_component_ref idref="oc-3b0"/>
      </symbol>
      <symbol id="sm-6bb">
         <name>ldexp</name>
         <value>0x3af9</value>
         <object_component_ref idref="oc-3b0"/>
      </symbol>
      <symbol id="sm-6c5">
         <name>_system_post_cinit</name>
         <value>0x34fb</value>
         <object_component_ref idref="oc-a6"/>
      </symbol>
      <symbol id="sm-6d5">
         <name>strchr</name>
         <value>0x4a21</value>
         <object_component_ref idref="oc-3b6"/>
      </symbol>
      <symbol id="sm-6f1">
         <name>__aeabi_uldivmod</name>
         <value>0x3151</value>
         <object_component_ref idref="oc-38b"/>
      </symbol>
      <symbol id="sm-6f9">
         <name>errno</name>
         <value>0x20001d00</value>
         <object_component_ref idref="oc-3fd"/>
      </symbol>
      <symbol id="sm-703">
         <name>copysign</name>
         <value>0x4a75</value>
         <object_component_ref idref="oc-3f7"/>
      </symbol>
      <symbol id="sm-704">
         <name>copysignl</name>
         <value>0x4a75</value>
         <object_component_ref idref="oc-3f7"/>
      </symbol>
      <symbol id="sm-7b5">
         <name>GPIOPinTypePWM</name>
         <value>0x4ad3</value>
         <object_component_ref idref="oc-25e"/>
      </symbol>
      <symbol id="sm-7b6">
         <name>GPIOIntRegister</name>
         <value>0x498f</value>
         <object_component_ref idref="oc-1c8"/>
      </symbol>
      <symbol id="sm-7b7">
         <name>GPIOPinConfigure</name>
         <value>0x4661</value>
         <object_component_ref idref="oc-173"/>
      </symbol>
      <symbol id="sm-7b8">
         <name>GPIOPinTypeI2CSCL</name>
         <value>0x4ac1</value>
         <object_component_ref idref="oc-288"/>
      </symbol>
      <symbol id="sm-7b9">
         <name>GPIOIntDisable</name>
         <value>0x4b2b</value>
         <object_component_ref idref="oc-137"/>
      </symbol>
      <symbol id="sm-7ba">
         <name>GPIOIntEnable</name>
         <value>0x4b55</value>
         <object_component_ref idref="oc-13d"/>
      </symbol>
      <symbol id="sm-7bb">
         <name>GPIOPinTypeI2C</name>
         <value>0x4aaf</value>
         <object_component_ref idref="oc-28e"/>
      </symbol>
      <symbol id="sm-7bc">
         <name>GPIOIntTypeSet</name>
         <value>0x43dd</value>
         <object_component_ref idref="oc-1ce"/>
      </symbol>
      <symbol id="sm-7bd">
         <name>GPIOPinTypeGPIOInput</name>
         <value>0x4a9d</value>
         <object_component_ref idref="oc-188"/>
      </symbol>
      <symbol id="sm-7be">
         <name>GPIOIntClear</name>
         <value>0x4bdb</value>
         <object_component_ref idref="oc-1b0"/>
      </symbol>
      <symbol id="sm-7bf">
         <name>GPIOPinTypeUART</name>
         <value>0x4ae5</value>
         <object_component_ref idref="oc-179"/>
      </symbol>
      <symbol id="sm-7c0">
         <name>GPIOPinTypeGPIOOutput</name>
         <value>0x49a7</value>
         <object_component_ref idref="oc-1da"/>
      </symbol>
      <symbol id="sm-7c1">
         <name>GPIOPinRead</name>
         <value>0x4be1</value>
         <object_component_ref idref="oc-1b6"/>
      </symbol>
      <symbol id="sm-7c2">
         <name>GPIODirModeSet</name>
         <value>0x48c3</value>
         <object_component_ref idref="oc-2e9"/>
      </symbol>
      <symbol id="sm-7c3">
         <name>GPIOPinWrite</name>
         <value>0x4be7</value>
         <object_component_ref idref="oc-1a9"/>
      </symbol>
      <symbol id="sm-7c4">
         <name>GPIOPadConfigSet</name>
         <value>0x37bb</value>
         <object_component_ref idref="oc-18e"/>
      </symbol>
      <symbol id="sm-7fd">
         <name>I2CMasterDataPut</name>
         <value>0x4bfd</value>
         <object_component_ref idref="oc-2a0"/>
      </symbol>
      <symbol id="sm-7fe">
         <name>I2CMasterInitExpClk</name>
         <value>0x4531</value>
         <object_component_ref idref="oc-294"/>
      </symbol>
      <symbol id="sm-7ff">
         <name>I2CMasterSlaveAddrSet</name>
         <value>0x4bcb</value>
         <object_component_ref idref="oc-29a"/>
      </symbol>
      <symbol id="sm-800">
         <name>I2CMasterControl</name>
         <value>0x4bf9</value>
         <object_component_ref idref="oc-2a6"/>
      </symbol>
      <symbol id="sm-801">
         <name>I2CMasterBusy</name>
         <value>0x4bc3</value>
         <object_component_ref idref="oc-2ac"/>
      </symbol>
      <symbol id="sm-802">
         <name>I2CMasterEnable</name>
         <value>0x4b91</value>
         <object_component_ref idref="oc-34c"/>
      </symbol>
      <symbol id="sm-85f">
         <name>IntPrioritySet</name>
         <value>0x48ed</value>
         <object_component_ref idref="oc-1d4"/>
      </symbol>
      <symbol id="sm-860">
         <name>IntEnable</name>
         <value>0x41e9</value>
         <object_component_ref idref="oc-167"/>
      </symbol>
      <symbol id="sm-861">
         <name>IntDisable</name>
         <value>0x4181</value>
         <object_component_ref idref="oc-194"/>
      </symbol>
      <symbol id="sm-862">
         <name>IntRegister</name>
         <value>0x482d</value>
         <object_component_ref idref="oc-2d7"/>
      </symbol>
      <symbol id="sm-863">
         <name>g_pfnRAMVectors</name>
         <value>0x20000000</value>
         <object_component_ref idref="oc-373"/>
      </symbol>
      <symbol id="sm-898">
         <name>PWMGenPeriodSet</name>
         <value>0x4b1b</value>
         <object_component_ref idref="oc-26a"/>
      </symbol>
      <symbol id="sm-899">
         <name>PWMGenDisable</name>
         <value>0x4b61</value>
         <object_component_ref idref="oc-14f"/>
      </symbol>
      <symbol id="sm-89a">
         <name>PWMPulseWidthSet</name>
         <value>0x4955</value>
         <object_component_ref idref="oc-204"/>
      </symbol>
      <symbol id="sm-89b">
         <name>PWMOutputState</name>
         <value>0x4af7</value>
         <object_component_ref idref="oc-276"/>
      </symbol>
      <symbol id="sm-89c">
         <name>PWMGenEnable</name>
         <value>0x4b6d</value>
         <object_component_ref idref="oc-270"/>
      </symbol>
      <symbol id="sm-89d">
         <name>PWMGenConfigure</name>
         <value>0x4911</value>
         <object_component_ref idref="oc-264"/>
      </symbol>
      <symbol id="sm-904">
         <name>SysCtlPeripheralPresent</name>
         <value>0x47bd</value>
         <object_component_ref idref="oc-e3"/>
      </symbol>
      <symbol id="sm-905">
         <name>SysCtlClockSet</name>
         <value>0x3bf5</value>
         <object_component_ref idref="oc-1fe"/>
      </symbol>
      <symbol id="sm-906">
         <name>SysCtlDelay</name>
         <value>0x4bed</value>
         <object_component_ref idref="oc-11b"/>
      </symbol>
      <symbol id="sm-907">
         <name>SysCtlPeripheralEnable</name>
         <value>0x4861</value>
         <object_component_ref idref="oc-e9"/>
      </symbol>
      <symbol id="sm-908">
         <name>SysCtlClockGet</name>
         <value>0x38ed</value>
         <object_component_ref idref="oc-115"/>
      </symbol>
      <symbol id="sm-909">
         <name>SysCtlPWMClockSet</name>
         <value>0x4a39</value>
         <object_component_ref idref="oc-1bc"/>
      </symbol>
      <symbol id="sm-97e">
         <name>TimerLoadSet</name>
         <value>0x4b09</value>
         <object_component_ref idref="oc-161"/>
      </symbol>
      <symbol id="sm-97f">
         <name>TimerDisable</name>
         <value>0x49c1</value>
         <object_component_ref idref="oc-19a"/>
      </symbol>
      <symbol id="sm-980">
         <name>TimerIntRegister</name>
         <value>0x49d9</value>
         <object_component_ref idref="oc-15b"/>
      </symbol>
      <symbol id="sm-981">
         <name>TimerEnable</name>
         <value>0x4b39</value>
         <object_component_ref idref="oc-16d"/>
      </symbol>
      <symbol id="sm-982">
         <name>TimerIntDisable</name>
         <value>0x4b9b</value>
         <object_component_ref idref="oc-125"/>
      </symbol>
      <symbol id="sm-983">
         <name>TimerValueGet</name>
         <value>0x4ba5</value>
         <object_component_ref idref="oc-1a3"/>
      </symbol>
      <symbol id="sm-984">
         <name>TimerIntEnable</name>
         <value>0x4bd3</value>
         <object_component_ref idref="oc-12b"/>
      </symbol>
      <symbol id="sm-985">
         <name>TimerConfigure</name>
         <value>0x431d</value>
         <object_component_ref idref="oc-155"/>
      </symbol>
      <symbol id="sm-986">
         <name>TimerIntClear</name>
         <value>0x4c01</value>
         <object_component_ref idref="oc-11f"/>
      </symbol>
      <symbol id="sm-9c1">
         <name>UARTConfigSetExpClk</name>
         <value>0x46f1</value>
         <object_component_ref idref="oc-ef"/>
      </symbol>
      <symbol id="sm-9c2">
         <name>UARTDisable</name>
         <value>0x4935</value>
         <object_component_ref idref="oc-237"/>
      </symbol>
      <symbol id="sm-9c3">
         <name>UARTClockSourceSet</name>
         <value>0x4bf3</value>
         <object_component_ref idref="oc-17f"/>
      </symbol>
      <symbol id="sm-9c4">
         <name>UARTCharPut</name>
         <value>0x4bb9</value>
         <object_component_ref idref="oc-fb"/>
      </symbol>
      <symbol id="sm-9c5">
         <name>UARTEnable</name>
         <value>0x4a4d</value>
         <object_component_ref idref="oc-f5"/>
      </symbol>
      <symbol id="sm-9c6">
         <name>UARTCharGet</name>
         <value>0x4baf</value>
         <object_component_ref idref="oc-101"/>
      </symbol>
      <symbol id="sm-9de">
         <name>uartPutString</name>
         <value>0x3d47</value>
         <object_component_ref idref="oc-143"/>
      </symbol>
      <symbol id="sm-9df">
         <name>uprintf</name>
         <value>0x3d73</value>
         <object_component_ref idref="oc-143"/>
      </symbol>
      <symbol id="sm-9e0">
         <name>uartInit</name>
         <value>0x3ce9</value>
         <object_component_ref idref="oc-143"/>
      </symbol>
      <symbol id="sm-9e1">
         <name>uartPutChar</name>
         <value>0x3d23</value>
         <object_component_ref idref="oc-143"/>
      </symbol>
      <symbol id="sm-9e2">
         <name>uartGetChar</name>
         <value>0x3d35</value>
         <object_component_ref idref="oc-143"/>
      </symbol>
      <symbol id="sm-9fe">
         <name>vsnprintf</name>
         <value>0x3f01</value>
         <object_component_ref idref="oc-280"/>
      </symbol>
      <symbol id="sm-9ff">
         <name>__TI_static_base__</name>
         <value>0x0</value>
      </symbol>
      <symbol id="sm-a02">
         <name>SHT$$INIT_ARRAY$$Limit</name>
         <value>0x0</value>
      </symbol>
      <symbol id="sm-a03">
         <name>SHT$$INIT_ARRAY$$Base</name>
         <value>0x0</value>
      </symbol>
   </symbol_table>
   <title>Link successful</title>
</link_info>
