******************************************************************************
                  TI ARM Linker Unix v16.9.6                   
******************************************************************************
>> Linked Sun Feb 25 22:38:32 2018

OUTPUT FILE NAME:   <ECE397.out>
ENTRY POINT SYMBOL: "_c_int00"  address: 000009e1


MEMORY CONFIGURATION

         name            origin    length      used     unused   attr    fill
----------------------  --------  ---------  --------  --------  ----  --------
  FLASH                 00000000   00040000  00000e0b  0003f1f5  R  X
  SRAM                  20000000   00008000  00000818  000077e8  RW X


SEGMENT ALLOCATION MAP

run origin  load origin   length   init length attrs members
----------  ----------- ---------- ----------- ----- -------
00000000    00000000    00000e0c   00000e0c    r-x
  00000000    00000000    0000026c   0000026c    r-- .intvecs
  0000026c    0000026c    00000a7c   00000a7c    r-x .text
  00000ce8    00000ce8    000000ff   000000ff    r-- .const
  00000de8    00000de8    00000024   00000024    r-- .cinit
20000000    20000000    00000818   00000000    rw-
  20000000    20000000    00000800   00000000    rw- .stack
  20000800    20000800    00000018   00000000    rw- .data


SECTION ALLOCATION MAP

 output                                  attributes/
section   page    origin      length       input sections
--------  ----  ----------  ----------   ----------------
.intvecs   0    00000000    0000026c     
                  00000000    0000026c     tm4c123gh6pm_startup_ccs.obj (.intvecs)

.text      0    0000026c    00000a7c     
                  0000026c    00000164     servo.obj (.text)
                  000003d0    00000164     transmitter.obj (.text)
                  00000534    00000132     driverlib.lib : gpio.obj (.text:GPIOPadConfigSet)
                  00000666    00000002     rtsv7M4_T_le_v4SPD16_eabi.lib : mpu_init.obj (.text)
                  00000668    00000110     driverlib.lib : sysctl.obj (.text:SysCtlClockGet)
                  00000778    000000f4                   : sysctl.obj (.text:SysCtlClockSet)
                  0000086c    0000009c     rtsv7M4_T_le_v4SPD16_eabi.lib : memcpy_t2.obj (.text)
                  00000908    00000070                                   : autoinit.obj (.text)
                  00000978    00000068                                   : copy_decompress_lzss.obj (.text:decompress:lzss)
                  000009e0    00000054                                   : boot.obj (.text)
                  00000a34    00000054                                   : exit.obj (.text)
                  00000a88    00000050     main.obj (.text)
                  00000ad8    0000004c     rtsv7M4_T_le_v4SPD16_eabi.lib : cpy_tbl.obj (.text)
                  00000b24    00000048     driverlib.lib : gpio.obj (.text:GPIOPinConfigure)
                  00000b6c    00000038     utilFunc.obj (.text)
                  00000ba4    00000034     driverlib.lib : sysctl.obj (.text:SysCtlPeripheralEnable)
                  00000bd8    0000002a                   : gpio.obj (.text:GPIODirModeSet)
                  00000c02    00000022                   : pwm.obj (.text:PWMGenConfigure)
                  00000c24    0000001e                   : pwm.obj (.text:PWMPulseWidthSet)
                  00000c42    00000002     rtsv7M4_T_le_v4SPD16_eabi.lib : startup.obj (.text)
                  00000c44    00000018                                   : args_main.obj (.text)
                  00000c5c    00000014     driverlib.lib : sysctl.obj (.text:SysCtlPWMClockSet)
                  00000c70    00000014     rtsv7M4_T_le_v4SPD16_eabi.lib : _lock.obj (.text)
                  00000c84    00000012     driverlib.lib : gpio.obj (.text:GPIOPinTypePWM)
                  00000c96    00000012                   : pwm.obj (.text:PWMOutputState)
                  00000ca8    00000010                   : pwm.obj (.text:PWMGenPeriodSet)
                  00000cb8    0000000e     rtsv7M4_T_le_v4SPD16_eabi.lib : copy_decompress_none.obj (.text:decompress:none)
                  00000cc6    0000000c     driverlib.lib : pwm.obj (.text:PWMGenEnable)
                  00000cd2    0000000c     tm4c123gh6pm_startup_ccs.obj (.text)
                  00000cde    00000006     driverlib.lib : sysctl.obj (.text:SysCtlDelay)
                  00000ce4    00000004     rtsv7M4_T_le_v4SPD16_eabi.lib : pre_init.obj (.text)

.const     0    00000ce8    000000ff     
                  00000ce8    00000090     driverlib.lib : gpio.obj (.const:g_pui32GPIOBaseAddrs)
                  00000d78    0000006c                   : sysctl.obj (.const:g_pui32Xtals)
                  00000de4    00000003     main.obj (.const:.string:$P$T0$1)

.cinit     0    00000de8    00000024     
                  00000de8    00000011     (.cinit..data.load) [load image, compression = lzss]
                  00000df9    00000003     --HOLE-- [fill = 0]
                  00000dfc    00000008     (__TI_handler_table)
                  00000e04    00000008     (__TI_cinit_table)

.init_array 
*          0    00000000    00000000     UNINITIALIZED

.data      0    20000800    00000018     UNINITIALIZED
                  20000800    0000000c     rtsv7M4_T_le_v4SPD16_eabi.lib : exit.obj (.data:$O1$$)
                  2000080c    00000008                                   : _lock.obj (.data:$O1$$)
                  20000814    00000004                                   : stkdepth_vars.obj (.data)

.stack     0    20000000    00000800     UNINITIALIZED
                  20000000    00000800     --HOLE--

MODULE SUMMARY

       Module                         code   ro data   rw data
       ------                         ----   -------   -------
    ./
       tm4c123gh6pm_startup_ccs.obj   12     620       0      
    +--+------------------------------+------+---------+---------+
       Total:                         12     620       0      
                                                              
    ./Servo/
       servo.obj                      356    0         0      
       utilFunc.obj                   56     0         0      
    +--+------------------------------+------+---------+---------+
       Total:                         412    0         0      
                                                              
    ./Transmitter/
       transmitter.obj                356    0         0      
       main.obj                       80     3         0      
    +--+------------------------------+------+---------+---------+
       Total:                         436    3         0      
                                                              
    /home/chel/ti/TivaWare_C_Series-2.1.4.178/driverlib/ccs/Debug/driverlib.lib
       sysctl.obj                     594    108       0      
       gpio.obj                       438    144       0      
       pwm.obj                        110    0         0      
    +--+------------------------------+------+---------+---------+
       Total:                         1142   252       0      
                                                              
    /home/chel/ti/ccsv7/tools/compiler/ti-cgt-arm_16.9.6.LTS/lib/rtsv7M4_T_le_v4SPD16_eabi.lib
       memcpy_t2.obj                  156    0         0      
       autoinit.obj                   112    0         0      
       copy_decompress_lzss.obj       104    0         0      
       exit.obj                       84     0         12     
       boot.obj                       84     0         0      
       cpy_tbl.obj                    76     0         0      
       _lock.obj                      20     0         8      
       args_main.obj                  24     0         0      
       copy_decompress_none.obj       14     0         0      
       pre_init.obj                   4      0         0      
       stkdepth_vars.obj              0      0         4      
       mpu_init.obj                   2      0         0      
       startup.obj                    2      0         0      
    +--+------------------------------+------+---------+---------+
       Total:                         682    0         24     
                                                              
       Stack:                         0      0         2048   
       Linker Generated:              0      33        0      
    +--+------------------------------+------+---------+---------+
       Grand Total:                   2684   908       2072   


LINKER GENERATED COPY TABLES

__TI_cinit_table @ 00000e04 records: 1, size/record: 8, table size: 8
	.data: load addr=00000de8, load size=00000011 bytes, run addr=20000800, run size=00000018 bytes, compression=lzss


LINKER GENERATED HANDLER TABLE

__TI_handler_table @ 00000dfc records: 2, size/record: 4, table size: 8
	index: 0, handler: __TI_decompress_lzss
	index: 1, handler: __TI_decompress_none


GLOBAL SYMBOLS: SORTED ALPHABETICALLY BY Name 

address   name                           
-------   ----                           
00000a35  C$$EXIT                        
00000bd9  GPIODirModeSet                 
00000535  GPIOPadConfigSet               
00000b25  GPIOPinConfigure               
00000c85  GPIOPinTypePWM                 
00000c03  PWMGenConfigure                
00000cc7  PWMGenEnable                   
00000ca9  PWMGenPeriodSet                
00000c97  PWMOutputState                 
00000c25  PWMPulseWidthSet               
00000cd3  ResetISR                       
UNDEFED   SHT$$INIT_ARRAY$$Base          
UNDEFED   SHT$$INIT_ARRAY$$Limit         
00000669  SysCtlClockGet                 
00000779  SysCtlClockSet                 
00000cdf  SysCtlDelay                    
00000c5d  SysCtlPWMClockSet              
00000ba5  SysCtlPeripheralEnable         
20000800  __STACK_END                    
00000800  __STACK_SIZE                   
20000200  __STACK_TOP                    
00000e04  __TI_CINIT_Base                
00000e0c  __TI_CINIT_Limit               
00000dfc  __TI_Handler_Table_Base        
00000e04  __TI_Handler_Table_Limit       
00000909  __TI_auto_init                 
20000800  __TI_cleanup_ptr               
00000979  __TI_decompress_lzss           
00000cb9  __TI_decompress_none           
20000804  __TI_dtors_ptr                 
20000808  __TI_enable_exit_profile_output
ffffffff  __TI_pprof_out_hndl            
ffffffff  __TI_prof_data_size            
ffffffff  __TI_prof_data_start           
00000000  __TI_static_base__             
0000086d  __aeabi_memcpy                 
0000086d  __aeabi_memcpy4                
0000086d  __aeabi_memcpy8                
ffffffff  __binit__                      
ffffffff  __c_args__                     
00000667  __mpu_init                     
20000000  __stack                        
00000c45  _args_main                     
000009e1  _c_int00                       
2000080c  _lock                          
00000c7f  _nop                           
00000c77  _register_lock                 
00000c71  _register_unlock               
00000c43  _system_post_cinit             
00000ce5  _system_pre_init               
20000810  _unlock                        
00000a39  abort                          
ffffffff  binit                          
00000ad9  copy_in                        
00000b6d  delay_ms                       
00000b87  delay_us                       
00000a41  exit                           
00000000  g_pfnVectors                   
00000289  initServo                      
0000040d  initTransmitter                
00000a89  main                           
20000814  main_func_sp                   
0000086d  memcpy                         
000002db  rotateServo                    
0000026d  s_delay_ms                     
000004bd  sendBinary                     
0000045f  sendBit                        
000003ed  setPeriod                      
000003fd  setPulseWidth                  
000003d1  t_delay_ms                     


GLOBAL SYMBOLS: SORTED BY Symbol Address 

address   name                           
-------   ----                           
00000000  __TI_static_base__             
00000000  g_pfnVectors                   
0000026d  s_delay_ms                     
00000289  initServo                      
000002db  rotateServo                    
000003d1  t_delay_ms                     
000003ed  setPeriod                      
000003fd  setPulseWidth                  
0000040d  initTransmitter                
0000045f  sendBit                        
000004bd  sendBinary                     
00000535  GPIOPadConfigSet               
00000667  __mpu_init                     
00000669  SysCtlClockGet                 
00000779  SysCtlClockSet                 
00000800  __STACK_SIZE                   
0000086d  __aeabi_memcpy                 
0000086d  __aeabi_memcpy4                
0000086d  __aeabi_memcpy8                
0000086d  memcpy                         
00000909  __TI_auto_init                 
00000979  __TI_decompress_lzss           
000009e1  _c_int00                       
00000a35  C$$EXIT                        
00000a39  abort                          
00000a41  exit                           
00000a89  main                           
00000ad9  copy_in                        
00000b25  GPIOPinConfigure               
00000b6d  delay_ms                       
00000b87  delay_us                       
00000ba5  SysCtlPeripheralEnable         
00000bd9  GPIODirModeSet                 
00000c03  PWMGenConfigure                
00000c25  PWMPulseWidthSet               
00000c43  _system_post_cinit             
00000c45  _args_main                     
00000c5d  SysCtlPWMClockSet              
00000c71  _register_unlock               
00000c77  _register_lock                 
00000c7f  _nop                           
00000c85  GPIOPinTypePWM                 
00000c97  PWMOutputState                 
00000ca9  PWMGenPeriodSet                
00000cb9  __TI_decompress_none           
00000cc7  PWMGenEnable                   
00000cd3  ResetISR                       
00000cdf  SysCtlDelay                    
00000ce5  _system_pre_init               
00000dfc  __TI_Handler_Table_Base        
00000e04  __TI_CINIT_Base                
00000e04  __TI_Handler_Table_Limit       
00000e0c  __TI_CINIT_Limit               
20000000  __stack                        
20000200  __STACK_TOP                    
20000800  __STACK_END                    
20000800  __TI_cleanup_ptr               
20000804  __TI_dtors_ptr                 
20000808  __TI_enable_exit_profile_output
2000080c  _lock                          
20000810  _unlock                        
20000814  main_func_sp                   
ffffffff  __TI_pprof_out_hndl            
ffffffff  __TI_prof_data_size            
ffffffff  __TI_prof_data_start           
ffffffff  __binit__                      
ffffffff  __c_args__                     
ffffffff  binit                          
UNDEFED   SHT$$INIT_ARRAY$$Base          
UNDEFED   SHT$$INIT_ARRAY$$Limit         

[70 symbols]
